2026-09-30 17:27:18 INFO  [main] traceId= spanId= c.e.p.PaymentServiceApplicationTests : Starting PaymentServiceApplicationTests using Java 25.0.2 with PID 60597 (started by canzova in /Users/canzova/IdeaProjects/MicroDevops/payment-service)
2026-09-30 17:27:18 DEBUG [main] traceId= spanId= c.e.p.PaymentServiceApplicationTests : Running with Spring Boot v4.0.6, Spring v7.0.7
2026-09-30 17:27:18 INFO  [main] traceId= spanId= c.e.p.PaymentServiceApplicationTests : The following 1 profile is active: "dev"
2026-09-30 17:27:18 INFO  [main] traceId= spanId= o.s.c.c.c.ConfigServerConfigDataLoader : Fetching config from server at : http://localhost:8079
2026-09-30 17:27:18 INFO  [main] traceId= spanId= o.s.c.c.c.ConfigServerConfigDataLoader : Located environment: name=payment-service, profiles=[default], label=null, version=7eda3c6c09912231c188e8c2fed9f3df69535855, state=
2026-09-30 17:27:18 INFO  [main] traceId= spanId= o.s.c.c.c.ConfigServerConfigDataLoader : Fetching config from server at : http://localhost:8079
2026-09-30 17:27:18 INFO  [main] traceId= spanId= o.s.c.c.c.ConfigServerConfigDataLoader : Located environment: name=payment-service, profiles=[dev], label=null, version=7eda3c6c09912231c188e8c2fed9f3df69535855, state=
2026-09-30 17:27:18 INFO  [main] traceId= spanId= o.s.d.r.c.RepositoryConfigurationDelegate : Bootstrapping Spring Data JPA repositories in DEFAULT mode.
2026-09-30 17:27:18 INFO  [main] traceId= spanId= o.s.d.r.c.RepositoryConfigurationDelegate : Finished Spring Data repository scanning in 60 ms. Found 1 JPA repository interface.
2026-09-30 17:27:18 INFO  [main] traceId= spanId= o.s.i.c.DefaultConfiguringBeanFactoryPostProcessor : No bean named 'errorChannel' has been explicitly defined. Therefore, a default PublishSubscribeChannel will be created.
2026-09-30 17:27:18 INFO  [main] traceId= spanId= o.s.i.c.DefaultConfiguringBeanFactoryPostProcessor : No bean named 'integrationHeaderChannelRegistry' has been explicitly defined. Therefore, a default DefaultHeaderChannelRegistry will be created.
2026-09-30 17:27:18 INFO  [main] traceId= spanId= o.s.cloud.context.scope.GenericScope : BeanFactory id=746581de-994a-3efd-a249-48a4a69db023
2026-09-30 17:27:19 INFO  [main] traceId= spanId= org.hibernate.orm.jpa : HHH008540: Processing PersistenceUnitInfo [name: default]
2026-09-30 17:27:19 INFO  [main] traceId= spanId= org.hibernate.orm.core : HHH000001: Hibernate ORM core version 7.2.12.Final
2026-09-30 17:27:19 INFO  [main] traceId= spanId= o.s.o.j.p.SpringPersistenceUnitInfo : No LoadTimeWeaver setup: ignoring JPA class transformer
2026-09-30 17:27:19 INFO  [main] traceId= spanId= com.zaxxer.hikari.HikariDataSource : HikariPool-1 - Starting...
2026-09-30 17:27:19 INFO  [main] traceId= spanId= com.zaxxer.hikari.pool.HikariPool : HikariPool-1 - Added connection com.mysql.cj.jdbc.ConnectionImpl@3f7a7ce6
2026-09-30 17:27:19 INFO  [main] traceId= spanId= com.zaxxer.hikari.HikariDataSource : HikariPool-1 - Start completed.
2026-09-30 17:27:19 WARN  [main] traceId= spanId= org.hibernate.orm.deprecation : HHH90000025: MySQLDialect does not need to be specified explicitly using 'hibernate.dialect' (remove the property setting and it will be selected by default)
2026-09-30 17:27:19 INFO  [main] traceId= spanId= o.hibernate.orm.connections.pooling : HHH10001005: Database info:
	Database JDBC URL [jdbc:mysql://localhost:3306/payment_db]
	Database driver: MySQL Connector/J
	Database dialect: MySQLDialect
	Database version: 8.4.9
	Default catalog/schema: payment_db/undefined
	Autocommit mode: undefined/unknown
	Isolation level: REPEATABLE_READ [default REPEATABLE_READ]
	JDBC fetch size: none
	Pool: DataSourceConnectionProvider
	Minimum pool size: undefined/unknown
	Maximum pool size: undefined/unknown
2026-09-30 17:27:19 INFO  [main] traceId= spanId= org.hibernate.orm.core : HHH000489: No JTA platform available (set 'hibernate.transaction.jta.platform' to enable JTA platform integration)
2026-09-30 17:27:20 INFO  [main] traceId= spanId= o.s.o.j.LocalContainerEntityManagerFactoryBean : Initialized JPA EntityManagerFactory for persistence unit 'default'
2026-09-30 17:27:20 INFO  [main] traceId= spanId= o.s.d.j.r.q.QueryEnhancerFactories : Hibernate is in classpath; If applicable, HQL parser will be used.
2026-09-30 17:27:20 WARN  [main] traceId= spanId= o.s.b.j.a.JpaBaseConfiguration$JpaWebConfiguration : spring.jpa.open-in-view is enabled by default. Therefore, database queries may be performed during view rendering. Explicitly configure spring.jpa.open-in-view to disable this warning
2026-09-30 17:27:20 INFO  [main] traceId= spanId= o.s.c.n.e.c.DiscoveryClientOptionalArgsConfiguration : Eureka HTTP Client uses RestClient.
2026-09-30 17:27:20 WARN  [main] traceId= spanId= o.s.c.l.c.LoadBalancerCacheAutoConfiguration$LoadBalancerCaffeineWarnLogger : Spring Cloud LoadBalancer is currently working with the default cache. While this cache implementation is useful for development and tests, it's recommended to use Caffeine cache in production.You can switch to using Caffeine cache, by adding it and org.springframework.cache.caffeine.CaffeineCacheManager to the classpath.
2026-09-30 17:27:20 INFO  [main] traceId= spanId= o.s.c.s.m.DirectWithAttributesChannel : Channel 'payment-service.springCloudBusInput' has 1 subscriber(s).
2026-09-30 17:27:20 INFO  [main] traceId= spanId= o.s.i.endpoint.EventDrivenConsumer : Adding {logging-channel-adapter:_org.springframework.integration.errorLogger} as a subscriber to the 'errorChannel' channel
2026-09-30 17:27:20 INFO  [main] traceId= spanId= o.s.i.c.PublishSubscribeChannel : Channel 'payment-service.errorChannel' has 1 subscriber(s).
2026-09-30 17:27:20 INFO  [main] traceId= spanId= o.s.i.endpoint.EventDrivenConsumer : started bean '_org.springframework.integration.errorLogger'
2026-09-30 17:27:20 INFO  [main] traceId= spanId= o.s.c.n.eureka.InstanceInfoFactory : Setting initial instance status as: STARTING
2026-09-30 17:27:20 INFO  [main] traceId= spanId= c.netflix.discovery.DiscoveryClient : Initializing Eureka in region us-east-1
2026-09-30 17:27:20 INFO  [main] traceId= spanId= c.n.d.s.r.aws.ConfigClusterResolver : Resolving eureka endpoints via configuration
2026-09-30 17:27:20 INFO  [main] traceId= spanId= c.netflix.discovery.DiscoveryClient : Disable delta property : false
2026-09-30 17:27:20 INFO  [main] traceId= spanId= c.netflix.discovery.DiscoveryClient : Single vip registry refresh property : null
2026-09-30 17:27:20 INFO  [main] traceId= spanId= c.netflix.discovery.DiscoveryClient : Force full registry fetch : false
2026-09-30 17:27:20 INFO  [main] traceId= spanId= c.netflix.discovery.DiscoveryClient : Application is null : false
2026-09-30 17:27:20 INFO  [main] traceId= spanId= c.netflix.discovery.DiscoveryClient : Registered Applications size is zero : true
2026-09-30 17:27:20 INFO  [main] traceId= spanId= c.netflix.discovery.DiscoveryClient : Application version is -1: true
2026-09-30 17:27:20 INFO  [main] traceId= spanId= c.netflix.discovery.DiscoveryClient : Getting all instance registry info from the eureka server
2026-09-30 17:27:20 INFO  [main] traceId= spanId= c.netflix.discovery.DiscoveryClient : The response status is 200
2026-09-30 17:27:20 INFO  [main] traceId= spanId= c.netflix.discovery.DiscoveryClient : Starting heartbeat executor: renew interval is: 30
2026-09-30 17:27:20 INFO  [main] traceId= spanId= c.n.discovery.InstanceInfoReplicator : InstanceInfoReplicator onDemand update allowed rate per min is 4
2026-09-30 17:27:20 INFO  [main] traceId= spanId= c.netflix.discovery.DiscoveryClient : Discovery Client initialized at timestamp 1790769440907 with initial instances count: 7
2026-09-30 17:27:20 INFO  [main] traceId= spanId= o.s.c.n.e.s.EurekaServiceRegistry : Registering application PAYMENT-SERVICE with eureka with status UP
2026-09-30 17:27:20 INFO  [main] traceId= spanId= c.netflix.discovery.DiscoveryClient : Saw local status change event StatusChangeEvent [timestamp=1790769440909, current=UP, previous=STARTING]
2026-09-30 17:27:20 INFO  [DiscoveryClient-InstanceInfoReplicator-%d] traceId= spanId= c.netflix.discovery.DiscoveryClient : DiscoveryClient_PAYMENT-SERVICE/10.19.63.112:payment-service:8085: registering service...
2026-09-30 17:27:20 INFO  [main] traceId= spanId= o.s.c.s.binder.DefaultBinderFactory : Creating binder: rabbit
2026-09-30 17:27:20 INFO  [main] traceId= spanId= o.s.c.s.binder.DefaultBinderFactory : Constructing binder child context for rabbit
2026-09-30 17:27:20 INFO  [DiscoveryClient-InstanceInfoReplicator-%d] traceId= spanId= c.netflix.discovery.DiscoveryClient : DiscoveryClient_PAYMENT-SERVICE/10.19.63.112:payment-service:8085 - registration status: 204
2026-09-30 17:27:20 INFO  [main] traceId= spanId= o.s.c.s.binder.DefaultBinderFactory : Caching the binder: rabbit
2026-09-30 17:27:20 INFO  [main] traceId= spanId= o.s.c.s.b.r.p.RabbitExchangeQueueProvisioner : declaring queue for inbound: springCloudBus.anonymous.tIw2e_X6TsKrfroMbFdjBw, bound to: springCloudBus
2026-09-30 17:27:20 INFO  [main] traceId= spanId= o.s.a.r.c.CachingConnectionFactory : Attempting to connect to: [localhost:5672]
2026-09-30 17:27:20 INFO  [main] traceId= spanId= o.s.a.r.c.CachingConnectionFactory : Created new connection: rabbitConnectionFactory#6162d87c:0/SimpleConnection@11105fbe [delegate=amqp://user@127.0.0.1:5672/, localPort=60075]
2026-09-30 17:27:21 INFO  [main] traceId= spanId= o.s.c.s.binder.BinderErrorChannel : Channel 'rabbit-1476952827.springCloudBusInput.errors' has 1 subscriber(s).
2026-09-30 17:27:21 INFO  [main] traceId= spanId= o.s.c.s.binder.BinderErrorChannel : Channel 'rabbit-1476952827.springCloudBusInput.errors' has 2 subscriber(s).
2026-09-30 17:27:21 INFO  [main] traceId= spanId= o.s.i.a.i.AmqpInboundChannelAdapter : started bean 'inbound.springCloudBus.anonymous.tIw2e_X6TsKrfroMbFdjBw'
2026-09-30 17:27:21 INFO  [main] traceId= spanId= o.a.k.common.config.AbstractConfig : ConsumerConfig values: 
	allow.auto.create.topics = true
	auto.commit.interval.ms = 5000
	auto.offset.reset = latest
	bootstrap.servers = [localhost:9092]
	check.crcs = true
	client.dns.lookup = use_all_dns_ips
	client.id = consumer-payment-group-1
	client.rack = 
	connections.max.idle.ms = 540000
	default.api.timeout.ms = 60000
	enable.auto.commit = false
	enable.metrics.push = true
	exclude.internal.topics = true
	fetch.max.bytes = 52428800
	fetch.max.wait.ms = 500
	fetch.min.bytes = 1
	group.id = payment-group
	group.instance.id = null
	group.protocol = classic
	group.remote.assignor = null
	heartbeat.interval.ms = 3000
	interceptor.classes = []
	internal.leave.group.on.close = true
	internal.throw.on.fetch.stable.offset.unsupported = false
	isolation.level = read_uncommitted
	key.deserializer = class org.apache.kafka.common.serialization.StringDeserializer
	max.partition.fetch.bytes = 1048576
	max.poll.interval.ms = 300000
	max.poll.records = 500
	metadata.max.age.ms = 300000
	metadata.recovery.rebootstrap.trigger.ms = 300000
	metadata.recovery.strategy = rebootstrap
	metric.reporters = [org.apache.kafka.common.metrics.JmxReporter]
	metrics.num.samples = 2
	metrics.recording.level = INFO
	metrics.sample.window.ms = 30000
	partition.assignment.strategy = [class org.apache.kafka.clients.consumer.RangeAssignor, class org.apache.kafka.clients.consumer.CooperativeStickyAssignor]
	receive.buffer.bytes = 65536
	reconnect.backoff.max.ms = 1000
	reconnect.backoff.ms = 50
	request.timeout.ms = 30000
	retry.backoff.max.ms = 1000
	retry.backoff.ms = 100
	sasl.client.callback.handler.class = null
	sasl.jaas.config = null
	sasl.kerberos.kinit.cmd = /usr/bin/kinit
	sasl.kerberos.min.time.before.relogin = 60000
	sasl.kerberos.service.name = null
	sasl.kerberos.ticket.renew.jitter = 0.05
	sasl.kerberos.ticket.renew.window.factor = 0.8
	sasl.login.callback.handler.class = null
	sasl.login.class = null
	sasl.login.connect.timeout.ms = null
	sasl.login.read.timeout.ms = null
	sasl.login.refresh.buffer.seconds = 300
	sasl.login.refresh.min.period.seconds = 60
	sasl.login.refresh.window.factor = 0.8
	sasl.login.refresh.window.jitter = 0.05
	sasl.login.retry.backoff.max.ms = 10000
	sasl.login.retry.backoff.ms = 100
	sasl.mechanism = GSSAPI
	sasl.oauthbearer.assertion.algorithm = RS256
	sasl.oauthbearer.assertion.claim.aud = null
	sasl.oauthbearer.assertion.claim.exp.seconds = 300
	sasl.oauthbearer.assertion.claim.iss = null
	sasl.oauthbearer.assertion.claim.jti.include = false
	sasl.oauthbearer.assertion.claim.nbf.seconds = 60
	sasl.oauthbearer.assertion.claim.sub = null
	sasl.oauthbearer.assertion.file = null
	sasl.oauthbearer.assertion.private.key.file = null
	sasl.oauthbearer.assertion.private.key.passphrase = null
	sasl.oauthbearer.assertion.template.file = null
	sasl.oauthbearer.client.credentials.client.id = null
	sasl.oauthbearer.client.credentials.client.secret = null
	sasl.oauthbearer.clock.skew.seconds = 30
	sasl.oauthbearer.expected.audience = null
	sasl.oauthbearer.expected.issuer = null
	sasl.oauthbearer.header.urlencode = false
	sasl.oauthbearer.jwks.endpoint.refresh.ms = 3600000
	sasl.oauthbearer.jwks.endpoint.retry.backoff.max.ms = 10000
	sasl.oauthbearer.jwks.endpoint.retry.backoff.ms = 100
	sasl.oauthbearer.jwks.endpoint.url = null
	sasl.oauthbearer.jwt.retriever.class = class org.apache.kafka.common.security.oauthbearer.DefaultJwtRetriever
	sasl.oauthbearer.jwt.validator.class = class org.apache.kafka.common.security.oauthbearer.DefaultJwtValidator
	sasl.oauthbearer.scope = null
	sasl.oauthbearer.scope.claim.name = scope
	sasl.oauthbearer.sub.claim.name = sub
	sasl.oauthbearer.token.endpoint.url = null
	security.protocol = PLAINTEXT
	security.providers = null
	send.buffer.bytes = 131072
	session.timeout.ms = 45000
	share.acknowledgement.mode = implicit
	socket.connection.setup.timeout.max.ms = 30000
	socket.connection.setup.timeout.ms = 10000
	ssl.cipher.suites = null
	ssl.enabled.protocols = [TLSv1.2, TLSv1.3]
	ssl.endpoint.identification.algorithm = https
	ssl.engine.factory.class = null
	ssl.key.password = null
	ssl.keymanager.algorithm = SunX509
	ssl.keystore.certificate.chain = null
	ssl.keystore.key = null
	ssl.keystore.location = null
	ssl.keystore.password = null
	ssl.keystore.type = JKS
	ssl.protocol = TLSv1.3
	ssl.provider = null
	ssl.secure.random.implementation = null
	ssl.trustmanager.algorithm = PKIX
	ssl.truststore.certificates = null
	ssl.truststore.location = null
	ssl.truststore.password = null
	ssl.truststore.type = JKS
	value.deserializer = class org.springframework.kafka.support.serializer.JsonDeserializer

2026-09-30 17:27:21 INFO  [main] traceId= spanId= o.a.k.c.t.i.KafkaMetricsCollector : initializing Kafka metrics collector
2026-09-30 17:27:21 INFO  [main] traceId= spanId= o.a.kafka.common.utils.AppInfoParser : Kafka version: 4.1.2
2026-09-30 17:27:21 INFO  [main] traceId= spanId= o.a.kafka.common.utils.AppInfoParser : Kafka commitId: c82fd9b934b4c1e6
2026-09-30 17:27:21 INFO  [main] traceId= spanId= o.a.kafka.common.utils.AppInfoParser : Kafka startTimeMs: 1790769441140
2026-09-30 17:27:21 INFO  [main] traceId= spanId= o.a.k.c.c.i.ClassicKafkaConsumer : [Consumer clientId=consumer-payment-group-1, groupId=payment-group] Subscribed to topic(s): ORDER_EVENT
2026-09-30 17:27:21 INFO  [main] traceId= spanId= c.e.p.PaymentServiceApplicationTests : Started PaymentServiceApplicationTests in 9.481 seconds (process running for 10.038)
2026-09-30 17:27:21 INFO  [org.springframework.kafka.KafkaListenerEndpointContainer#0-0-C-1] traceId= spanId= org.apache.kafka.clients.Metadata : [Consumer clientId=consumer-payment-group-1, groupId=payment-group] Cluster ID: 5L6g3nShT-eMCtK--X86sw
2026-09-30 17:27:21 INFO  [org.springframework.kafka.KafkaListenerEndpointContainer#0-0-C-1] traceId= spanId= o.a.k.c.c.i.ConsumerCoordinator : [Consumer clientId=consumer-payment-group-1, groupId=payment-group] Discovered group coordinator localhost:9092 (id: 2147483646 rack: null isFenced: false)
2026-09-30 17:27:21 INFO  [org.springframework.kafka.KafkaListenerEndpointContainer#0-0-C-1] traceId= spanId= o.a.k.c.c.i.ConsumerCoordinator : [Consumer clientId=consumer-payment-group-1, groupId=payment-group] (Re-)joining group
2026-09-30 17:27:21 INFO  [org.springframework.kafka.KafkaListenerEndpointContainer#0-0-C-1] traceId= spanId= o.a.k.c.c.i.ConsumerCoordinator : [Consumer clientId=consumer-payment-group-1, groupId=payment-group] Request joining group due to: need to re-join with the given member-id: consumer-payment-group-1-56901138-4347-4744-901c-625e70f1fcd2
2026-09-30 17:27:21 INFO  [org.springframework.kafka.KafkaListenerEndpointContainer#0-0-C-1] traceId= spanId= o.a.k.c.c.i.ConsumerCoordinator : [Consumer clientId=consumer-payment-group-1, groupId=payment-group] (Re-)joining group
2026-09-30 17:27:21 INFO  [SpringApplicationShutdownHook] traceId= spanId= o.s.c.n.e.s.EurekaServiceRegistry : Unregistering application PAYMENT-SERVICE with eureka with status DOWN
2026-09-30 17:27:21 INFO  [SpringApplicationShutdownHook] traceId= spanId= c.netflix.discovery.DiscoveryClient : Saw local status change event StatusChangeEvent [timestamp=1790769441448, current=DOWN, previous=UP]
2026-09-30 17:27:21 INFO  [DiscoveryClient-InstanceInfoReplicator-%d] traceId= spanId= c.netflix.discovery.DiscoveryClient : DiscoveryClient_PAYMENT-SERVICE/10.19.63.112:payment-service:8085: registering service...
2026-09-30 17:27:21 INFO  [DiscoveryClient-InstanceInfoReplicator-%d] traceId= spanId= c.netflix.discovery.DiscoveryClient : DiscoveryClient_PAYMENT-SERVICE/10.19.63.112:payment-service:8085 - registration status: 204
2026-09-30 17:27:21 INFO  [org.springframework.kafka.KafkaListenerEndpointContainer#0-0-C-1] traceId= spanId= o.a.k.c.c.i.ConsumerCoordinator : [Consumer clientId=consumer-payment-group-1, groupId=payment-group] Member consumer-payment-group-1-56901138-4347-4744-901c-625e70f1fcd2 sending LeaveGroup request to coordinator localhost:9092 (id: 2147483646 rack: null isFenced: false) due to the consumer unsubscribed from all topics
2026-09-30 17:27:21 INFO  [org.springframework.kafka.KafkaListenerEndpointContainer#0-0-C-1] traceId= spanId= o.a.k.c.c.i.ConsumerCoordinator : [Consumer clientId=consumer-payment-group-1, groupId=payment-group] Resetting generation and member id due to: consumer pro-actively leaving the group
2026-09-30 17:27:21 INFO  [org.springframework.kafka.KafkaListenerEndpointContainer#0-0-C-1] traceId= spanId= o.a.k.c.c.i.ConsumerCoordinator : [Consumer clientId=consumer-payment-group-1, groupId=payment-group] Request joining group due to: consumer pro-actively leaving the group
2026-09-30 17:27:21 INFO  [org.springframework.kafka.KafkaListenerEndpointContainer#0-0-C-1] traceId= spanId= o.a.k.c.c.i.ClassicKafkaConsumer : [Consumer clientId=consumer-payment-group-1, groupId=payment-group] Unsubscribed all topics or patterns and assigned partitions
2026-09-30 17:27:21 INFO  [org.springframework.kafka.KafkaListenerEndpointContainer#0-0-C-1] traceId= spanId= o.a.k.c.c.i.ConsumerCoordinator : [Consumer clientId=consumer-payment-group-1, groupId=payment-group] Resetting generation and member id due to: consumer pro-actively leaving the group
2026-09-30 17:27:21 INFO  [org.springframework.kafka.KafkaListenerEndpointContainer#0-0-C-1] traceId= spanId= o.a.k.c.c.i.ConsumerCoordinator : [Consumer clientId=consumer-payment-group-1, groupId=payment-group] Request joining group due to: consumer pro-actively leaving the group
2026-09-30 17:27:22 INFO  [org.springframework.kafka.KafkaListenerEndpointContainer#0-0-C-1] traceId= spanId= o.a.kafka.common.metrics.Metrics : Metrics scheduler closed
2026-09-30 17:27:22 INFO  [org.springframework.kafka.KafkaListenerEndpointContainer#0-0-C-1] traceId= spanId= o.a.kafka.common.metrics.Metrics : Closing reporter org.apache.kafka.common.metrics.JmxReporter
2026-09-30 17:27:22 INFO  [org.springframework.kafka.KafkaListenerEndpointContainer#0-0-C-1] traceId= spanId= o.a.kafka.common.metrics.Metrics : Closing reporter org.apache.kafka.common.telemetry.internals.ClientTelemetryReporter
2026-09-30 17:27:22 INFO  [org.springframework.kafka.KafkaListenerEndpointContainer#0-0-C-1] traceId= spanId= o.a.kafka.common.metrics.Metrics : Metrics reporters closed
2026-09-30 17:27:22 INFO  [org.springframework.kafka.KafkaListenerEndpointContainer#0-0-C-1] traceId= spanId= o.a.kafka.common.utils.AppInfoParser : App info kafka.consumer for consumer-payment-group-1 unregistered
2026-09-30 17:27:22 INFO  [org.springframework.kafka.KafkaListenerEndpointContainer#0-0-C-1] traceId= spanId= o.s.k.l.KafkaMessageListenerContainer : payment-group: Consumer stopped
2026-09-30 17:27:22 INFO  [SpringApplicationShutdownHook] traceId= spanId= o.s.a.r.l.SimpleMessageListenerContainer : Waiting for workers to finish.
2026-09-30 17:27:23 INFO  [SpringApplicationShutdownHook] traceId= spanId= o.s.a.r.l.SimpleMessageListenerContainer : Successfully waited for workers to finish.
2026-09-30 17:27:23 INFO  [SpringApplicationShutdownHook] traceId= spanId= o.s.i.a.i.AmqpInboundChannelAdapter : stopped bean 'inbound.springCloudBus.anonymous.tIw2e_X6TsKrfroMbFdjBw'
2026-09-30 17:27:23 INFO  [SpringApplicationShutdownHook] traceId= spanId= o.s.c.s.binder.BinderErrorChannel : Channel 'payment-service.rabbit-1476952827.springCloudBusInput.errors' has 1 subscriber(s).
2026-09-30 17:27:23 INFO  [SpringApplicationShutdownHook] traceId= spanId= o.s.c.s.binder.BinderErrorChannel : Channel 'payment-service.rabbit-1476952827.springCloudBusInput.errors' has 0 subscriber(s).
2026-09-30 17:27:23 INFO  [SpringApplicationShutdownHook] traceId= spanId= o.s.i.endpoint.EventDrivenConsumer : Removing {logging-channel-adapter:_org.springframework.integration.errorLogger} as a subscriber to the 'errorChannel' channel
2026-09-30 17:27:23 INFO  [SpringApplicationShutdownHook] traceId= spanId= o.s.i.c.PublishSubscribeChannel : Channel 'payment-service.errorChannel' has 0 subscriber(s).
2026-09-30 17:27:23 INFO  [SpringApplicationShutdownHook] traceId= spanId= o.s.i.endpoint.EventDrivenConsumer : stopped bean '_org.springframework.integration.errorLogger'
2026-09-30 17:27:23 INFO  [SpringApplicationShutdownHook] traceId= spanId= o.s.o.j.LocalContainerEntityManagerFactoryBean : Closing JPA EntityManagerFactory for persistence unit 'default'
2026-09-30 17:27:23 INFO  [SpringApplicationShutdownHook] traceId= spanId= com.zaxxer.hikari.HikariDataSource : HikariPool-1 - Shutdown initiated...
2026-09-30 17:27:23 INFO  [SpringApplicationShutdownHook] traceId= spanId= com.zaxxer.hikari.HikariDataSource : HikariPool-1 - Shutdown completed.
2026-09-30 17:27:23 INFO  [SpringApplicationShutdownHook] traceId= spanId= c.netflix.discovery.DiscoveryClient : Shutting down DiscoveryClient ...
2026-09-30 17:27:26 INFO  [SpringApplicationShutdownHook] traceId= spanId= c.netflix.discovery.DiscoveryClient : Unregistering ...
2026-09-30 17:27:26 INFO  [SpringApplicationShutdownHook] traceId= spanId= c.netflix.discovery.DiscoveryClient : DiscoveryClient_PAYMENT-SERVICE/10.19.63.112:payment-service:8085 - deregister  status: 200
2026-09-30 17:27:26 INFO  [SpringApplicationShutdownHook] traceId= spanId= c.netflix.discovery.DiscoveryClient : Completed shut down of DiscoveryClient
