2026-09-30 16:41:33 INFO  [main] traceId= spanId= c.e.a.ApiGatewayApplication : Starting ApiGatewayApplication using Java 25.0.2 with PID 53096 (/Users/canzova/IdeaProjects/MicroDevops/api-gateway/target/classes started by canzova in /Users/canzova/IdeaProjects/MicroDevops)
2026-09-30 16:41:33 DEBUG [main] traceId= spanId= c.e.a.ApiGatewayApplication : Running with Spring Boot v4.0.6, Spring v7.0.7
2026-09-30 16:41:33 INFO  [main] traceId= spanId= c.e.a.ApiGatewayApplication : No active profile set, falling back to 1 default profile: "default"
2026-09-30 16:41:33 INFO  [main] traceId= spanId= o.s.c.c.c.ConfigServerConfigDataLoader : Fetching config from server at : http://localhost:8079
2026-09-30 16:41:33 INFO  [main] traceId= spanId= o.s.c.c.c.ConfigServerConfigDataLoader : Located environment: name=api-gateway, profiles=[default], label=null, version=81c6b54ba943cc23f3785a62bdfb85381b2433f3, state=
2026-09-30 16:41:34 INFO  [main] traceId= spanId= o.s.d.r.c.RepositoryConfigurationDelegate : Multiple Spring Data modules found, entering strict repository configuration mode
2026-09-30 16:41:34 INFO  [main] traceId= spanId= o.s.d.r.c.RepositoryConfigurationDelegate : Bootstrapping Spring Data Redis repositories in DEFAULT mode.
2026-09-30 16:41:34 INFO  [main] traceId= spanId= o.s.d.r.c.RepositoryConfigurationDelegate : Finished Spring Data repository scanning in 6 ms. Found 0 Redis repository interfaces.
2026-09-30 16:41:34 INFO  [main] traceId= spanId= o.s.cloud.context.scope.GenericScope : BeanFactory id=870a4234-5127-323d-9162-2b31d0fc505e
2026-09-30 16:41:34 INFO  [main] traceId= spanId= c.e.a.filter.AuthenticationFilter : Started apply method inside AuthenticationFilter
2026-09-30 16:41:34 ERROR [main] traceId= spanId= i.n.r.d.DnsServerAddressStreamProviders : Unable to load io.netty.resolver.dns.macos.MacOSDnsServerAddressStreamProvider, fallback to system defaults. This may result in incorrect DNS resolutions on MacOS. Check whether you have a dependency on 'io.netty:netty-resolver-dns-native-macos'. Use DEBUG level to see the full stack: java.lang.UnsatisfiedLinkError: failed to load the required native library
2026-09-30 16:41:34 INFO  [main] traceId= spanId= c.e.a.filter.AuthenticationFilter : Started apply method inside AuthenticationFilter
2026-09-30 16:41:34 INFO  [main] traceId= spanId= c.e.a.filter.AuthenticationFilter : Started apply method inside AuthenticationFilter
2026-09-30 16:41:34 INFO  [main] traceId= spanId= c.e.a.filter.AuthenticationFilter : Started apply method inside AuthenticationFilter
2026-09-30 16:41:35 INFO  [main] traceId= spanId= o.s.c.g.r.RouteDefinitionRouteLocator : Loaded RoutePredicateFactory [After]
2026-09-30 16:41:35 INFO  [main] traceId= spanId= o.s.c.g.r.RouteDefinitionRouteLocator : Loaded RoutePredicateFactory [Before]
2026-09-30 16:41:35 INFO  [main] traceId= spanId= o.s.c.g.r.RouteDefinitionRouteLocator : Loaded RoutePredicateFactory [Between]
2026-09-30 16:41:35 INFO  [main] traceId= spanId= o.s.c.g.r.RouteDefinitionRouteLocator : Loaded RoutePredicateFactory [Cookie]
2026-09-30 16:41:35 INFO  [main] traceId= spanId= o.s.c.g.r.RouteDefinitionRouteLocator : Loaded RoutePredicateFactory [Header]
2026-09-30 16:41:35 INFO  [main] traceId= spanId= o.s.c.g.r.RouteDefinitionRouteLocator : Loaded RoutePredicateFactory [Host]
2026-09-30 16:41:35 INFO  [main] traceId= spanId= o.s.c.g.r.RouteDefinitionRouteLocator : Loaded RoutePredicateFactory [Method]
2026-09-30 16:41:35 INFO  [main] traceId= spanId= o.s.c.g.r.RouteDefinitionRouteLocator : Loaded RoutePredicateFactory [Path]
2026-09-30 16:41:35 INFO  [main] traceId= spanId= o.s.c.g.r.RouteDefinitionRouteLocator : Loaded RoutePredicateFactory [Query]
2026-09-30 16:41:35 INFO  [main] traceId= spanId= o.s.c.g.r.RouteDefinitionRouteLocator : Loaded RoutePredicateFactory [ReadBody]
2026-09-30 16:41:35 INFO  [main] traceId= spanId= o.s.c.g.r.RouteDefinitionRouteLocator : Loaded RoutePredicateFactory [RemoteAddr]
2026-09-30 16:41:35 INFO  [main] traceId= spanId= o.s.c.g.r.RouteDefinitionRouteLocator : Loaded RoutePredicateFactory [Version]
2026-09-30 16:41:35 INFO  [main] traceId= spanId= o.s.c.g.r.RouteDefinitionRouteLocator : Loaded RoutePredicateFactory [XForwardedRemoteAddr]
2026-09-30 16:41:35 INFO  [main] traceId= spanId= o.s.c.g.r.RouteDefinitionRouteLocator : Loaded RoutePredicateFactory [Weight]
2026-09-30 16:41:35 INFO  [main] traceId= spanId= o.s.c.g.r.RouteDefinitionRouteLocator : Loaded RoutePredicateFactory [CloudFoundryRouteService]
2026-09-30 16:41:35 INFO  [main] traceId= spanId= o.s.b.a.e.web.EndpointLinksResolver : Exposing 33 endpoints beneath base path '/actuator'
2026-09-30 16:41:35 INFO  [main] traceId= spanId= o.s.c.n.e.c.DiscoveryClientOptionalArgsConfiguration : Eureka HTTP Client uses RestClient.
2026-09-30 16:41:35 WARN  [main] traceId= spanId= o.s.c.l.c.LoadBalancerCacheAutoConfiguration$LoadBalancerCaffeineWarnLogger : Spring Cloud LoadBalancer is currently working with the default cache. While this cache implementation is useful for development and tests, it's recommended to use Caffeine cache in production.You can switch to using Caffeine cache, by adding it and org.springframework.cache.caffeine.CaffeineCacheManager to the classpath.
2026-09-30 16:41:35 INFO  [main] traceId= spanId= o.s.c.n.eureka.InstanceInfoFactory : Setting initial instance status as: STARTING
2026-09-30 16:41:35 INFO  [main] traceId= spanId= c.netflix.discovery.DiscoveryClient : Initializing Eureka in region us-east-1
2026-09-30 16:41:35 INFO  [main] traceId= spanId= c.n.d.s.r.aws.ConfigClusterResolver : Resolving eureka endpoints via configuration
2026-09-30 16:41:35 INFO  [main] traceId= spanId= c.netflix.discovery.DiscoveryClient : Disable delta property : false
2026-09-30 16:41:35 INFO  [main] traceId= spanId= c.netflix.discovery.DiscoveryClient : Single vip registry refresh property : null
2026-09-30 16:41:35 INFO  [main] traceId= spanId= c.netflix.discovery.DiscoveryClient : Force full registry fetch : false
2026-09-30 16:41:35 INFO  [main] traceId= spanId= c.netflix.discovery.DiscoveryClient : Application is null : false
2026-09-30 16:41:35 INFO  [main] traceId= spanId= c.netflix.discovery.DiscoveryClient : Registered Applications size is zero : true
2026-09-30 16:41:35 INFO  [main] traceId= spanId= c.netflix.discovery.DiscoveryClient : Application version is -1: true
2026-09-30 16:41:35 INFO  [main] traceId= spanId= c.netflix.discovery.DiscoveryClient : Getting all instance registry info from the eureka server
2026-09-30 16:41:35 INFO  [main] traceId= spanId= c.netflix.discovery.DiscoveryClient : The response status is 200
2026-09-30 16:41:35 INFO  [main] traceId= spanId= c.netflix.discovery.DiscoveryClient : Starting heartbeat executor: renew interval is: 30
2026-09-30 16:41:35 INFO  [main] traceId= spanId= c.n.discovery.InstanceInfoReplicator : InstanceInfoReplicator onDemand update allowed rate per min is 4
2026-09-30 16:41:35 INFO  [main] traceId= spanId= c.netflix.discovery.DiscoveryClient : Discovery Client initialized at timestamp 1790766695680 with initial instances count: 1
2026-09-30 16:41:35 INFO  [main] traceId= spanId= o.s.c.n.e.s.EurekaServiceRegistry : Registering application API-GATEWAY with eureka with status UP
2026-09-30 16:41:35 INFO  [main] traceId= spanId= c.netflix.discovery.DiscoveryClient : Saw local status change event StatusChangeEvent [timestamp=1790766695681, current=UP, previous=STARTING]
2026-09-30 16:41:35 INFO  [DiscoveryClient-InstanceInfoReplicator-%d] traceId= spanId= c.netflix.discovery.DiscoveryClient : DiscoveryClient_API-GATEWAY/10.19.63.112:api-gateway:8080: registering service...
2026-09-30 16:41:35 INFO  [DiscoveryClient-InstanceInfoReplicator-%d] traceId= spanId= c.netflix.discovery.DiscoveryClient : DiscoveryClient_API-GATEWAY/10.19.63.112:api-gateway:8080 - registration status: 204
2026-09-30 16:41:35 INFO  [main] traceId= spanId= o.s.b.reactor.netty.NettyWebServer : Netty started on port 8080 (http)
2026-09-30 16:41:35 INFO  [main] traceId= spanId= o.s.c.n.e.s.EurekaAutoServiceRegistration : Updating port to 8080
2026-09-30 16:41:35 INFO  [main] traceId= spanId= c.e.a.ApiGatewayApplication : Started ApiGatewayApplication in 9.738 seconds (process running for 11.035)
2026-09-30 16:42:35 INFO  [DiscoveryClient-HeartbeatExecutor-%d] traceId= spanId= c.netflix.discovery.DiscoveryClient : DiscoveryClient_API-GATEWAY/10.19.63.112:api-gateway:8080 - Re-registering apps/API-GATEWAY
2026-09-30 16:42:35 INFO  [DiscoveryClient-HeartbeatExecutor-%d] traceId= spanId= c.netflix.discovery.DiscoveryClient : DiscoveryClient_API-GATEWAY/10.19.63.112:api-gateway:8080: registering service...
2026-09-30 16:42:35 INFO  [DiscoveryClient-HeartbeatExecutor-%d] traceId= spanId= c.netflix.discovery.DiscoveryClient : DiscoveryClient_API-GATEWAY/10.19.63.112:api-gateway:8080 - registration status: 204
2026-09-30 16:42:44 INFO  [SpringApplicationShutdownHook] traceId= spanId= o.s.c.n.e.s.EurekaServiceRegistry : Unregistering application API-GATEWAY with eureka with status DOWN
2026-09-30 16:42:44 INFO  [SpringApplicationShutdownHook] traceId= spanId= c.netflix.discovery.DiscoveryClient : Saw local status change event StatusChangeEvent [timestamp=1790766764653, current=DOWN, previous=UP]
2026-09-30 16:42:44 INFO  [DiscoveryClient-InstanceInfoReplicator-%d] traceId= spanId= c.netflix.discovery.DiscoveryClient : DiscoveryClient_API-GATEWAY/10.19.63.112:api-gateway:8080: registering service...
2026-09-30 16:42:44 INFO  [DiscoveryClient-InstanceInfoReplicator-%d] traceId= spanId= c.netflix.discovery.DiscoveryClient : DiscoveryClient_API-GATEWAY/10.19.63.112:api-gateway:8080 - registration status: 204
2026-09-30 16:42:44 INFO  [SpringApplicationShutdownHook] traceId= spanId= o.s.b.reactor.netty.GracefulShutdown : Commencing graceful shutdown. Waiting for active requests to complete
2026-09-30 16:42:44 INFO  [netty-shutdown] traceId= spanId= o.s.b.reactor.netty.GracefulShutdown : Graceful shutdown complete
2026-09-30 16:42:46 INFO  [SpringApplicationShutdownHook] traceId= spanId= c.netflix.discovery.DiscoveryClient : Shutting down DiscoveryClient ...
2026-09-30 16:42:49 INFO  [SpringApplicationShutdownHook] traceId= spanId= c.netflix.discovery.DiscoveryClient : Unregistering ...
2026-09-30 16:42:49 INFO  [SpringApplicationShutdownHook] traceId= spanId= c.netflix.discovery.DiscoveryClient : DiscoveryClient_API-GATEWAY/10.19.63.112:api-gateway:8080 - deregister  status: 200
2026-09-30 16:42:49 INFO  [SpringApplicationShutdownHook] traceId= spanId= c.netflix.discovery.DiscoveryClient : Completed shut down of DiscoveryClient
2026-09-30 16:42:57 INFO  [main] traceId= spanId= c.e.a.ApiGatewayApplication : Starting ApiGatewayApplication using Java 25.0.2 with PID 53343 (/Users/canzova/IdeaProjects/MicroDevops/api-gateway/target/classes started by canzova in /Users/canzova/IdeaProjects/MicroDevops)
2026-09-30 16:42:57 DEBUG [main] traceId= spanId= c.e.a.ApiGatewayApplication : Running with Spring Boot v4.0.6, Spring v7.0.7
2026-09-30 16:42:57 INFO  [main] traceId= spanId= c.e.a.ApiGatewayApplication : No active profile set, falling back to 1 default profile: "default"
2026-09-30 16:42:57 INFO  [main] traceId= spanId= o.s.c.c.c.ConfigServerConfigDataLoader : Fetching config from server at : http://localhost:8079
2026-09-30 16:42:57 INFO  [main] traceId= spanId= o.s.c.c.c.ConfigServerConfigDataLoader : Located environment: name=api-gateway, profiles=[default], label=null, version=81c6b54ba943cc23f3785a62bdfb85381b2433f3, state=
2026-09-30 16:42:57 INFO  [main] traceId= spanId= o.s.d.r.c.RepositoryConfigurationDelegate : Multiple Spring Data modules found, entering strict repository configuration mode
2026-09-30 16:42:57 INFO  [main] traceId= spanId= o.s.d.r.c.RepositoryConfigurationDelegate : Bootstrapping Spring Data Redis repositories in DEFAULT mode.
2026-09-30 16:42:57 INFO  [main] traceId= spanId= o.s.d.r.c.RepositoryConfigurationDelegate : Finished Spring Data repository scanning in 5 ms. Found 0 Redis repository interfaces.
2026-09-30 16:42:57 INFO  [main] traceId= spanId= o.s.cloud.context.scope.GenericScope : BeanFactory id=870a4234-5127-323d-9162-2b31d0fc505e
2026-09-30 16:42:58 INFO  [main] traceId= spanId= c.e.a.filter.AuthenticationFilter : Started apply method inside AuthenticationFilter
2026-09-30 16:42:58 ERROR [main] traceId= spanId= i.n.r.d.DnsServerAddressStreamProviders : Unable to load io.netty.resolver.dns.macos.MacOSDnsServerAddressStreamProvider, fallback to system defaults. This may result in incorrect DNS resolutions on MacOS. Check whether you have a dependency on 'io.netty:netty-resolver-dns-native-macos'. Use DEBUG level to see the full stack: java.lang.UnsatisfiedLinkError: failed to load the required native library
2026-09-30 16:42:58 INFO  [main] traceId= spanId= c.e.a.filter.AuthenticationFilter : Started apply method inside AuthenticationFilter
2026-09-30 16:42:58 INFO  [main] traceId= spanId= c.e.a.filter.AuthenticationFilter : Started apply method inside AuthenticationFilter
2026-09-30 16:42:58 INFO  [main] traceId= spanId= c.e.a.filter.AuthenticationFilter : Started apply method inside AuthenticationFilter
2026-09-30 16:42:58 INFO  [main] traceId= spanId= o.s.c.g.r.RouteDefinitionRouteLocator : Loaded RoutePredicateFactory [After]
2026-09-30 16:42:58 INFO  [main] traceId= spanId= o.s.c.g.r.RouteDefinitionRouteLocator : Loaded RoutePredicateFactory [Before]
2026-09-30 16:42:58 INFO  [main] traceId= spanId= o.s.c.g.r.RouteDefinitionRouteLocator : Loaded RoutePredicateFactory [Between]
2026-09-30 16:42:58 INFO  [main] traceId= spanId= o.s.c.g.r.RouteDefinitionRouteLocator : Loaded RoutePredicateFactory [Cookie]
2026-09-30 16:42:58 INFO  [main] traceId= spanId= o.s.c.g.r.RouteDefinitionRouteLocator : Loaded RoutePredicateFactory [Header]
2026-09-30 16:42:58 INFO  [main] traceId= spanId= o.s.c.g.r.RouteDefinitionRouteLocator : Loaded RoutePredicateFactory [Host]
2026-09-30 16:42:58 INFO  [main] traceId= spanId= o.s.c.g.r.RouteDefinitionRouteLocator : Loaded RoutePredicateFactory [Method]
2026-09-30 16:42:58 INFO  [main] traceId= spanId= o.s.c.g.r.RouteDefinitionRouteLocator : Loaded RoutePredicateFactory [Path]
2026-09-30 16:42:58 INFO  [main] traceId= spanId= o.s.c.g.r.RouteDefinitionRouteLocator : Loaded RoutePredicateFactory [Query]
2026-09-30 16:42:58 INFO  [main] traceId= spanId= o.s.c.g.r.RouteDefinitionRouteLocator : Loaded RoutePredicateFactory [ReadBody]
2026-09-30 16:42:58 INFO  [main] traceId= spanId= o.s.c.g.r.RouteDefinitionRouteLocator : Loaded RoutePredicateFactory [RemoteAddr]
2026-09-30 16:42:58 INFO  [main] traceId= spanId= o.s.c.g.r.RouteDefinitionRouteLocator : Loaded RoutePredicateFactory [Version]
2026-09-30 16:42:58 INFO  [main] traceId= spanId= o.s.c.g.r.RouteDefinitionRouteLocator : Loaded RoutePredicateFactory [XForwardedRemoteAddr]
2026-09-30 16:42:58 INFO  [main] traceId= spanId= o.s.c.g.r.RouteDefinitionRouteLocator : Loaded RoutePredicateFactory [Weight]
2026-09-30 16:42:58 INFO  [main] traceId= spanId= o.s.c.g.r.RouteDefinitionRouteLocator : Loaded RoutePredicateFactory [CloudFoundryRouteService]
2026-09-30 16:42:58 INFO  [main] traceId= spanId= o.s.b.a.e.web.EndpointLinksResolver : Exposing 33 endpoints beneath base path '/actuator'
2026-09-30 16:42:59 INFO  [main] traceId= spanId= o.s.c.n.e.c.DiscoveryClientOptionalArgsConfiguration : Eureka HTTP Client uses RestClient.
2026-09-30 16:42:59 WARN  [main] traceId= spanId= o.s.c.l.c.LoadBalancerCacheAutoConfiguration$LoadBalancerCaffeineWarnLogger : Spring Cloud LoadBalancer is currently working with the default cache. While this cache implementation is useful for development and tests, it's recommended to use Caffeine cache in production.You can switch to using Caffeine cache, by adding it and org.springframework.cache.caffeine.CaffeineCacheManager to the classpath.
2026-09-30 16:42:59 INFO  [main] traceId= spanId= o.s.c.n.eureka.InstanceInfoFactory : Setting initial instance status as: STARTING
2026-09-30 16:42:59 INFO  [main] traceId= spanId= c.netflix.discovery.DiscoveryClient : Initializing Eureka in region us-east-1
2026-09-30 16:42:59 INFO  [main] traceId= spanId= c.n.d.s.r.aws.ConfigClusterResolver : Resolving eureka endpoints via configuration
2026-09-30 16:42:59 INFO  [main] traceId= spanId= c.netflix.discovery.DiscoveryClient : Disable delta property : false
2026-09-30 16:42:59 INFO  [main] traceId= spanId= c.netflix.discovery.DiscoveryClient : Single vip registry refresh property : null
2026-09-30 16:42:59 INFO  [main] traceId= spanId= c.netflix.discovery.DiscoveryClient : Force full registry fetch : false
2026-09-30 16:42:59 INFO  [main] traceId= spanId= c.netflix.discovery.DiscoveryClient : Application is null : false
2026-09-30 16:42:59 INFO  [main] traceId= spanId= c.netflix.discovery.DiscoveryClient : Registered Applications size is zero : true
2026-09-30 16:42:59 INFO  [main] traceId= spanId= c.netflix.discovery.DiscoveryClient : Application version is -1: true
2026-09-30 16:42:59 INFO  [main] traceId= spanId= c.netflix.discovery.DiscoveryClient : Getting all instance registry info from the eureka server
2026-09-30 16:42:59 INFO  [main] traceId= spanId= c.netflix.discovery.DiscoveryClient : The response status is 200
2026-09-30 16:42:59 INFO  [main] traceId= spanId= c.netflix.discovery.DiscoveryClient : Starting heartbeat executor: renew interval is: 30
2026-09-30 16:42:59 INFO  [main] traceId= spanId= c.n.discovery.InstanceInfoReplicator : InstanceInfoReplicator onDemand update allowed rate per min is 4
2026-09-30 16:42:59 INFO  [main] traceId= spanId= c.netflix.discovery.DiscoveryClient : Discovery Client initialized at timestamp 1790766779246 with initial instances count: 0
2026-09-30 16:42:59 INFO  [main] traceId= spanId= o.s.c.n.e.s.EurekaServiceRegistry : Registering application API-GATEWAY with eureka with status UP
2026-09-30 16:42:59 INFO  [main] traceId= spanId= c.netflix.discovery.DiscoveryClient : Saw local status change event StatusChangeEvent [timestamp=1790766779248, current=UP, previous=STARTING]
2026-09-30 16:42:59 INFO  [DiscoveryClient-InstanceInfoReplicator-%d] traceId= spanId= c.netflix.discovery.DiscoveryClient : DiscoveryClient_API-GATEWAY/10.19.63.112:api-gateway:8080: registering service...
2026-09-30 16:42:59 INFO  [DiscoveryClient-InstanceInfoReplicator-%d] traceId= spanId= c.netflix.discovery.DiscoveryClient : DiscoveryClient_API-GATEWAY/10.19.63.112:api-gateway:8080 - registration status: 204
2026-09-30 16:42:59 INFO  [main] traceId= spanId= o.s.b.reactor.netty.NettyWebServer : Netty started on port 8080 (http)
2026-09-30 16:42:59 INFO  [main] traceId= spanId= o.s.c.n.e.s.EurekaAutoServiceRegistration : Updating port to 8080
2026-09-30 16:42:59 INFO  [main] traceId= spanId= c.e.a.ApiGatewayApplication : Started ApiGatewayApplication in 7.721 seconds (process running for 9.071)
2026-09-30 16:43:29 INFO  [DiscoveryClient-CacheRefreshExecutor-%d] traceId= spanId= c.netflix.discovery.DiscoveryClient : Disable delta property : false
2026-09-30 16:43:29 INFO  [DiscoveryClient-CacheRefreshExecutor-%d] traceId= spanId= c.netflix.discovery.DiscoveryClient : Single vip registry refresh property : null
2026-09-30 16:43:29 INFO  [DiscoveryClient-CacheRefreshExecutor-%d] traceId= spanId= c.netflix.discovery.DiscoveryClient : Force full registry fetch : false
2026-09-30 16:43:29 INFO  [DiscoveryClient-CacheRefreshExecutor-%d] traceId= spanId= c.netflix.discovery.DiscoveryClient : Application is null : false
2026-09-30 16:43:29 INFO  [DiscoveryClient-CacheRefreshExecutor-%d] traceId= spanId= c.netflix.discovery.DiscoveryClient : Registered Applications size is zero : true
2026-09-30 16:43:29 INFO  [DiscoveryClient-CacheRefreshExecutor-%d] traceId= spanId= c.netflix.discovery.DiscoveryClient : Application version is -1: false
2026-09-30 16:43:29 INFO  [DiscoveryClient-CacheRefreshExecutor-%d] traceId= spanId= c.netflix.discovery.DiscoveryClient : Getting all instance registry info from the eureka server
2026-09-30 16:43:29 INFO  [DiscoveryClient-CacheRefreshExecutor-%d] traceId= spanId= c.netflix.discovery.DiscoveryClient : The response status is 200
2026-09-30 16:47:59 INFO  [AsyncResolver-bootstrap-executor-%d] traceId= spanId= c.n.d.s.r.aws.ConfigClusterResolver : Resolving eureka endpoints via configuration
2026-09-30 16:52:59 INFO  [AsyncResolver-bootstrap-executor-%d] traceId= spanId= c.n.d.s.r.aws.ConfigClusterResolver : Resolving eureka endpoints via configuration
2026-09-30 16:57:59 INFO  [AsyncResolver-bootstrap-executor-%d] traceId= spanId= c.n.d.s.r.aws.ConfigClusterResolver : Resolving eureka endpoints via configuration
2026-09-30 17:02:59 INFO  [AsyncResolver-bootstrap-executor-%d] traceId= spanId= c.n.d.s.r.aws.ConfigClusterResolver : Resolving eureka endpoints via configuration
2026-09-30 17:04:47 INFO  [reactor-http-nio-6] traceId=2371efb8b67d8ad3d2d2a45ae65cbd26 spanId=6ba5b646580ebd57 c.e.a.filter.AuthenticationFilter : Authentication Filter Request Path: /product-category-service/category
2026-09-30 17:04:47 INFO  [reactor-http-nio-6] traceId=2371efb8b67d8ad3d2d2a45ae65cbd26 spanId=6ba5b646580ebd57 c.e.a.filter.AuthenticationFilter : Authentication Filter Method: GET
2026-09-30 17:04:47 INFO  [reactor-http-nio-6] traceId=2371efb8b67d8ad3d2d2a45ae65cbd26 spanId=6ba5b646580ebd57 c.e.a.filter.AuthenticationFilter : This was a public endpoint, added user-id as : 0:0:0:0:0:0:0:1
2026-09-30 17:04:47 WARN  [lettuce-nioEventLoop-5-1] traceId=2371efb8b67d8ad3d2d2a45ae65cbd26 spanId=6ba5b646580ebd57 i.m.p.PrometheusMeterRegistry : The meter (MeterId{name='http.client.requests.active', tags=[tag(application=api-gateway),tag(http.method=GET),tag(http.status_code=UNKNOWN),tag(spring.cloud.gateway.route.id=Product-Category-service),tag(spring.cloud.gateway.route.uri=lb://PRODUCT-CATEGORY-SERVICE)]}) registration has failed: Prometheus requires that all meters with the same name have the same set of tag keys. There is already an existing meter named 'http_client_requests_active_seconds' containing tag keys [application, client_name, exception, method, outcome, status, uri]. The meter you are attempting to register has keys [application, http_method, http_status_code, spring_cloud_gateway_route_id, spring_cloud_gateway_route_uri]. Note that subsequent logs will be logged at debug level.
2026-09-30 17:07:23 INFO  [reactor-http-nio-2] traceId=f9880b0af4e0a612730a05b31612b3d5 spanId=c1bedc3a91b9650c c.e.a.filter.AuthenticationFilter : Authentication Filter Request Path: /user-service/api/users/
2026-09-30 17:07:23 INFO  [reactor-http-nio-2] traceId=f9880b0af4e0a612730a05b31612b3d5 spanId=c1bedc3a91b9650c c.e.a.filter.AuthenticationFilter : Authentication Filter Method: GET
2026-09-30 17:07:23 INFO  [reactor-http-nio-2] traceId=f9880b0af4e0a612730a05b31612b3d5 spanId=c1bedc3a91b9650c c.e.a.filter.AuthenticationFilter : Error Occured : Missing or Invalid Authentication Header
2026-09-30 17:07:25 INFO  [reactor-http-nio-2] traceId=75913fb6a01b2df4892df6ea2f494698 spanId=d0cb2bfc186acff2 c.e.a.filter.AuthenticationFilter : Authentication Filter Request Path: /user-service/api/users/
2026-09-30 17:07:25 INFO  [reactor-http-nio-2] traceId=75913fb6a01b2df4892df6ea2f494698 spanId=d0cb2bfc186acff2 c.e.a.filter.AuthenticationFilter : Authentication Filter Method: GET
2026-09-30 17:07:25 INFO  [reactor-http-nio-2] traceId=75913fb6a01b2df4892df6ea2f494698 spanId=d0cb2bfc186acff2 c.e.a.filter.AuthenticationFilter : Error Occured : Missing or Invalid Authentication Header
2026-09-30 17:07:34 INFO  [reactor-http-nio-2] traceId=238c172424cd0e49614eb1daaaeb2e83 spanId=5abef5f66d33b4d5 c.e.a.filter.AuthenticationFilter : Authentication Filter Request Path: /user-service/api/users/a6a81954-c6c5-4e31-8c67-caa7e65e0d13
2026-09-30 17:07:34 INFO  [reactor-http-nio-2] traceId=238c172424cd0e49614eb1daaaeb2e83 spanId=5abef5f66d33b4d5 c.e.a.filter.AuthenticationFilter : Authentication Filter Method: GET
2026-09-30 17:07:34 ERROR [reactor-http-nio-2] traceId=238c172424cd0e49614eb1daaaeb2e83 spanId=5abef5f66d33b4d5 c.e.a.filter.AuthenticationFilter : Authentication Filter Exception
io.jsonwebtoken.ExpiredJwtException: JWT expired 8567229792 milliseconds ago at 2026-06-23T07:50:25.000Z. Current time: 2026-09-30T11:37:34.792Z. Allowed clock skew: 0 milliseconds.
	at io.jsonwebtoken.impl.DefaultJwtParser.parse(DefaultJwtParser.java:691)
	at io.jsonwebtoken.impl.DefaultJwtParser.parse(DefaultJwtParser.java:364)
	at io.jsonwebtoken.impl.DefaultJwtParser.parse(DefaultJwtParser.java:94)
	at io.jsonwebtoken.impl.io.AbstractParser.parse(AbstractParser.java:36)
	at io.jsonwebtoken.impl.io.AbstractParser.parse(AbstractParser.java:29)
	at io.jsonwebtoken.impl.DefaultJwtParser.parseSignedClaims(DefaultJwtParser.java:830)
	at com.easybuy.api_gateway.filter.AuthenticationFilter.lambda$apply$0(AuthenticationFilter.java:79)
	at org.springframework.cloud.gateway.filter.OrderedGatewayFilter.filter(OrderedGatewayFilter.java:44)
	at org.springframework.cloud.gateway.handler.FilteringWebHandler$DefaultGatewayFilterChain.lambda$filter$0(FilteringWebHandler.java:153)
	at reactor.core.publisher.MonoDefer.subscribe(MonoDefer.java:46)
	at reactor.core.publisher.InternalMonoOperator.subscribe(InternalMonoOperator.java:75)
	at reactor.core.publisher.MonoDefer.subscribe(MonoDefer.java:54)
	at reactor.core.publisher.InternalMonoOperator.subscribe(InternalMonoOperator.java:75)
	at reactor.core.publisher.MonoDefer.subscribe(MonoDefer.java:54)
	at reactor.core.publisher.Mono.subscribe(Mono.java:4569)
	at reactor.core.publisher.MonoIgnoreThen$ThenIgnoreMain.subscribeNext(MonoIgnoreThen.java:268)
	at reactor.core.publisher.MonoIgnoreThen.subscribe(MonoIgnoreThen.java:51)
	at reactor.core.publisher.InternalMonoOperator.subscribe(InternalMonoOperator.java:75)
	at reactor.core.publisher.MonoDefer.subscribe(MonoDefer.java:54)
	at reactor.core.publisher.InternalMonoOperator.subscribe(InternalMonoOperator.java:75)
	at reactor.core.publisher.MonoFlatMap$FlatMapMain.onNext(MonoFlatMap.java:165)
	at io.opentelemetry.javaagent.shaded.instrumentation.reactor.v3_1.TracingSubscriber.onNext(TracingSubscriber.java:72)
	at reactor.core.publisher.FluxSwitchIfEmpty$SwitchIfEmptySubscriber.onNext(FluxSwitchIfEmpty.java:75)
	at io.opentelemetry.javaagent.shaded.instrumentation.reactor.v3_1.TracingSubscriber.onNext(TracingSubscriber.java:72)
	at reactor.core.publisher.FluxMap$MapSubscriber.onNext(FluxMap.java:122)
	at io.opentelemetry.javaagent.shaded.instrumentation.reactor.v3_1.TracingSubscriber.onNext(TracingSubscriber.java:72)
	at reactor.core.publisher.Operators$BaseFluxToMonoOperator.completePossiblyEmpty(Operators.java:2093)
	at reactor.core.publisher.FluxDefaultIfEmpty$DefaultIfEmptySubscriber.onComplete(FluxDefaultIfEmpty.java:134)
	at io.opentelemetry.javaagent.shaded.instrumentation.reactor.v3_1.TracingSubscriber.onComplete(TracingSubscriber.java:96)
	at reactor.core.publisher.FluxHide$SuppressFuseableSubscriber.onComplete(FluxHide.java:147)
	at reactor.core.publisher.FluxContextWrite$ContextWriteSubscriber.onComplete(FluxContextWrite.java:128)
	at io.opentelemetry.javaagent.shaded.instrumentation.reactor.v3_1.TracingSubscriber.onComplete(TracingSubscriber.java:96)
	at reactor.core.publisher.FluxHide$SuppressFuseableSubscriber.onComplete(FluxHide.java:147)
	at reactor.core.publisher.FluxMapFuseable$MapFuseableSubscriber.onComplete(FluxMapFuseable.java:153)
	at io.opentelemetry.javaagent.shaded.instrumentation.reactor.v3_1.TracingSubscriber.onComplete(TracingSubscriber.java:96)
	at reactor.core.publisher.FluxHide$SuppressFuseableSubscriber.onComplete(FluxHide.java:147)
	at reactor.core.publisher.FluxFilterFuseable$FilterFuseableSubscriber.onComplete(FluxFilterFuseable.java:172)
	at io.opentelemetry.javaagent.shaded.instrumentation.reactor.v3_1.TracingSubscriber.onComplete(TracingSubscriber.java:96)
	at reactor.core.publisher.FluxHide$SuppressFuseableSubscriber.onComplete(FluxHide.java:147)
	at reactor.core.publisher.Operators$BaseFluxToMonoOperator.completePossiblyEmpty(Operators.java:2094)
	at reactor.core.publisher.MonoCollect$CollectSubscriber.onComplete(MonoCollect.java:144)
	at io.opentelemetry.javaagent.shaded.instrumentation.reactor.v3_1.TracingSubscriber.onComplete(TracingSubscriber.java:96)
	at reactor.core.publisher.FluxMap$MapSubscriber.onComplete(FluxMap.java:144)
	at io.opentelemetry.javaagent.shaded.instrumentation.reactor.v3_1.TracingSubscriber.onComplete(TracingSubscriber.java:96)
	at reactor.core.publisher.FluxPeek$PeekSubscriber.onComplete(FluxPeek.java:263)
	at io.opentelemetry.javaagent.shaded.instrumentation.reactor.v3_1.TracingSubscriber.onComplete(TracingSubscriber.java:96)
	at reactor.core.publisher.FluxMap$MapSubscriber.onComplete(FluxMap.java:144)
	at reactor.netty.channel.FluxReceive.onInboundComplete(FluxReceive.java:419)
	at reactor.netty.channel.ChannelOperations.onInboundComplete(ChannelOperations.java:467)
	at reactor.netty.http.server.HttpServerOperations.handleLastHttpContent(HttpServerOperations.java:911)
	at reactor.netty.http.server.HttpServerOperations.onInboundNext(HttpServerOperations.java:810)
	at reactor.netty.channel.ChannelOperationsHandler.channelRead(ChannelOperationsHandler.java:115)
	at io.netty.channel.AbstractChannelHandlerContext.fireChannelRead(AbstractChannelHandlerContext.java:357)
	at reactor.netty.http.server.HttpTrafficHandler.channelRead(HttpTrafficHandler.java:332)
	at io.netty.channel.AbstractChannelHandlerContext.fireChannelRead(AbstractChannelHandlerContext.java:355)
	at io.netty.channel.CombinedChannelDuplexHandler$DelegatingChannelHandlerContext.fireChannelRead(CombinedChannelDuplexHandler.java:434)
	at io.netty.channel.ChannelInboundHandlerAdapter.channelRead(ChannelInboundHandlerAdapter.java:93)
	at io.opentelemetry.javaagent.shaded.instrumentation.netty.v4_1.internal.server.HttpServerRequestTracingHandler.channelRead(HttpServerRequestTracingHandler.java:44)
	at io.netty.channel.CombinedChannelDuplexHandler.channelRead(CombinedChannelDuplexHandler.java:249)
	at io.netty.channel.AbstractChannelHandlerContext.fireChannelRead(AbstractChannelHandlerContext.java:355)
	at io.netty.channel.CombinedChannelDuplexHandler$DelegatingChannelHandlerContext.fireChannelRead(CombinedChannelDuplexHandler.java:434)
	at io.netty.handler.codec.ByteToMessageDecoder.fireChannelRead(ByteToMessageDecoder.java:361)
	at io.netty.handler.codec.ByteToMessageDecoder.channelRead(ByteToMessageDecoder.java:325)
	at io.netty.channel.CombinedChannelDuplexHandler.channelRead(CombinedChannelDuplexHandler.java:249)
	at io.netty.channel.AbstractChannelHandlerContext.fireChannelRead(AbstractChannelHandlerContext.java:355)
	at io.netty.channel.DefaultChannelPipeline$HeadContext.channelRead(DefaultChannelPipeline.java:1429)
	at io.netty.channel.DefaultChannelPipeline.fireChannelRead(DefaultChannelPipeline.java:918)
	at io.netty.channel.nio.AbstractNioByteChannel$NioByteUnsafe.read(AbstractNioByteChannel.java:176)
	at io.netty.channel.nio.AbstractNioChannel$AbstractNioUnsafe.handle(AbstractNioChannel.java:445)
	at io.netty.channel.nio.NioIoHandler$DefaultNioRegistration.handle(NioIoHandler.java:388)
	at io.netty.channel.nio.NioIoHandler.processSelectedKey(NioIoHandler.java:596)
	at io.netty.channel.nio.NioIoHandler.processSelectedKeysPlain(NioIoHandler.java:541)
	at io.netty.channel.nio.NioIoHandler.processSelectedKeys(NioIoHandler.java:514)
	at io.netty.channel.nio.NioIoHandler.run(NioIoHandler.java:484)
	at io.netty.channel.SingleThreadIoEventLoop.runIo(SingleThreadIoEventLoop.java:225)
	at io.netty.channel.SingleThreadIoEventLoop.run(SingleThreadIoEventLoop.java:196)
	at io.netty.util.concurrent.SingleThreadEventExecutor$5.run(SingleThreadEventExecutor.java:1195)
	at io.netty.util.internal.ThreadExecutorMap$2.run(ThreadExecutorMap.java:74)
	at io.netty.util.concurrent.FastThreadLocalRunnable.run(FastThreadLocalRunnable.java:30)
	at java.base/java.lang.Thread.run(Thread.java:1474)
2026-09-30 17:07:34 INFO  [reactor-http-nio-2] traceId=238c172424cd0e49614eb1daaaeb2e83 spanId=5abef5f66d33b4d5 c.e.a.filter.AuthenticationFilter : Error Occured : Unauthorized: Invalid or expired token
2026-09-30 17:07:58 INFO  [reactor-http-nio-2] traceId=8adf78020c13199a726f9de281218256 spanId=b16b0b3acdbacde6 c.e.a.filter.AuthenticationFilter : Authentication Filter Request Path: /user-service/api/users/forgot-password
2026-09-30 17:07:58 INFO  [reactor-http-nio-2] traceId=8adf78020c13199a726f9de281218256 spanId=b16b0b3acdbacde6 c.e.a.filter.AuthenticationFilter : Authentication Filter Method: POST
2026-09-30 17:07:58 INFO  [reactor-http-nio-2] traceId=8adf78020c13199a726f9de281218256 spanId=b16b0b3acdbacde6 c.e.a.filter.AuthenticationFilter : This was a public endpoint, added user-id as : 0:0:0:0:0:0:0:1
2026-09-30 17:07:59 INFO  [AsyncResolver-bootstrap-executor-%d] traceId= spanId= c.n.d.s.r.aws.ConfigClusterResolver : Resolving eureka endpoints via configuration
2026-09-30 17:08:18 INFO  [reactor-http-nio-2] traceId=5baad21fe47ae533b1daaacf95a94dba spanId=8978d01d1c8adb38 c.e.a.filter.AuthenticationFilter : Authentication Filter Request Path: /user-service/api/users/forgot-password
2026-09-30 17:08:18 INFO  [reactor-http-nio-2] traceId=5baad21fe47ae533b1daaacf95a94dba spanId=8978d01d1c8adb38 c.e.a.filter.AuthenticationFilter : Authentication Filter Method: POST
2026-09-30 17:08:18 INFO  [reactor-http-nio-2] traceId=5baad21fe47ae533b1daaacf95a94dba spanId=8978d01d1c8adb38 c.e.a.filter.AuthenticationFilter : This was a public endpoint, added user-id as : 0:0:0:0:0:0:0:1
2026-09-30 17:08:32 INFO  [reactor-http-nio-2] traceId=9c8513b15b25e12bc703e62425da1871 spanId=09c86acea51b7f19 c.e.a.filter.AuthenticationFilter : Authentication Filter Request Path: /user-service/api/users/forgot-password
2026-09-30 17:08:32 INFO  [reactor-http-nio-2] traceId=9c8513b15b25e12bc703e62425da1871 spanId=09c86acea51b7f19 c.e.a.filter.AuthenticationFilter : Authentication Filter Method: POST
2026-09-30 17:08:32 INFO  [reactor-http-nio-2] traceId=9c8513b15b25e12bc703e62425da1871 spanId=09c86acea51b7f19 c.e.a.filter.AuthenticationFilter : This was a public endpoint, added user-id as : 0:0:0:0:0:0:0:1
2026-09-30 17:09:25 INFO  [reactor-http-nio-2] traceId=9d04767d7334beaba8ad03ad4d6407c9 spanId=5df8a5f29507e613 c.e.a.filter.AuthenticationFilter : Authentication Filter Request Path: /user-service/api/users/forgot-password
2026-09-30 17:09:25 INFO  [reactor-http-nio-2] traceId=9d04767d7334beaba8ad03ad4d6407c9 spanId=5df8a5f29507e613 c.e.a.filter.AuthenticationFilter : Authentication Filter Method: POST
2026-09-30 17:09:25 INFO  [reactor-http-nio-2] traceId=9d04767d7334beaba8ad03ad4d6407c9 spanId=5df8a5f29507e613 c.e.a.filter.AuthenticationFilter : This was a public endpoint, added user-id as : 0:0:0:0:0:0:0:1
2026-09-30 17:09:33 INFO  [reactor-http-nio-2] traceId=79fb619fec415b6423d743a2452d8762 spanId=e21ff05b01109c0c c.e.a.filter.AuthenticationFilter : Authentication Filter Request Path: /user-service/api/users/forgot-password
2026-09-30 17:09:33 INFO  [reactor-http-nio-2] traceId=79fb619fec415b6423d743a2452d8762 spanId=e21ff05b01109c0c c.e.a.filter.AuthenticationFilter : Authentication Filter Method: POST
2026-09-30 17:09:33 INFO  [reactor-http-nio-2] traceId=79fb619fec415b6423d743a2452d8762 spanId=e21ff05b01109c0c c.e.a.filter.AuthenticationFilter : This was a public endpoint, added user-id as : 0:0:0:0:0:0:0:1
2026-09-30 17:11:12 INFO  [reactor-http-nio-10] traceId=0be1eef82f0b6937c9d8fac7d3fd1a1b spanId=03c4432514226ab2 c.e.a.filter.AuthenticationFilter : Authentication Filter Request Path: /user-service/api/users/verify-otp
2026-09-30 17:11:12 INFO  [reactor-http-nio-10] traceId=0be1eef82f0b6937c9d8fac7d3fd1a1b spanId=03c4432514226ab2 c.e.a.filter.AuthenticationFilter : Authentication Filter Method: POST
2026-09-30 17:11:12 INFO  [reactor-http-nio-10] traceId=0be1eef82f0b6937c9d8fac7d3fd1a1b spanId=03c4432514226ab2 c.e.a.filter.AuthenticationFilter : This was a public endpoint, added user-id as : 0:0:0:0:0:0:0:1
2026-09-30 17:12:59 INFO  [AsyncResolver-bootstrap-executor-%d] traceId= spanId= c.n.d.s.r.aws.ConfigClusterResolver : Resolving eureka endpoints via configuration
2026-09-30 17:12:59 INFO  [reactor-http-nio-4] traceId=c3a27ebd63c30e8df41237154ff6c3e6 spanId=c59f24d9f7c2fb19 c.e.a.filter.AuthenticationFilter : Authentication Filter Request Path: /user-service/api/users/reset-password
2026-09-30 17:12:59 INFO  [reactor-http-nio-4] traceId=c3a27ebd63c30e8df41237154ff6c3e6 spanId=c59f24d9f7c2fb19 c.e.a.filter.AuthenticationFilter : Authentication Filter Method: POST
2026-09-30 17:12:59 INFO  [reactor-http-nio-4] traceId=c3a27ebd63c30e8df41237154ff6c3e6 spanId=c59f24d9f7c2fb19 c.e.a.filter.AuthenticationFilter : This was a public endpoint, added user-id as : 0:0:0:0:0:0:0:1
2026-09-30 17:17:59 INFO  [AsyncResolver-bootstrap-executor-%d] traceId= spanId= c.n.d.s.r.aws.ConfigClusterResolver : Resolving eureka endpoints via configuration
2026-09-30 17:18:39 INFO  [reactor-http-nio-9] traceId=0b724a0cf90f54604928dcc6ede7db27 spanId=504ea72d56dde88d c.e.a.filter.AuthenticationFilter : Authentication Filter Request Path: /user-service/api/users/login
2026-09-30 17:18:39 INFO  [reactor-http-nio-9] traceId=0b724a0cf90f54604928dcc6ede7db27 spanId=504ea72d56dde88d c.e.a.filter.AuthenticationFilter : Authentication Filter Method: POST
2026-09-30 17:18:39 INFO  [reactor-http-nio-9] traceId=0b724a0cf90f54604928dcc6ede7db27 spanId=504ea72d56dde88d c.e.a.filter.AuthenticationFilter : This was a public endpoint, added user-id as : 0:0:0:0:0:0:0:1
2026-09-30 17:19:07 INFO  [reactor-http-nio-9] traceId=b6897b9b52894e3e2b9c9827b0183043 spanId=a7231b47ae46ccd5 c.e.a.filter.AuthenticationFilter : Authentication Filter Request Path: /user-service/api/users/login
2026-09-30 17:19:07 INFO  [reactor-http-nio-9] traceId=b6897b9b52894e3e2b9c9827b0183043 spanId=a7231b47ae46ccd5 c.e.a.filter.AuthenticationFilter : Authentication Filter Method: POST
2026-09-30 17:19:07 INFO  [reactor-http-nio-9] traceId=b6897b9b52894e3e2b9c9827b0183043 spanId=a7231b47ae46ccd5 c.e.a.filter.AuthenticationFilter : This was a public endpoint, added user-id as : 0:0:0:0:0:0:0:1
2026-09-30 17:19:32 INFO  [reactor-http-nio-9] traceId=614688c82c8af7c472b68efb1bbb518a spanId=ab35f9542925316d c.e.a.filter.AuthenticationFilter : Authentication Filter Request Path: /user-service/api/users/nihalsingh2082002@gmail.com
2026-09-30 17:19:32 INFO  [reactor-http-nio-9] traceId=614688c82c8af7c472b68efb1bbb518a spanId=ab35f9542925316d c.e.a.filter.AuthenticationFilter : Authentication Filter Method: GET
2026-09-30 17:19:32 ERROR [reactor-http-nio-9] traceId=614688c82c8af7c472b68efb1bbb518a spanId=ab35f9542925316d c.e.a.filter.AuthenticationFilter : Authentication Filter Exception
io.jsonwebtoken.ExpiredJwtException: JWT expired 8567947304 milliseconds ago at 2026-06-23T07:50:25.000Z. Current time: 2026-09-30T11:49:32.304Z. Allowed clock skew: 0 milliseconds.
	at io.jsonwebtoken.impl.DefaultJwtParser.parse(DefaultJwtParser.java:691)
	at io.jsonwebtoken.impl.DefaultJwtParser.parse(DefaultJwtParser.java:364)
	at io.jsonwebtoken.impl.DefaultJwtParser.parse(DefaultJwtParser.java:94)
	at io.jsonwebtoken.impl.io.AbstractParser.parse(AbstractParser.java:36)
	at io.jsonwebtoken.impl.io.AbstractParser.parse(AbstractParser.java:29)
	at io.jsonwebtoken.impl.DefaultJwtParser.parseSignedClaims(DefaultJwtParser.java:830)
	at com.easybuy.api_gateway.filter.AuthenticationFilter.lambda$apply$0(AuthenticationFilter.java:79)
	at org.springframework.cloud.gateway.filter.OrderedGatewayFilter.filter(OrderedGatewayFilter.java:44)
	at org.springframework.cloud.gateway.handler.FilteringWebHandler$DefaultGatewayFilterChain.lambda$filter$0(FilteringWebHandler.java:153)
	at reactor.core.publisher.MonoDefer.subscribe(MonoDefer.java:46)
	at reactor.core.publisher.InternalMonoOperator.subscribe(InternalMonoOperator.java:75)
	at reactor.core.publisher.MonoDefer.subscribe(MonoDefer.java:54)
	at reactor.core.publisher.InternalMonoOperator.subscribe(InternalMonoOperator.java:75)
	at reactor.core.publisher.MonoDefer.subscribe(MonoDefer.java:54)
	at reactor.core.publisher.Mono.subscribe(Mono.java:4569)
	at reactor.core.publisher.MonoIgnoreThen$ThenIgnoreMain.subscribeNext(MonoIgnoreThen.java:268)
	at reactor.core.publisher.MonoIgnoreThen.subscribe(MonoIgnoreThen.java:51)
	at reactor.core.publisher.InternalMonoOperator.subscribe(InternalMonoOperator.java:75)
	at reactor.core.publisher.MonoDefer.subscribe(MonoDefer.java:54)
	at reactor.core.publisher.InternalMonoOperator.subscribe(InternalMonoOperator.java:75)
	at reactor.core.publisher.MonoFlatMap$FlatMapMain.onNext(MonoFlatMap.java:165)
	at io.opentelemetry.javaagent.shaded.instrumentation.reactor.v3_1.TracingSubscriber.onNext(TracingSubscriber.java:72)
	at reactor.core.publisher.FluxSwitchIfEmpty$SwitchIfEmptySubscriber.onNext(FluxSwitchIfEmpty.java:75)
	at io.opentelemetry.javaagent.shaded.instrumentation.reactor.v3_1.TracingSubscriber.onNext(TracingSubscriber.java:72)
	at reactor.core.publisher.FluxMap$MapSubscriber.onNext(FluxMap.java:122)
	at io.opentelemetry.javaagent.shaded.instrumentation.reactor.v3_1.TracingSubscriber.onNext(TracingSubscriber.java:72)
	at reactor.core.publisher.Operators$BaseFluxToMonoOperator.completePossiblyEmpty(Operators.java:2093)
	at reactor.core.publisher.FluxDefaultIfEmpty$DefaultIfEmptySubscriber.onComplete(FluxDefaultIfEmpty.java:134)
	at io.opentelemetry.javaagent.shaded.instrumentation.reactor.v3_1.TracingSubscriber.onComplete(TracingSubscriber.java:96)
	at reactor.core.publisher.FluxHide$SuppressFuseableSubscriber.onComplete(FluxHide.java:147)
	at reactor.core.publisher.FluxContextWrite$ContextWriteSubscriber.onComplete(FluxContextWrite.java:128)
	at io.opentelemetry.javaagent.shaded.instrumentation.reactor.v3_1.TracingSubscriber.onComplete(TracingSubscriber.java:96)
	at reactor.core.publisher.FluxHide$SuppressFuseableSubscriber.onComplete(FluxHide.java:147)
	at reactor.core.publisher.FluxMapFuseable$MapFuseableSubscriber.onComplete(FluxMapFuseable.java:153)
	at io.opentelemetry.javaagent.shaded.instrumentation.reactor.v3_1.TracingSubscriber.onComplete(TracingSubscriber.java:96)
	at reactor.core.publisher.FluxHide$SuppressFuseableSubscriber.onComplete(FluxHide.java:147)
	at reactor.core.publisher.FluxFilterFuseable$FilterFuseableSubscriber.onComplete(FluxFilterFuseable.java:172)
	at io.opentelemetry.javaagent.shaded.instrumentation.reactor.v3_1.TracingSubscriber.onComplete(TracingSubscriber.java:96)
	at reactor.core.publisher.FluxHide$SuppressFuseableSubscriber.onComplete(FluxHide.java:147)
	at reactor.core.publisher.Operators$BaseFluxToMonoOperator.completePossiblyEmpty(Operators.java:2094)
	at reactor.core.publisher.MonoCollect$CollectSubscriber.onComplete(MonoCollect.java:144)
	at io.opentelemetry.javaagent.shaded.instrumentation.reactor.v3_1.TracingSubscriber.onComplete(TracingSubscriber.java:96)
	at reactor.core.publisher.FluxMap$MapSubscriber.onComplete(FluxMap.java:144)
	at io.opentelemetry.javaagent.shaded.instrumentation.reactor.v3_1.TracingSubscriber.onComplete(TracingSubscriber.java:96)
	at reactor.core.publisher.FluxPeek$PeekSubscriber.onComplete(FluxPeek.java:263)
	at io.opentelemetry.javaagent.shaded.instrumentation.reactor.v3_1.TracingSubscriber.onComplete(TracingSubscriber.java:96)
	at reactor.core.publisher.FluxMap$MapSubscriber.onComplete(FluxMap.java:144)
	at reactor.netty.channel.FluxReceive.onInboundComplete(FluxReceive.java:419)
	at reactor.netty.channel.ChannelOperations.onInboundComplete(ChannelOperations.java:467)
	at reactor.netty.http.server.HttpServerOperations.handleLastHttpContent(HttpServerOperations.java:911)
	at reactor.netty.http.server.HttpServerOperations.onInboundNext(HttpServerOperations.java:810)
	at reactor.netty.channel.ChannelOperationsHandler.channelRead(ChannelOperationsHandler.java:115)
	at io.netty.channel.AbstractChannelHandlerContext.fireChannelRead(AbstractChannelHandlerContext.java:357)
	at reactor.netty.http.server.HttpTrafficHandler.channelRead(HttpTrafficHandler.java:332)
	at io.netty.channel.AbstractChannelHandlerContext.fireChannelRead(AbstractChannelHandlerContext.java:355)
	at io.netty.channel.CombinedChannelDuplexHandler$DelegatingChannelHandlerContext.fireChannelRead(CombinedChannelDuplexHandler.java:434)
	at io.netty.channel.ChannelInboundHandlerAdapter.channelRead(ChannelInboundHandlerAdapter.java:93)
	at io.opentelemetry.javaagent.shaded.instrumentation.netty.v4_1.internal.server.HttpServerRequestTracingHandler.channelRead(HttpServerRequestTracingHandler.java:44)
	at io.netty.channel.CombinedChannelDuplexHandler.channelRead(CombinedChannelDuplexHandler.java:249)
	at io.netty.channel.AbstractChannelHandlerContext.fireChannelRead(AbstractChannelHandlerContext.java:355)
	at io.netty.channel.CombinedChannelDuplexHandler$DelegatingChannelHandlerContext.fireChannelRead(CombinedChannelDuplexHandler.java:434)
	at io.netty.handler.codec.ByteToMessageDecoder.fireChannelRead(ByteToMessageDecoder.java:361)
	at io.netty.handler.codec.ByteToMessageDecoder.channelRead(ByteToMessageDecoder.java:325)
	at io.netty.channel.CombinedChannelDuplexHandler.channelRead(CombinedChannelDuplexHandler.java:249)
	at io.netty.channel.AbstractChannelHandlerContext.fireChannelRead(AbstractChannelHandlerContext.java:355)
	at io.netty.channel.DefaultChannelPipeline$HeadContext.channelRead(DefaultChannelPipeline.java:1429)
	at io.netty.channel.DefaultChannelPipeline.fireChannelRead(DefaultChannelPipeline.java:918)
	at io.netty.channel.nio.AbstractNioByteChannel$NioByteUnsafe.read(AbstractNioByteChannel.java:176)
	at io.netty.channel.nio.AbstractNioChannel$AbstractNioUnsafe.handle(AbstractNioChannel.java:445)
	at io.netty.channel.nio.NioIoHandler$DefaultNioRegistration.handle(NioIoHandler.java:388)
	at io.netty.channel.nio.NioIoHandler.processSelectedKey(NioIoHandler.java:596)
	at io.netty.channel.nio.NioIoHandler.processSelectedKeysPlain(NioIoHandler.java:541)
	at io.netty.channel.nio.NioIoHandler.processSelectedKeys(NioIoHandler.java:514)
	at io.netty.channel.nio.NioIoHandler.run(NioIoHandler.java:484)
	at io.netty.channel.SingleThreadIoEventLoop.runIo(SingleThreadIoEventLoop.java:225)
	at io.netty.channel.SingleThreadIoEventLoop.run(SingleThreadIoEventLoop.java:196)
	at io.netty.util.concurrent.SingleThreadEventExecutor$5.run(SingleThreadEventExecutor.java:1195)
	at io.netty.util.internal.ThreadExecutorMap$2.run(ThreadExecutorMap.java:74)
	at io.netty.util.concurrent.FastThreadLocalRunnable.run(FastThreadLocalRunnable.java:30)
	at java.base/java.lang.Thread.run(Thread.java:1474)
2026-09-30 17:19:32 INFO  [reactor-http-nio-9] traceId=614688c82c8af7c472b68efb1bbb518a spanId=ab35f9542925316d c.e.a.filter.AuthenticationFilter : Error Occured : Unauthorized: Invalid or expired token
2026-09-30 17:19:50 INFO  [reactor-http-nio-9] traceId=8baca9a8b3918d355963b226aa6e377e spanId=aa035148b58cd8cf c.e.a.filter.AuthenticationFilter : Authentication Filter Request Path: /user-service/api/users/login
2026-09-30 17:19:50 INFO  [reactor-http-nio-9] traceId=8baca9a8b3918d355963b226aa6e377e spanId=aa035148b58cd8cf c.e.a.filter.AuthenticationFilter : Authentication Filter Method: POST
2026-09-30 17:19:50 INFO  [reactor-http-nio-9] traceId=8baca9a8b3918d355963b226aa6e377e spanId=aa035148b58cd8cf c.e.a.filter.AuthenticationFilter : This was a public endpoint, added user-id as : 0:0:0:0:0:0:0:1
2026-09-30 17:19:56 INFO  [reactor-http-nio-9] traceId=e65359cd56bcbecb19c3085f80f21416 spanId=a2017c1b32133e1a c.e.a.filter.AuthenticationFilter : Authentication Filter Request Path: /user-service/api/users/login
2026-09-30 17:19:56 INFO  [reactor-http-nio-9] traceId=e65359cd56bcbecb19c3085f80f21416 spanId=a2017c1b32133e1a c.e.a.filter.AuthenticationFilter : Authentication Filter Method: POST
2026-09-30 17:19:56 INFO  [reactor-http-nio-9] traceId=e65359cd56bcbecb19c3085f80f21416 spanId=a2017c1b32133e1a c.e.a.filter.AuthenticationFilter : This was a public endpoint, added user-id as : 0:0:0:0:0:0:0:1
2026-09-30 17:19:56 INFO  [reactor-http-nio-9] traceId=d47f012169b24050adaf92a9d825061f spanId=0c20b697be99a1fb c.e.a.filter.AuthenticationFilter : Authentication Filter Request Path: /user-service/api/users/login
2026-09-30 17:19:56 INFO  [reactor-http-nio-9] traceId=d47f012169b24050adaf92a9d825061f spanId=0c20b697be99a1fb c.e.a.filter.AuthenticationFilter : Authentication Filter Method: POST
2026-09-30 17:19:56 INFO  [reactor-http-nio-9] traceId=d47f012169b24050adaf92a9d825061f spanId=0c20b697be99a1fb c.e.a.filter.AuthenticationFilter : This was a public endpoint, added user-id as : 0:0:0:0:0:0:0:1
2026-09-30 17:19:57 INFO  [reactor-http-nio-9] traceId=4b099568839c4bb58f970b86a5c43835 spanId=f45ddd2ec675ee84 c.e.a.filter.AuthenticationFilter : Authentication Filter Request Path: /user-service/api/users/login
2026-09-30 17:19:57 INFO  [reactor-http-nio-9] traceId=4b099568839c4bb58f970b86a5c43835 spanId=f45ddd2ec675ee84 c.e.a.filter.AuthenticationFilter : Authentication Filter Method: POST
2026-09-30 17:19:57 INFO  [reactor-http-nio-9] traceId=4b099568839c4bb58f970b86a5c43835 spanId=f45ddd2ec675ee84 c.e.a.filter.AuthenticationFilter : This was a public endpoint, added user-id as : 0:0:0:0:0:0:0:1
2026-09-30 17:20:00 INFO  [reactor-http-nio-9] traceId=61762bd9455c6380f390bdc6b6ebee73 spanId=d7c8ad50f2c1c4de c.e.a.filter.AuthenticationFilter : Authentication Filter Request Path: /user-service/api/users/login
2026-09-30 17:20:00 INFO  [reactor-http-nio-9] traceId=61762bd9455c6380f390bdc6b6ebee73 spanId=d7c8ad50f2c1c4de c.e.a.filter.AuthenticationFilter : Authentication Filter Method: GET
2026-09-30 17:20:00 INFO  [reactor-http-nio-9] traceId=61762bd9455c6380f390bdc6b6ebee73 spanId=d7c8ad50f2c1c4de c.e.a.filter.AuthenticationFilter : This was a public endpoint, added user-id as : 0:0:0:0:0:0:0:1
2026-09-30 17:20:05 INFO  [reactor-http-nio-9] traceId=78d498e0440778b791fa20658b63966d spanId=cd947b8e93fb0ca4 c.e.a.filter.AuthenticationFilter : Authentication Filter Request Path: /user-service/api/users/login
2026-09-30 17:20:06 INFO  [reactor-http-nio-9] traceId=78d498e0440778b791fa20658b63966d spanId=cd947b8e93fb0ca4 c.e.a.filter.AuthenticationFilter : Authentication Filter Method: POST
2026-09-30 17:20:06 INFO  [reactor-http-nio-9] traceId=78d498e0440778b791fa20658b63966d spanId=cd947b8e93fb0ca4 c.e.a.filter.AuthenticationFilter : This was a public endpoint, added user-id as : 0:0:0:0:0:0:0:1
2026-09-30 17:20:37 INFO  [reactor-http-nio-9] traceId=0abe73d0b086c1d25496fa06e7d8c115 spanId=e9d8daeb1ea77b12 c.e.a.filter.AuthenticationFilter : Authentication Filter Request Path: /user-service/api/users/login
2026-09-30 17:20:37 INFO  [reactor-http-nio-9] traceId=0abe73d0b086c1d25496fa06e7d8c115 spanId=e9d8daeb1ea77b12 c.e.a.filter.AuthenticationFilter : Authentication Filter Method: POST
2026-09-30 17:20:37 INFO  [reactor-http-nio-9] traceId=0abe73d0b086c1d25496fa06e7d8c115 spanId=e9d8daeb1ea77b12 c.e.a.filter.AuthenticationFilter : This was a public endpoint, added user-id as : 0:0:0:0:0:0:0:1
2026-09-30 17:22:59 INFO  [AsyncResolver-bootstrap-executor-%d] traceId= spanId= c.n.d.s.r.aws.ConfigClusterResolver : Resolving eureka endpoints via configuration
2026-09-30 17:27:47 INFO  [reactor-http-nio-9] traceId=b32f8d716391ab4c760ce508791f95b4 spanId=0337af802bbadd3e c.e.a.filter.AuthenticationFilter : Authentication Filter Request Path: /user-service/api/users/forgot-password
2026-09-30 17:27:47 INFO  [reactor-http-nio-9] traceId=b32f8d716391ab4c760ce508791f95b4 spanId=0337af802bbadd3e c.e.a.filter.AuthenticationFilter : Authentication Filter Method: POST
2026-09-30 17:27:47 INFO  [reactor-http-nio-9] traceId=b32f8d716391ab4c760ce508791f95b4 spanId=0337af802bbadd3e c.e.a.filter.AuthenticationFilter : This was a public endpoint, added user-id as : 0:0:0:0:0:0:0:1
2026-09-30 17:27:59 INFO  [AsyncResolver-bootstrap-executor-%d] traceId= spanId= c.n.d.s.r.aws.ConfigClusterResolver : Resolving eureka endpoints via configuration
2026-09-30 17:28:18 INFO  [reactor-http-nio-9] traceId=7c0e01946dc47ff04e52bd0eb9906d55 spanId=26746d87c1045220 c.e.a.filter.AuthenticationFilter : Authentication Filter Request Path: /user-service/api/users/forgot-password
2026-09-30 17:28:18 INFO  [reactor-http-nio-9] traceId=7c0e01946dc47ff04e52bd0eb9906d55 spanId=26746d87c1045220 c.e.a.filter.AuthenticationFilter : Authentication Filter Method: PUT
2026-09-30 17:28:18 INFO  [reactor-http-nio-9] traceId=7c0e01946dc47ff04e52bd0eb9906d55 spanId=26746d87c1045220 c.e.a.filter.AuthenticationFilter : This was a public endpoint, added user-id as : 0:0:0:0:0:0:0:1
2026-09-30 17:28:33 INFO  [reactor-http-nio-9] traceId=269fa34b3cd88b0e901ed201270fdb78 spanId=f55ceb115479a69c c.e.a.filter.AuthenticationFilter : Authentication Filter Request Path: /user-service/api/users/forgot-password
2026-09-30 17:28:33 INFO  [reactor-http-nio-9] traceId=269fa34b3cd88b0e901ed201270fdb78 spanId=f55ceb115479a69c c.e.a.filter.AuthenticationFilter : Authentication Filter Method: POST
2026-09-30 17:28:33 INFO  [reactor-http-nio-9] traceId=269fa34b3cd88b0e901ed201270fdb78 spanId=f55ceb115479a69c c.e.a.filter.AuthenticationFilter : This was a public endpoint, added user-id as : 0:0:0:0:0:0:0:1
2026-09-30 17:28:35 INFO  [reactor-http-nio-9] traceId=c0976a62e1e2878fc890d02a94afa9ad spanId=be510bd000f46092 c.e.a.filter.AuthenticationFilter : Authentication Filter Request Path: /user-service/api/users/forgot-password
2026-09-30 17:28:35 INFO  [reactor-http-nio-9] traceId=c0976a62e1e2878fc890d02a94afa9ad spanId=be510bd000f46092 c.e.a.filter.AuthenticationFilter : Authentication Filter Method: POST
2026-09-30 17:28:35 INFO  [reactor-http-nio-9] traceId=c0976a62e1e2878fc890d02a94afa9ad spanId=be510bd000f46092 c.e.a.filter.AuthenticationFilter : This was a public endpoint, added user-id as : 0:0:0:0:0:0:0:1
2026-09-30 17:28:36 INFO  [reactor-http-nio-9] traceId=035f35ab90a01c852e297ee53aba2fe4 spanId=4480dbf0acc0ae16 c.e.a.filter.AuthenticationFilter : Authentication Filter Request Path: /user-service/api/users/forgot-password
2026-09-30 17:28:36 INFO  [reactor-http-nio-9] traceId=035f35ab90a01c852e297ee53aba2fe4 spanId=4480dbf0acc0ae16 c.e.a.filter.AuthenticationFilter : Authentication Filter Method: POST
2026-09-30 17:28:36 INFO  [reactor-http-nio-9] traceId=035f35ab90a01c852e297ee53aba2fe4 spanId=4480dbf0acc0ae16 c.e.a.filter.AuthenticationFilter : This was a public endpoint, added user-id as : 0:0:0:0:0:0:0:1
2026-09-30 17:28:37 INFO  [reactor-http-nio-9] traceId=fb0bf9b2899eac100a7f659ff13b6410 spanId=6f9bdfb50c424230 c.e.a.filter.AuthenticationFilter : Authentication Filter Request Path: /user-service/api/users/forgot-password
2026-09-30 17:28:37 INFO  [reactor-http-nio-9] traceId=fb0bf9b2899eac100a7f659ff13b6410 spanId=6f9bdfb50c424230 c.e.a.filter.AuthenticationFilter : Authentication Filter Method: POST
2026-09-30 17:28:37 INFO  [reactor-http-nio-9] traceId=fb0bf9b2899eac100a7f659ff13b6410 spanId=6f9bdfb50c424230 c.e.a.filter.AuthenticationFilter : This was a public endpoint, added user-id as : 0:0:0:0:0:0:0:1
2026-09-30 17:28:38 INFO  [reactor-http-nio-9] traceId=c6b0d49f578c275ed68ecb90819bb8c4 spanId=60673a632c2977e7 c.e.a.filter.AuthenticationFilter : Authentication Filter Request Path: /user-service/api/users/forgot-password
2026-09-30 17:28:38 INFO  [reactor-http-nio-9] traceId=c6b0d49f578c275ed68ecb90819bb8c4 spanId=60673a632c2977e7 c.e.a.filter.AuthenticationFilter : Authentication Filter Method: POST
2026-09-30 17:28:38 INFO  [reactor-http-nio-9] traceId=c6b0d49f578c275ed68ecb90819bb8c4 spanId=60673a632c2977e7 c.e.a.filter.AuthenticationFilter : This was a public endpoint, added user-id as : 0:0:0:0:0:0:0:1
2026-09-30 17:28:54 INFO  [reactor-http-nio-9] traceId=cbaf5ce017715fcaca88479b86ee60ed spanId=c337e0574dffc90e c.e.a.filter.AuthenticationFilter : Authentication Filter Request Path: /user-service/api/users/forgot-password
2026-09-30 17:28:54 INFO  [reactor-http-nio-9] traceId=cbaf5ce017715fcaca88479b86ee60ed spanId=c337e0574dffc90e c.e.a.filter.AuthenticationFilter : Authentication Filter Method: POST
2026-09-30 17:28:54 INFO  [reactor-http-nio-9] traceId=cbaf5ce017715fcaca88479b86ee60ed spanId=c337e0574dffc90e c.e.a.filter.AuthenticationFilter : This was a public endpoint, added user-id as : 0:0:0:0:0:0:0:1
2026-09-30 17:28:56 INFO  [reactor-http-nio-9] traceId=a936051c0463587daa0775a6cddc9951 spanId=a757c5b65622cc1a c.e.a.filter.AuthenticationFilter : Authentication Filter Request Path: /user-service/api/users/forgot-password
2026-09-30 17:28:56 INFO  [reactor-http-nio-9] traceId=a936051c0463587daa0775a6cddc9951 spanId=a757c5b65622cc1a c.e.a.filter.AuthenticationFilter : Authentication Filter Method: POST
2026-09-30 17:28:56 INFO  [reactor-http-nio-9] traceId=a936051c0463587daa0775a6cddc9951 spanId=a757c5b65622cc1a c.e.a.filter.AuthenticationFilter : This was a public endpoint, added user-id as : 0:0:0:0:0:0:0:1
2026-09-30 17:28:57 INFO  [reactor-http-nio-9] traceId=395fe161cac02c1622cb8639ed82a3a3 spanId=00d8e242823f2e3a c.e.a.filter.AuthenticationFilter : Authentication Filter Request Path: /user-service/api/users/forgot-password
2026-09-30 17:28:57 INFO  [reactor-http-nio-9] traceId=395fe161cac02c1622cb8639ed82a3a3 spanId=00d8e242823f2e3a c.e.a.filter.AuthenticationFilter : Authentication Filter Method: POST
2026-09-30 17:28:57 INFO  [reactor-http-nio-9] traceId=395fe161cac02c1622cb8639ed82a3a3 spanId=00d8e242823f2e3a c.e.a.filter.AuthenticationFilter : This was a public endpoint, added user-id as : 0:0:0:0:0:0:0:1
2026-09-30 17:28:57 INFO  [reactor-http-nio-9] traceId=24b85f22586993cea80546a6cac76de2 spanId=9f1478d4081a80f4 c.e.a.filter.AuthenticationFilter : Authentication Filter Request Path: /user-service/api/users/forgot-password
2026-09-30 17:28:57 INFO  [reactor-http-nio-9] traceId=24b85f22586993cea80546a6cac76de2 spanId=9f1478d4081a80f4 c.e.a.filter.AuthenticationFilter : Authentication Filter Method: POST
2026-09-30 17:28:57 INFO  [reactor-http-nio-9] traceId=24b85f22586993cea80546a6cac76de2 spanId=9f1478d4081a80f4 c.e.a.filter.AuthenticationFilter : This was a public endpoint, added user-id as : 0:0:0:0:0:0:0:1
2026-09-30 17:28:58 INFO  [reactor-http-nio-9] traceId=22a16b6da54c79c04d1bc14787d97e57 spanId=0ef064a510a2a8c0 c.e.a.filter.AuthenticationFilter : Authentication Filter Request Path: /user-service/api/users/forgot-password
2026-09-30 17:28:58 INFO  [reactor-http-nio-9] traceId=22a16b6da54c79c04d1bc14787d97e57 spanId=0ef064a510a2a8c0 c.e.a.filter.AuthenticationFilter : Authentication Filter Method: POST
2026-09-30 17:28:58 INFO  [reactor-http-nio-9] traceId=22a16b6da54c79c04d1bc14787d97e57 spanId=0ef064a510a2a8c0 c.e.a.filter.AuthenticationFilter : This was a public endpoint, added user-id as : 0:0:0:0:0:0:0:1
2026-09-30 17:28:58 INFO  [reactor-http-nio-9] traceId=551c093709cf3abdcec2077ecd468ed6 spanId=290e762984e36839 c.e.a.filter.AuthenticationFilter : Authentication Filter Request Path: /user-service/api/users/forgot-password
2026-09-30 17:28:58 INFO  [reactor-http-nio-9] traceId=551c093709cf3abdcec2077ecd468ed6 spanId=290e762984e36839 c.e.a.filter.AuthenticationFilter : Authentication Filter Method: POST
2026-09-30 17:28:58 INFO  [reactor-http-nio-9] traceId=551c093709cf3abdcec2077ecd468ed6 spanId=290e762984e36839 c.e.a.filter.AuthenticationFilter : This was a public endpoint, added user-id as : 0:0:0:0:0:0:0:1
2026-09-30 17:29:35 INFO  [reactor-http-nio-9] traceId=a2aef28a9f7b88e2c01042fcd648a1b8 spanId=a05cde5ccc68caf7 c.e.a.filter.AuthenticationFilter : Authentication Filter Request Path: /user-service/api/users/forgot-password
2026-09-30 17:29:35 INFO  [reactor-http-nio-9] traceId=a2aef28a9f7b88e2c01042fcd648a1b8 spanId=a05cde5ccc68caf7 c.e.a.filter.AuthenticationFilter : Authentication Filter Method: POST
2026-09-30 17:29:35 INFO  [reactor-http-nio-9] traceId=a2aef28a9f7b88e2c01042fcd648a1b8 spanId=a05cde5ccc68caf7 c.e.a.filter.AuthenticationFilter : This was a public endpoint, added user-id as : 0:0:0:0:0:0:0:1
2026-09-30 17:30:05 INFO  [reactor-http-nio-4] traceId=8e4912846f87189f347599e515bf2ed4 spanId=53fd26f194c0f54d c.e.a.filter.AuthenticationFilter : Authentication Filter Request Path: /user-service/api/users/forgot-password
2026-09-30 17:30:05 INFO  [reactor-http-nio-4] traceId=8e4912846f87189f347599e515bf2ed4 spanId=53fd26f194c0f54d c.e.a.filter.AuthenticationFilter : Authentication Filter Method: POST
2026-09-30 17:30:05 INFO  [reactor-http-nio-4] traceId=8e4912846f87189f347599e515bf2ed4 spanId=53fd26f194c0f54d c.e.a.filter.AuthenticationFilter : This was a public endpoint, added user-id as : 0:0:0:0:0:0:0:1
2026-09-30 17:30:22 INFO  [reactor-http-nio-4] traceId=04b29f5846d7e66bd6b2e653d9fdd486 spanId=78926cad01b2f506 c.e.a.filter.AuthenticationFilter : Authentication Filter Request Path: /user-service/api/users/forgot-password
2026-09-30 17:30:22 INFO  [reactor-http-nio-4] traceId=04b29f5846d7e66bd6b2e653d9fdd486 spanId=78926cad01b2f506 c.e.a.filter.AuthenticationFilter : Authentication Filter Method: POST
2026-09-30 17:30:22 INFO  [reactor-http-nio-4] traceId=04b29f5846d7e66bd6b2e653d9fdd486 spanId=78926cad01b2f506 c.e.a.filter.AuthenticationFilter : This was a public endpoint, added user-id as : 0:0:0:0:0:0:0:1
2026-09-30 17:30:35 INFO  [reactor-http-nio-4] traceId=480add02845afec7562f1465f963de91 spanId=ddc20ffc79eb8f59 c.e.a.filter.AuthenticationFilter : Authentication Filter Request Path: /user-service/api/users/forgot-password
2026-09-30 17:30:35 INFO  [reactor-http-nio-4] traceId=480add02845afec7562f1465f963de91 spanId=ddc20ffc79eb8f59 c.e.a.filter.AuthenticationFilter : Authentication Filter Method: POST
2026-09-30 17:30:35 INFO  [reactor-http-nio-4] traceId=480add02845afec7562f1465f963de91 spanId=ddc20ffc79eb8f59 c.e.a.filter.AuthenticationFilter : This was a public endpoint, added user-id as : 0:0:0:0:0:0:0:1
2026-09-30 17:30:54 INFO  [reactor-http-nio-4] traceId=577e89df776882cd0df60667933914e9 spanId=9a02b95b776f1045 c.e.a.filter.AuthenticationFilter : Authentication Filter Request Path: /user-service/api/users/forgot-password
2026-09-30 17:30:54 INFO  [reactor-http-nio-4] traceId=577e89df776882cd0df60667933914e9 spanId=9a02b95b776f1045 c.e.a.filter.AuthenticationFilter : Authentication Filter Method: GET
2026-09-30 17:30:54 INFO  [reactor-http-nio-4] traceId=577e89df776882cd0df60667933914e9 spanId=9a02b95b776f1045 c.e.a.filter.AuthenticationFilter : This was a public endpoint, added user-id as : 0:0:0:0:0:0:0:1
2026-09-30 17:31:00 INFO  [reactor-http-nio-4] traceId=65614ba7787d7c7f24dcc60ffba622ca spanId=0c33c03e2184c21f c.e.a.filter.AuthenticationFilter : Authentication Filter Request Path: /user-service/api/users/forgot-password
2026-09-30 17:31:00 INFO  [reactor-http-nio-4] traceId=65614ba7787d7c7f24dcc60ffba622ca spanId=0c33c03e2184c21f c.e.a.filter.AuthenticationFilter : Authentication Filter Method: POST
2026-09-30 17:31:00 INFO  [reactor-http-nio-4] traceId=65614ba7787d7c7f24dcc60ffba622ca spanId=0c33c03e2184c21f c.e.a.filter.AuthenticationFilter : This was a public endpoint, added user-id as : 0:0:0:0:0:0:0:1
2026-09-30 17:31:01 INFO  [reactor-http-nio-4] traceId=eb022d7fe6d3323dc14cea610ee0fd0b spanId=96a3cacf4dc90bee c.e.a.filter.AuthenticationFilter : Authentication Filter Request Path: /user-service/api/users/forgot-password
2026-09-30 17:31:01 INFO  [reactor-http-nio-4] traceId=eb022d7fe6d3323dc14cea610ee0fd0b spanId=96a3cacf4dc90bee c.e.a.filter.AuthenticationFilter : Authentication Filter Method: POST
2026-09-30 17:31:01 INFO  [reactor-http-nio-4] traceId=eb022d7fe6d3323dc14cea610ee0fd0b spanId=96a3cacf4dc90bee c.e.a.filter.AuthenticationFilter : This was a public endpoint, added user-id as : 0:0:0:0:0:0:0:1
2026-09-30 17:31:01 INFO  [reactor-http-nio-4] traceId=9bb92c5cb81a1a1fb54e9b9557641a89 spanId=0684206756ee5026 c.e.a.filter.AuthenticationFilter : Authentication Filter Request Path: /user-service/api/users/forgot-password
2026-09-30 17:31:01 INFO  [reactor-http-nio-4] traceId=9bb92c5cb81a1a1fb54e9b9557641a89 spanId=0684206756ee5026 c.e.a.filter.AuthenticationFilter : Authentication Filter Method: POST
2026-09-30 17:31:01 INFO  [reactor-http-nio-4] traceId=9bb92c5cb81a1a1fb54e9b9557641a89 spanId=0684206756ee5026 c.e.a.filter.AuthenticationFilter : This was a public endpoint, added user-id as : 0:0:0:0:0:0:0:1
2026-09-30 17:31:02 INFO  [reactor-http-nio-4] traceId=b3a1c10d19f1ac79c9fd9759f1b91195 spanId=2d1315717963b397 c.e.a.filter.AuthenticationFilter : Authentication Filter Request Path: /user-service/api/users/forgot-password
2026-09-30 17:31:02 INFO  [reactor-http-nio-4] traceId=b3a1c10d19f1ac79c9fd9759f1b91195 spanId=2d1315717963b397 c.e.a.filter.AuthenticationFilter : Authentication Filter Method: POST
2026-09-30 17:31:02 INFO  [reactor-http-nio-4] traceId=b3a1c10d19f1ac79c9fd9759f1b91195 spanId=2d1315717963b397 c.e.a.filter.AuthenticationFilter : This was a public endpoint, added user-id as : 0:0:0:0:0:0:0:1
2026-09-30 17:31:03 INFO  [reactor-http-nio-4] traceId=b2c639a0614927694dcc6fbe06e0e3cc spanId=3906bf7015e73ad8 c.e.a.filter.AuthenticationFilter : Authentication Filter Request Path: /user-service/api/users/forgot-password
2026-09-30 17:31:03 INFO  [reactor-http-nio-4] traceId=b2c639a0614927694dcc6fbe06e0e3cc spanId=3906bf7015e73ad8 c.e.a.filter.AuthenticationFilter : Authentication Filter Method: POST
2026-09-30 17:31:03 INFO  [reactor-http-nio-4] traceId=b2c639a0614927694dcc6fbe06e0e3cc spanId=3906bf7015e73ad8 c.e.a.filter.AuthenticationFilter : This was a public endpoint, added user-id as : 0:0:0:0:0:0:0:1
2026-09-30 17:31:03 INFO  [reactor-http-nio-4] traceId=bcf63d49acfb0d05046b0ac254da8b3e spanId=437001759b467511 c.e.a.filter.AuthenticationFilter : Authentication Filter Request Path: /user-service/api/users/forgot-password
2026-09-30 17:31:03 INFO  [reactor-http-nio-4] traceId=bcf63d49acfb0d05046b0ac254da8b3e spanId=437001759b467511 c.e.a.filter.AuthenticationFilter : Authentication Filter Method: POST
2026-09-30 17:31:03 INFO  [reactor-http-nio-4] traceId=bcf63d49acfb0d05046b0ac254da8b3e spanId=437001759b467511 c.e.a.filter.AuthenticationFilter : This was a public endpoint, added user-id as : 0:0:0:0:0:0:0:1
2026-09-30 17:31:04 INFO  [reactor-http-nio-4] traceId=48333814027e1257dc231bf7e435e8a8 spanId=43350f81c3ea25f3 c.e.a.filter.AuthenticationFilter : Authentication Filter Request Path: /user-service/api/users/forgot-password
2026-09-30 17:31:04 INFO  [reactor-http-nio-4] traceId=48333814027e1257dc231bf7e435e8a8 spanId=43350f81c3ea25f3 c.e.a.filter.AuthenticationFilter : Authentication Filter Method: POST
2026-09-30 17:31:04 INFO  [reactor-http-nio-4] traceId=48333814027e1257dc231bf7e435e8a8 spanId=43350f81c3ea25f3 c.e.a.filter.AuthenticationFilter : This was a public endpoint, added user-id as : 0:0:0:0:0:0:0:1
2026-09-30 17:31:04 INFO  [reactor-http-nio-4] traceId=d2f6bf1c0d8cb52c8dbcebc1a62105be spanId=5739f2b6f457b817 c.e.a.filter.AuthenticationFilter : Authentication Filter Request Path: /user-service/api/users/forgot-password
2026-09-30 17:31:04 INFO  [reactor-http-nio-4] traceId=d2f6bf1c0d8cb52c8dbcebc1a62105be spanId=5739f2b6f457b817 c.e.a.filter.AuthenticationFilter : Authentication Filter Method: POST
2026-09-30 17:31:04 INFO  [reactor-http-nio-4] traceId=d2f6bf1c0d8cb52c8dbcebc1a62105be spanId=5739f2b6f457b817 c.e.a.filter.AuthenticationFilter : This was a public endpoint, added user-id as : 0:0:0:0:0:0:0:1
2026-09-30 17:32:59 INFO  [AsyncResolver-bootstrap-executor-%d] traceId= spanId= c.n.d.s.r.aws.ConfigClusterResolver : Resolving eureka endpoints via configuration
2026-09-30 17:34:47 INFO  [reactor-http-nio-10] traceId=4e861d110fa1cad3bb949c69d8e4c3f6 spanId=008e35329c856121 c.e.a.filter.AuthenticationFilter : Authentication Filter Request Path: /user-service/api/users/forgot-password
2026-09-30 17:34:47 INFO  [reactor-http-nio-10] traceId=4e861d110fa1cad3bb949c69d8e4c3f6 spanId=008e35329c856121 c.e.a.filter.AuthenticationFilter : Authentication Filter Method: POST
2026-09-30 17:34:47 INFO  [reactor-http-nio-10] traceId=4e861d110fa1cad3bb949c69d8e4c3f6 spanId=008e35329c856121 c.e.a.filter.AuthenticationFilter : This was a public endpoint, added user-id as : 0:0:0:0:0:0:0:1
2026-09-30 17:36:33 INFO  [reactor-http-nio-3] traceId=c8c7252763b1ae94d569dd224f7572f4 spanId=e2f7487696088849 c.e.a.filter.AuthenticationFilter : Authentication Filter Request Path: /user-service/api/users/forgot-password
2026-09-30 17:36:33 INFO  [reactor-http-nio-3] traceId=c8c7252763b1ae94d569dd224f7572f4 spanId=e2f7487696088849 c.e.a.filter.AuthenticationFilter : Authentication Filter Method: POST
2026-09-30 17:36:33 INFO  [reactor-http-nio-3] traceId=c8c7252763b1ae94d569dd224f7572f4 spanId=e2f7487696088849 c.e.a.filter.AuthenticationFilter : This was a public endpoint, added user-id as : 0:0:0:0:0:0:0:1
2026-09-30 17:36:44 INFO  [reactor-http-nio-3] traceId=9cec4427e1945542e11996878957f411 spanId=58ab0a901441c1ee c.e.a.filter.AuthenticationFilter : Authentication Filter Request Path: /user-service/api/users/forgot-password
2026-09-30 17:36:44 INFO  [reactor-http-nio-3] traceId=9cec4427e1945542e11996878957f411 spanId=58ab0a901441c1ee c.e.a.filter.AuthenticationFilter : Authentication Filter Method: POST
2026-09-30 17:36:44 INFO  [reactor-http-nio-3] traceId=9cec4427e1945542e11996878957f411 spanId=58ab0a901441c1ee c.e.a.filter.AuthenticationFilter : This was a public endpoint, added user-id as : 0:0:0:0:0:0:0:1
2026-09-30 17:36:45 INFO  [reactor-http-nio-3] traceId=b6631e6cd310a86167549ad84f0cf1ce spanId=365c70a988c1971a c.e.a.filter.AuthenticationFilter : Authentication Filter Request Path: /user-service/api/users/forgot-password
2026-09-30 17:36:45 INFO  [reactor-http-nio-3] traceId=b6631e6cd310a86167549ad84f0cf1ce spanId=365c70a988c1971a c.e.a.filter.AuthenticationFilter : Authentication Filter Method: POST
2026-09-30 17:36:45 INFO  [reactor-http-nio-3] traceId=b6631e6cd310a86167549ad84f0cf1ce spanId=365c70a988c1971a c.e.a.filter.AuthenticationFilter : This was a public endpoint, added user-id as : 0:0:0:0:0:0:0:1
2026-09-30 17:36:53 INFO  [reactor-http-nio-3] traceId=b8328087a01419aeaab6f6824858a0f4 spanId=5b63ac922ca2f266 c.e.a.filter.AuthenticationFilter : Authentication Filter Request Path: /user-service/api/users/forgot-password
2026-09-30 17:36:53 INFO  [reactor-http-nio-3] traceId=b8328087a01419aeaab6f6824858a0f4 spanId=5b63ac922ca2f266 c.e.a.filter.AuthenticationFilter : Authentication Filter Method: POST
2026-09-30 17:36:53 INFO  [reactor-http-nio-3] traceId=b8328087a01419aeaab6f6824858a0f4 spanId=5b63ac922ca2f266 c.e.a.filter.AuthenticationFilter : This was a public endpoint, added user-id as : 0:0:0:0:0:0:0:1
2026-09-30 17:37:01 INFO  [SpringApplicationShutdownHook] traceId= spanId= o.s.c.n.e.s.EurekaServiceRegistry : Unregistering application API-GATEWAY with eureka with status DOWN
2026-09-30 17:37:01 INFO  [SpringApplicationShutdownHook] traceId= spanId= c.netflix.discovery.DiscoveryClient : Saw local status change event StatusChangeEvent [timestamp=1790770021549, current=DOWN, previous=UP]
2026-09-30 17:37:01 INFO  [DiscoveryClient-InstanceInfoReplicator-%d] traceId= spanId= c.netflix.discovery.DiscoveryClient : DiscoveryClient_API-GATEWAY/10.19.63.112:api-gateway:8080: registering service...
2026-09-30 17:37:01 INFO  [DiscoveryClient-InstanceInfoReplicator-%d] traceId= spanId= c.netflix.discovery.DiscoveryClient : DiscoveryClient_API-GATEWAY/10.19.63.112:api-gateway:8080 - registration status: 204
2026-09-30 17:37:01 INFO  [SpringApplicationShutdownHook] traceId= spanId= o.s.b.reactor.netty.GracefulShutdown : Commencing graceful shutdown. Waiting for active requests to complete
2026-09-30 17:37:01 INFO  [netty-shutdown] traceId= spanId= o.s.b.reactor.netty.GracefulShutdown : Graceful shutdown complete
2026-09-30 17:37:03 INFO  [SpringApplicationShutdownHook] traceId= spanId= c.netflix.discovery.DiscoveryClient : Shutting down DiscoveryClient ...
2026-09-30 17:37:06 INFO  [SpringApplicationShutdownHook] traceId= spanId= c.netflix.discovery.DiscoveryClient : Unregistering ...
2026-09-30 17:37:06 INFO  [SpringApplicationShutdownHook] traceId= spanId= c.n.d.s.t.d.RedirectingEurekaHttpClient : Request execution error. endpoint=DefaultEndpoint{ serviceUrl='http://localhost:8761/eureka/} exception=I/O error on DELETE request for "http://localhost:8761/eureka/apps/API-GATEWAY/10.19.63.112:api-gateway:8080": Connect to http://localhost:8761 failed: Connection refused stacktrace=org.springframework.web.client.ResourceAccessException: I/O error on DELETE request for "http://localhost:8761/eureka/apps/API-GATEWAY/10.19.63.112:api-gateway:8080": Connect to http://localhost:8761 failed: Connection refused
	at org.springframework.web.client.DefaultRestClient$DefaultRequestBodyUriSpec.createResourceAccessException(DefaultRestClient.java:779)
	at org.springframework.web.client.DefaultRestClient$DefaultRequestBodyUriSpec.exchangeInternal(DefaultRestClient.java:624)
	at org.springframework.web.client.DefaultRestClient$DefaultRequestBodyUriSpec.exchange(DefaultRestClient.java:572)
	at org.springframework.web.client.RestClient$RequestHeadersSpec.exchange(RestClient.java:747)
	at org.springframework.web.client.DefaultRestClient$DefaultResponseSpec.executeAndExtract(DefaultRestClient.java:924)
	at org.springframework.web.client.DefaultRestClient$DefaultResponseSpec.toBodilessEntity(DefaultRestClient.java:888)
	at org.springframework.cloud.netflix.eureka.http.RestClientEurekaHttpClient.cancel(RestClientEurekaHttpClient.java:73)
	at com.netflix.discovery.shared.transport.decorator.EurekaHttpClientDecorator$2.execute(EurekaHttpClientDecorator.java:74)
	at com.netflix.discovery.shared.transport.decorator.RedirectingEurekaHttpClient.execute(RedirectingEurekaHttpClient.java:91)
	at com.netflix.discovery.shared.transport.decorator.EurekaHttpClientDecorator.cancel(EurekaHttpClientDecorator.java:71)
	at com.netflix.discovery.shared.transport.decorator.EurekaHttpClientDecorator$2.execute(EurekaHttpClientDecorator.java:74)
	at com.netflix.discovery.shared.transport.decorator.RetryableEurekaHttpClient.execute(RetryableEurekaHttpClient.java:120)
	at com.netflix.discovery.shared.transport.decorator.EurekaHttpClientDecorator.cancel(EurekaHttpClientDecorator.java:71)
	at com.netflix.discovery.shared.transport.decorator.EurekaHttpClientDecorator$2.execute(EurekaHttpClientDecorator.java:74)
	at com.netflix.discovery.shared.transport.decorator.SessionedEurekaHttpClient.execute(SessionedEurekaHttpClient.java:76)
	at com.netflix.discovery.shared.transport.decorator.EurekaHttpClientDecorator.cancel(EurekaHttpClientDecorator.java:71)
	at com.netflix.discovery.DiscoveryClient.unregister(DiscoveryClient.java:919)
	at com.netflix.discovery.DiscoveryClient.shutdown(DiscoveryClient.java:900)
	at java.base/jdk.internal.reflect.DirectMethodHandleAccessor.invoke(DirectMethodHandleAccessor.java:104)
	at java.base/java.lang.reflect.Method.invoke(Method.java:565)
	at org.springframework.beans.factory.annotation.InitDestroyAnnotationBeanPostProcessor$LifecycleMethod.invoke(InitDestroyAnnotationBeanPostProcessor.java:453)
	at org.springframework.beans.factory.annotation.InitDestroyAnnotationBeanPostProcessor$LifecycleMetadata.invokeDestroyMethods(InitDestroyAnnotationBeanPostProcessor.java:411)
	at org.springframework.beans.factory.annotation.InitDestroyAnnotationBeanPostProcessor.postProcessBeforeDestruction(InitDestroyAnnotationBeanPostProcessor.java:237)
	at org.springframework.beans.factory.support.DisposableBeanAdapter.destroy(DisposableBeanAdapter.java:200)
	at org.springframework.beans.factory.support.DisposableBeanAdapter.run(DisposableBeanAdapter.java:193)
	at org.springframework.cloud.context.scope.GenericScope$BeanLifecycleWrapper.destroy(GenericScope.java:387)
	at org.springframework.cloud.context.scope.GenericScope.destroy(GenericScope.java:134)
	at org.springframework.beans.factory.support.DisposableBeanAdapter.destroy(DisposableBeanAdapter.java:209)
	at org.springframework.beans.factory.support.DefaultSingletonBeanRegistry.destroyBean(DefaultSingletonBeanRegistry.java:795)
	at org.springframework.beans.factory.support.DefaultSingletonBeanRegistry.destroySingleton(DefaultSingletonBeanRegistry.java:745)
	at org.springframework.beans.factory.support.DefaultListableBeanFactory.destroySingleton(DefaultListableBeanFactory.java:1500)
	at org.springframework.beans.factory.support.DefaultSingletonBeanRegistry.destroySingletons(DefaultSingletonBeanRegistry.java:704)
	at org.springframework.beans.factory.support.DefaultListableBeanFactory.destroySingletons(DefaultListableBeanFactory.java:1493)
	at org.springframework.context.support.AbstractApplicationContext.destroyBeans(AbstractApplicationContext.java:1246)
	at org.springframework.context.support.AbstractApplicationContext.doClose(AbstractApplicationContext.java:1207)
	at org.springframework.boot.web.server.reactive.context.ReactiveWebServerApplicationContext.doClose(ReactiveWebServerApplicationContext.java:158)
	at org.springframework.context.support.AbstractApplicationContext.close(AbstractApplicationContext.java:1153)
	at org.springframework.boot.SpringApplicationShutdownHook.closeAndWait(SpringApplicationShutdownHook.java:147)
	at java.base/java.lang.Iterable.forEach(Iterable.java:75)
	at org.springframework.boot.SpringApplicationShutdownHook.run(SpringApplicationShutdownHook.java:116)
	at java.base/java.lang.Thread.run(Thread.java:1474)
Caused by: org.apache.hc.client5.http.HttpHostConnectException: Connect to http://localhost:8761 failed: Connection refused
	at java.base/sun.nio.ch.Net.pollConnect(Native Method)
	at java.base/sun.nio.ch.Net.pollConnectNow(Net.java:639)
	at java.base/sun.nio.ch.NioSocketImpl.timedFinishConnect(NioSocketImpl.java:550)
	at java.base/sun.nio.ch.NioSocketImpl.connect(NioSocketImpl.java:594)
	at java.base/java.net.SocksSocketImpl.connect(SocksSocketImpl.java:284)
	at java.base/java.net.Socket.connect(Socket.java:659)
	at org.apache.hc.client5.http.impl.io.DefaultHttpClientConnectionOperator.connect(DefaultHttpClientConnectionOperator.java:226)
	at org.apache.hc.client5.http.impl.io.PoolingHttpClientConnectionManager.connect(PoolingHttpClientConnectionManager.java:497)
	at org.apache.hc.client5.http.impl.classic.InternalExecRuntime.connectEndpoint(InternalExecRuntime.java:164)
	at org.apache.hc.client5.http.impl.classic.InternalExecRuntime.connectEndpoint(InternalExecRuntime.java:174)
	at org.apache.hc.client5.http.impl.classic.ConnectExec.execute(ConnectExec.java:144)
	at org.apache.hc.client5.http.impl.classic.ExecChainElement.execute(ExecChainElement.java:51)
	at org.apache.hc.client5.http.impl.classic.ProtocolExec.execute(ProtocolExec.java:195)
	at org.apache.hc.client5.http.impl.classic.ExecChainElement.execute(ExecChainElement.java:51)
	at org.apache.hc.client5.http.impl.classic.ContentCompressionExec.execute(ContentCompressionExec.java:168)
	at org.apache.hc.client5.http.impl.classic.ExecChainElement.execute(ExecChainElement.java:51)
	at org.apache.hc.client5.http.impl.classic.HttpRequestRetryExec.execute(HttpRequestRetryExec.java:112)
	at org.apache.hc.client5.http.impl.classic.ExecChainElement.execute(ExecChainElement.java:51)
	at org.apache.hc.client5.http.impl.classic.RedirectExec.execute(RedirectExec.java:110)
	at org.apache.hc.client5.http.impl.classic.ExecChainElement.execute(ExecChainElement.java:51)
	at org.apache.hc.client5.http.impl.classic.InternalHttpClient.doExecute(InternalHttpClient.java:185)
	at org.apache.hc.client5.http.impl.classic.CloseableHttpClient.execute(CloseableHttpClient.java:87)
	at org.apache.hc.client5.http.impl.classic.CloseableHttpClient.execute(CloseableHttpClient.java:55)
	at org.apache.hc.client5.http.classic.HttpClient.executeOpen(HttpClient.java:183)
	at org.springframework.http.client.HttpComponentsClientHttpRequest.executeInternal(HttpComponentsClientHttpRequest.java:99)
	at org.springframework.http.client.AbstractStreamingClientHttpRequest.executeInternal(AbstractStreamingClientHttpRequest.java:87)
	at org.springframework.http.client.AbstractClientHttpRequest.execute(AbstractClientHttpRequest.java:80)
	at org.springframework.http.client.AbstractBufferingClientHttpRequest.executeWithRequestAndBody(AbstractBufferingClientHttpRequest.java:89)
	at org.springframework.http.client.InterceptingClientHttpRequest$EndOfChainRequestExecution.execute(InterceptingClientHttpRequest.java:102)
	at org.springframework.cloud.netflix.eureka.http.RestClientTransportClientFactory.lambda$newClient$2(RestClientTransportClientFactory.java:98)
	at org.springframework.http.client.ClientHttpRequestInterceptor.lambda$apply$0(ClientHttpRequestInterceptor.java:89)
	at org.springframework.http.client.InterceptingClientHttpRequest.executeInternal(InterceptingClientHttpRequest.java:73)
	at org.springframework.http.client.AbstractBufferingClientHttpRequest.executeInternal(AbstractBufferingClientHttpRequest.java:50)
	at org.springframework.http.client.AbstractClientHttpRequest.execute(AbstractClientHttpRequest.java:80)
	at org.springframework.web.client.DefaultRestClient$DefaultRequestBodyUriSpec.exchangeInternal(DefaultRestClient.java:614)
	... 39 more

2026-09-30 17:37:06 WARN  [SpringApplicationShutdownHook] traceId= spanId= c.n.d.s.t.d.RetryableEurekaHttpClient : Request execution failed with message: I/O error on DELETE request for "http://localhost:8761/eureka/apps/API-GATEWAY/10.19.63.112:api-gateway:8080": Connect to http://localhost:8761 failed: Connection refused
2026-09-30 17:37:06 INFO  [SpringApplicationShutdownHook] traceId= spanId= c.n.d.s.t.d.RedirectingEurekaHttpClient : Request execution error. endpoint=DefaultEndpoint{ serviceUrl='http://localhost:8761/eureka/}, exception=I/O error on DELETE request for "http://localhost:8761/eureka/apps/API-GATEWAY/10.19.63.112:api-gateway:8080": Connect to http://localhost:8761 failed: Connection refused stacktrace=org.springframework.web.client.ResourceAccessException: I/O error on DELETE request for "http://localhost:8761/eureka/apps/API-GATEWAY/10.19.63.112:api-gateway:8080": Connect to http://localhost:8761 failed: Connection refused
	at org.springframework.web.client.DefaultRestClient$DefaultRequestBodyUriSpec.createResourceAccessException(DefaultRestClient.java:779)
	at org.springframework.web.client.DefaultRestClient$DefaultRequestBodyUriSpec.exchangeInternal(DefaultRestClient.java:624)
	at org.springframework.web.client.DefaultRestClient$DefaultRequestBodyUriSpec.exchange(DefaultRestClient.java:572)
	at org.springframework.web.client.RestClient$RequestHeadersSpec.exchange(RestClient.java:747)
	at org.springframework.web.client.DefaultRestClient$DefaultResponseSpec.executeAndExtract(DefaultRestClient.java:924)
	at org.springframework.web.client.DefaultRestClient$DefaultResponseSpec.toBodilessEntity(DefaultRestClient.java:888)
	at org.springframework.cloud.netflix.eureka.http.RestClientEurekaHttpClient.cancel(RestClientEurekaHttpClient.java:73)
	at com.netflix.discovery.shared.transport.decorator.EurekaHttpClientDecorator$2.execute(EurekaHttpClientDecorator.java:74)
	at com.netflix.discovery.shared.transport.decorator.RedirectingEurekaHttpClient.executeOnNewServer(RedirectingEurekaHttpClient.java:121)
	at com.netflix.discovery.shared.transport.decorator.RedirectingEurekaHttpClient.execute(RedirectingEurekaHttpClient.java:80)
	at com.netflix.discovery.shared.transport.decorator.EurekaHttpClientDecorator.cancel(EurekaHttpClientDecorator.java:71)
	at com.netflix.discovery.shared.transport.decorator.EurekaHttpClientDecorator$2.execute(EurekaHttpClientDecorator.java:74)
	at com.netflix.discovery.shared.transport.decorator.RetryableEurekaHttpClient.execute(RetryableEurekaHttpClient.java:120)
	at com.netflix.discovery.shared.transport.decorator.EurekaHttpClientDecorator.cancel(EurekaHttpClientDecorator.java:71)
	at com.netflix.discovery.shared.transport.decorator.EurekaHttpClientDecorator$2.execute(EurekaHttpClientDecorator.java:74)
	at com.netflix.discovery.shared.transport.decorator.SessionedEurekaHttpClient.execute(SessionedEurekaHttpClient.java:76)
	at com.netflix.discovery.shared.transport.decorator.EurekaHttpClientDecorator.cancel(EurekaHttpClientDecorator.java:71)
	at com.netflix.discovery.DiscoveryClient.unregister(DiscoveryClient.java:919)
	at com.netflix.discovery.DiscoveryClient.shutdown(DiscoveryClient.java:900)
	at java.base/jdk.internal.reflect.DirectMethodHandleAccessor.invoke(DirectMethodHandleAccessor.java:104)
	at java.base/java.lang.reflect.Method.invoke(Method.java:565)
	at org.springframework.beans.factory.annotation.InitDestroyAnnotationBeanPostProcessor$LifecycleMethod.invoke(InitDestroyAnnotationBeanPostProcessor.java:453)
	at org.springframework.beans.factory.annotation.InitDestroyAnnotationBeanPostProcessor$LifecycleMetadata.invokeDestroyMethods(InitDestroyAnnotationBeanPostProcessor.java:411)
	at org.springframework.beans.factory.annotation.InitDestroyAnnotationBeanPostProcessor.postProcessBeforeDestruction(InitDestroyAnnotationBeanPostProcessor.java:237)
	at org.springframework.beans.factory.support.DisposableBeanAdapter.destroy(DisposableBeanAdapter.java:200)
	at org.springframework.beans.factory.support.DisposableBeanAdapter.run(DisposableBeanAdapter.java:193)
	at org.springframework.cloud.context.scope.GenericScope$BeanLifecycleWrapper.destroy(GenericScope.java:387)
	at org.springframework.cloud.context.scope.GenericScope.destroy(GenericScope.java:134)
	at org.springframework.beans.factory.support.DisposableBeanAdapter.destroy(DisposableBeanAdapter.java:209)
	at org.springframework.beans.factory.support.DefaultSingletonBeanRegistry.destroyBean(DefaultSingletonBeanRegistry.java:795)
	at org.springframework.beans.factory.support.DefaultSingletonBeanRegistry.destroySingleton(DefaultSingletonBeanRegistry.java:745)
	at org.springframework.beans.factory.support.DefaultListableBeanFactory.destroySingleton(DefaultListableBeanFactory.java:1500)
	at org.springframework.beans.factory.support.DefaultSingletonBeanRegistry.destroySingletons(DefaultSingletonBeanRegistry.java:704)
	at org.springframework.beans.factory.support.DefaultListableBeanFactory.destroySingletons(DefaultListableBeanFactory.java:1493)
	at org.springframework.context.support.AbstractApplicationContext.destroyBeans(AbstractApplicationContext.java:1246)
	at org.springframework.context.support.AbstractApplicationContext.doClose(AbstractApplicationContext.java:1207)
	at org.springframework.boot.web.server.reactive.context.ReactiveWebServerApplicationContext.doClose(ReactiveWebServerApplicationContext.java:158)
	at org.springframework.context.support.AbstractApplicationContext.close(AbstractApplicationContext.java:1153)
	at org.springframework.boot.SpringApplicationShutdownHook.closeAndWait(SpringApplicationShutdownHook.java:147)
	at java.base/java.lang.Iterable.forEach(Iterable.java:75)
	at org.springframework.boot.SpringApplicationShutdownHook.run(SpringApplicationShutdownHook.java:116)
	at java.base/java.lang.Thread.run(Thread.java:1474)
Caused by: org.apache.hc.client5.http.HttpHostConnectException: Connect to http://localhost:8761 failed: Connection refused
	at java.base/sun.nio.ch.Net.pollConnect(Native Method)
	at java.base/sun.nio.ch.Net.pollConnectNow(Net.java:639)
	at java.base/sun.nio.ch.NioSocketImpl.timedFinishConnect(NioSocketImpl.java:550)
	at java.base/sun.nio.ch.NioSocketImpl.connect(NioSocketImpl.java:594)
	at java.base/java.net.SocksSocketImpl.connect(SocksSocketImpl.java:284)
	at java.base/java.net.Socket.connect(Socket.java:659)
	at org.apache.hc.client5.http.impl.io.DefaultHttpClientConnectionOperator.connect(DefaultHttpClientConnectionOperator.java:226)
	at org.apache.hc.client5.http.impl.io.PoolingHttpClientConnectionManager.connect(PoolingHttpClientConnectionManager.java:497)
	at org.apache.hc.client5.http.impl.classic.InternalExecRuntime.connectEndpoint(InternalExecRuntime.java:164)
	at org.apache.hc.client5.http.impl.classic.InternalExecRuntime.connectEndpoint(InternalExecRuntime.java:174)
	at org.apache.hc.client5.http.impl.classic.ConnectExec.execute(ConnectExec.java:144)
	at org.apache.hc.client5.http.impl.classic.ExecChainElement.execute(ExecChainElement.java:51)
	at org.apache.hc.client5.http.impl.classic.ProtocolExec.execute(ProtocolExec.java:195)
	at org.apache.hc.client5.http.impl.classic.ExecChainElement.execute(ExecChainElement.java:51)
	at org.apache.hc.client5.http.impl.classic.ContentCompressionExec.execute(ContentCompressionExec.java:168)
	at org.apache.hc.client5.http.impl.classic.ExecChainElement.execute(ExecChainElement.java:51)
	at org.apache.hc.client5.http.impl.classic.HttpRequestRetryExec.execute(HttpRequestRetryExec.java:112)
	at org.apache.hc.client5.http.impl.classic.ExecChainElement.execute(ExecChainElement.java:51)
	at org.apache.hc.client5.http.impl.classic.RedirectExec.execute(RedirectExec.java:110)
	at org.apache.hc.client5.http.impl.classic.ExecChainElement.execute(ExecChainElement.java:51)
	at org.apache.hc.client5.http.impl.classic.InternalHttpClient.doExecute(InternalHttpClient.java:185)
	at org.apache.hc.client5.http.impl.classic.CloseableHttpClient.execute(CloseableHttpClient.java:87)
	at org.apache.hc.client5.http.impl.classic.CloseableHttpClient.execute(CloseableHttpClient.java:55)
	at org.apache.hc.client5.http.classic.HttpClient.executeOpen(HttpClient.java:183)
	at org.springframework.http.client.HttpComponentsClientHttpRequest.executeInternal(HttpComponentsClientHttpRequest.java:99)
	at org.springframework.http.client.AbstractStreamingClientHttpRequest.executeInternal(AbstractStreamingClientHttpRequest.java:87)
	at org.springframework.http.client.AbstractClientHttpRequest.execute(AbstractClientHttpRequest.java:80)
	at org.springframework.http.client.AbstractBufferingClientHttpRequest.executeWithRequestAndBody(AbstractBufferingClientHttpRequest.java:89)
	at org.springframework.http.client.InterceptingClientHttpRequest$EndOfChainRequestExecution.execute(InterceptingClientHttpRequest.java:102)
	at org.springframework.cloud.netflix.eureka.http.RestClientTransportClientFactory.lambda$newClient$2(RestClientTransportClientFactory.java:98)
	at org.springframework.http.client.ClientHttpRequestInterceptor.lambda$apply$0(ClientHttpRequestInterceptor.java:89)
	at org.springframework.http.client.InterceptingClientHttpRequest.executeInternal(InterceptingClientHttpRequest.java:73)
	at org.springframework.http.client.AbstractBufferingClientHttpRequest.executeInternal(AbstractBufferingClientHttpRequest.java:50)
	at org.springframework.http.client.AbstractClientHttpRequest.execute(AbstractClientHttpRequest.java:80)
	at org.springframework.web.client.DefaultRestClient$DefaultRequestBodyUriSpec.exchangeInternal(DefaultRestClient.java:614)
	... 40 more

2026-09-30 17:37:06 WARN  [SpringApplicationShutdownHook] traceId= spanId= c.n.d.s.t.d.RetryableEurekaHttpClient : Request execution failed with message: I/O error on DELETE request for "http://localhost:8761/eureka/apps/API-GATEWAY/10.19.63.112:api-gateway:8080": Connect to http://localhost:8761 failed: Connection refused
2026-09-30 17:37:06 ERROR [SpringApplicationShutdownHook] traceId= spanId= c.netflix.discovery.DiscoveryClient : DiscoveryClient_API-GATEWAY/10.19.63.112:api-gateway:8080 - de-registration failedCannot execute request on any known server
com.netflix.discovery.shared.transport.TransportException: Cannot execute request on any known server
	at com.netflix.discovery.shared.transport.decorator.RetryableEurekaHttpClient.execute(RetryableEurekaHttpClient.java:112)
	at com.netflix.discovery.shared.transport.decorator.EurekaHttpClientDecorator.cancel(EurekaHttpClientDecorator.java:71)
	at com.netflix.discovery.shared.transport.decorator.EurekaHttpClientDecorator$2.execute(EurekaHttpClientDecorator.java:74)
	at com.netflix.discovery.shared.transport.decorator.SessionedEurekaHttpClient.execute(SessionedEurekaHttpClient.java:76)
	at com.netflix.discovery.shared.transport.decorator.EurekaHttpClientDecorator.cancel(EurekaHttpClientDecorator.java:71)
	at com.netflix.discovery.DiscoveryClient.unregister(DiscoveryClient.java:919)
	at com.netflix.discovery.DiscoveryClient.shutdown(DiscoveryClient.java:900)
	at java.base/jdk.internal.reflect.DirectMethodHandleAccessor.invoke(DirectMethodHandleAccessor.java:104)
	at java.base/java.lang.reflect.Method.invoke(Method.java:565)
	at org.springframework.beans.factory.annotation.InitDestroyAnnotationBeanPostProcessor$LifecycleMethod.invoke(InitDestroyAnnotationBeanPostProcessor.java:453)
	at org.springframework.beans.factory.annotation.InitDestroyAnnotationBeanPostProcessor$LifecycleMetadata.invokeDestroyMethods(InitDestroyAnnotationBeanPostProcessor.java:411)
	at org.springframework.beans.factory.annotation.InitDestroyAnnotationBeanPostProcessor.postProcessBeforeDestruction(InitDestroyAnnotationBeanPostProcessor.java:237)
	at org.springframework.beans.factory.support.DisposableBeanAdapter.destroy(DisposableBeanAdapter.java:200)
	at org.springframework.beans.factory.support.DisposableBeanAdapter.run(DisposableBeanAdapter.java:193)
	at org.springframework.cloud.context.scope.GenericScope$BeanLifecycleWrapper.destroy(GenericScope.java:387)
	at org.springframework.cloud.context.scope.GenericScope.destroy(GenericScope.java:134)
	at org.springframework.beans.factory.support.DisposableBeanAdapter.destroy(DisposableBeanAdapter.java:209)
	at org.springframework.beans.factory.support.DefaultSingletonBeanRegistry.destroyBean(DefaultSingletonBeanRegistry.java:795)
	at org.springframework.beans.factory.support.DefaultSingletonBeanRegistry.destroySingleton(DefaultSingletonBeanRegistry.java:745)
	at org.springframework.beans.factory.support.DefaultListableBeanFactory.destroySingleton(DefaultListableBeanFactory.java:1500)
	at org.springframework.beans.factory.support.DefaultSingletonBeanRegistry.destroySingletons(DefaultSingletonBeanRegistry.java:704)
	at org.springframework.beans.factory.support.DefaultListableBeanFactory.destroySingletons(DefaultListableBeanFactory.java:1493)
	at org.springframework.context.support.AbstractApplicationContext.destroyBeans(AbstractApplicationContext.java:1246)
	at org.springframework.context.support.AbstractApplicationContext.doClose(AbstractApplicationContext.java:1207)
	at org.springframework.boot.web.server.reactive.context.ReactiveWebServerApplicationContext.doClose(ReactiveWebServerApplicationContext.java:158)
	at org.springframework.context.support.AbstractApplicationContext.close(AbstractApplicationContext.java:1153)
	at org.springframework.boot.SpringApplicationShutdownHook.closeAndWait(SpringApplicationShutdownHook.java:147)
	at java.base/java.lang.Iterable.forEach(Iterable.java:75)
	at org.springframework.boot.SpringApplicationShutdownHook.run(SpringApplicationShutdownHook.java:116)
	at java.base/java.lang.Thread.run(Thread.java:1474)
2026-09-30 17:37:06 INFO  [SpringApplicationShutdownHook] traceId= spanId= c.netflix.discovery.DiscoveryClient : Completed shut down of DiscoveryClient
