2026-09-30 16:56:48 INFO  [main] traceId= spanId= c.e.p.PaymentServiceApplication : Starting PaymentServiceApplication using Java 25.0.2 with PID 55778 (/Users/canzova/IdeaProjects/MicroDevops/payment-service/target/classes started by canzova in /Users/canzova/IdeaProjects/MicroDevops)
2026-09-30 16:56:48 DEBUG [main] traceId= spanId= c.e.p.PaymentServiceApplication : Running with Spring Boot v4.0.6, Spring v7.0.7
2026-09-30 16:56:48 INFO  [main] traceId= spanId= c.e.p.PaymentServiceApplication : The following 1 profile is active: "dev"
2026-09-30 16:56:48 INFO  [main] traceId= spanId= o.s.c.c.c.ConfigServerConfigDataLoader : Fetching config from server at : http://localhost:8079
2026-09-30 16:56:48 INFO  [main] traceId= spanId= o.s.c.c.c.ConfigServerConfigDataLoader : Located environment: name=payment-service, profiles=[default], label=null, version=81c6b54ba943cc23f3785a62bdfb85381b2433f3, state=
2026-09-30 16:56:48 INFO  [main] traceId= spanId= o.s.c.c.c.ConfigServerConfigDataLoader : Fetching config from server at : http://localhost:8079
2026-09-30 16:56:48 INFO  [main] traceId= spanId= o.s.c.c.c.ConfigServerConfigDataLoader : Located environment: name=payment-service, profiles=[dev], label=null, version=81c6b54ba943cc23f3785a62bdfb85381b2433f3, state=
2026-09-30 16:56:48 INFO  [main] traceId= spanId= o.s.d.r.c.RepositoryConfigurationDelegate : Bootstrapping Spring Data JPA repositories in DEFAULT mode.
2026-09-30 16:56:48 INFO  [main] traceId= spanId= o.s.d.r.c.RepositoryConfigurationDelegate : Finished Spring Data repository scanning in 90 ms. Found 1 JPA repository interface.
2026-09-30 16:56:48 INFO  [main] traceId= spanId= o.s.i.c.DefaultConfiguringBeanFactoryPostProcessor : No bean named 'errorChannel' has been explicitly defined. Therefore, a default PublishSubscribeChannel will be created.
2026-09-30 16:56:48 INFO  [main] traceId= spanId= o.s.i.c.DefaultConfiguringBeanFactoryPostProcessor : No bean named 'integrationHeaderChannelRegistry' has been explicitly defined. Therefore, a default DefaultHeaderChannelRegistry will be created.
2026-09-30 16:56:48 INFO  [main] traceId= spanId= o.s.cloud.context.scope.GenericScope : BeanFactory id=0cbf2236-b45a-33a0-8005-588df9a20432
2026-09-30 16:56:49 INFO  [main] traceId= spanId= o.s.boot.tomcat.TomcatWebServer : Tomcat initialized with port 8085 (http)
2026-09-30 16:56:49 INFO  [main] traceId= spanId= o.a.catalina.core.StandardService : Starting service [Tomcat]
2026-09-30 16:56:49 INFO  [main] traceId= spanId= o.a.catalina.core.StandardEngine : Starting Servlet engine: [Apache Tomcat/11.0.21]
2026-09-30 16:56:49 INFO  [main] traceId= spanId= o.s.b.w.c.s.WebApplicationContextInitializer : Root WebApplicationContext: initialization completed in 1000 ms
2026-09-30 16:56:49 INFO  [main] traceId= spanId= org.hibernate.orm.jpa : HHH008540: Processing PersistenceUnitInfo [name: default]
2026-09-30 16:56:49 INFO  [main] traceId= spanId= org.hibernate.orm.core : HHH000001: Hibernate ORM core version 7.2.12.Final
2026-09-30 16:56:49 INFO  [main] traceId= spanId= o.s.o.j.p.SpringPersistenceUnitInfo : No LoadTimeWeaver setup: ignoring JPA class transformer
2026-09-30 16:56:49 INFO  [main] traceId= spanId= com.zaxxer.hikari.HikariDataSource : HikariPool-1 - Starting...
2026-09-30 16:56:49 INFO  [main] traceId= spanId= com.zaxxer.hikari.pool.HikariPool : HikariPool-1 - Added connection com.mysql.cj.jdbc.ConnectionImpl@7da7b071
2026-09-30 16:56:49 INFO  [main] traceId= spanId= com.zaxxer.hikari.HikariDataSource : HikariPool-1 - Start completed.
2026-09-30 16:56:49 WARN  [main] traceId= spanId= org.hibernate.orm.deprecation : HHH90000025: MySQLDialect does not need to be specified explicitly using 'hibernate.dialect' (remove the property setting and it will be selected by default)
2026-09-30 16:56:49 INFO  [main] traceId= spanId= o.hibernate.orm.connections.pooling : HHH10001005: Database info:
	Database JDBC URL [jdbc:mysql://localhost:3306/payment_db]
	Database driver: MySQL Connector/J
	Database dialect: MySQLDialect
	Database version: 8.4.9
	Default catalog/schema: payment_db/undefined
	Autocommit mode: undefined/unknown
	Isolation level: REPEATABLE_READ [default REPEATABLE_READ]
	JDBC fetch size: none
	Pool: DataSourceConnectionProvider
	Minimum pool size: undefined/unknown
	Maximum pool size: undefined/unknown
2026-09-30 16:56:50 INFO  [main] traceId= spanId= org.hibernate.orm.core : HHH000489: No JTA platform available (set 'hibernate.transaction.jta.platform' to enable JTA platform integration)
2026-09-30 16:56:50 INFO  [main] traceId= spanId= o.s.o.j.LocalContainerEntityManagerFactoryBean : Initialized JPA EntityManagerFactory for persistence unit 'default'
2026-09-30 16:56:50 INFO  [main] traceId= spanId= o.s.d.j.r.q.QueryEnhancerFactories : Hibernate is in classpath; If applicable, HQL parser will be used.
2026-09-30 16:56:50 WARN  [main] traceId= spanId= o.s.b.j.a.JpaBaseConfiguration$JpaWebConfiguration : spring.jpa.open-in-view is enabled by default. Therefore, database queries may be performed during view rendering. Explicitly configure spring.jpa.open-in-view to disable this warning
2026-09-30 16:56:50 INFO  [main] traceId= spanId= o.s.c.n.e.c.DiscoveryClientOptionalArgsConfiguration : Eureka HTTP Client uses RestClient.
2026-09-30 16:56:50 WARN  [main] traceId= spanId= o.s.c.l.c.LoadBalancerCacheAutoConfiguration$LoadBalancerCaffeineWarnLogger : Spring Cloud LoadBalancer is currently working with the default cache. While this cache implementation is useful for development and tests, it's recommended to use Caffeine cache in production.You can switch to using Caffeine cache, by adding it and org.springframework.cache.caffeine.CaffeineCacheManager to the classpath.
2026-09-30 16:56:50 INFO  [main] traceId= spanId= o.s.c.s.m.DirectWithAttributesChannel : Channel 'payment-service.springCloudBusInput' has 1 subscriber(s).
2026-09-30 16:56:50 INFO  [main] traceId= spanId= o.s.i.endpoint.EventDrivenConsumer : Adding {logging-channel-adapter:_org.springframework.integration.errorLogger} as a subscriber to the 'errorChannel' channel
2026-09-30 16:56:50 INFO  [main] traceId= spanId= o.s.i.c.PublishSubscribeChannel : Channel 'payment-service.errorChannel' has 1 subscriber(s).
2026-09-30 16:56:50 INFO  [main] traceId= spanId= o.s.i.endpoint.EventDrivenConsumer : started bean '_org.springframework.integration.errorLogger'
2026-09-30 16:56:50 INFO  [main] traceId= spanId= o.s.c.n.eureka.InstanceInfoFactory : Setting initial instance status as: STARTING
2026-09-30 16:56:50 INFO  [main] traceId= spanId= c.netflix.discovery.DiscoveryClient : Initializing Eureka in region us-east-1
2026-09-30 16:56:50 INFO  [main] traceId= spanId= c.n.d.s.r.aws.ConfigClusterResolver : Resolving eureka endpoints via configuration
2026-09-30 16:56:50 INFO  [main] traceId= spanId= c.netflix.discovery.DiscoveryClient : Disable delta property : false
2026-09-30 16:56:50 INFO  [main] traceId= spanId= c.netflix.discovery.DiscoveryClient : Single vip registry refresh property : null
2026-09-30 16:56:50 INFO  [main] traceId= spanId= c.netflix.discovery.DiscoveryClient : Force full registry fetch : false
2026-09-30 16:56:50 INFO  [main] traceId= spanId= c.netflix.discovery.DiscoveryClient : Application is null : false
2026-09-30 16:56:50 INFO  [main] traceId= spanId= c.netflix.discovery.DiscoveryClient : Registered Applications size is zero : true
2026-09-30 16:56:50 INFO  [main] traceId= spanId= c.netflix.discovery.DiscoveryClient : Application version is -1: true
2026-09-30 16:56:50 INFO  [main] traceId= spanId= c.netflix.discovery.DiscoveryClient : Getting all instance registry info from the eureka server
2026-09-30 16:56:51 INFO  [main] traceId= spanId= c.netflix.discovery.DiscoveryClient : The response status is 200
2026-09-30 16:56:51 INFO  [main] traceId= spanId= c.netflix.discovery.DiscoveryClient : Starting heartbeat executor: renew interval is: 30
2026-09-30 16:56:51 INFO  [main] traceId= spanId= c.n.discovery.InstanceInfoReplicator : InstanceInfoReplicator onDemand update allowed rate per min is 4
2026-09-30 16:56:51 INFO  [main] traceId= spanId= c.netflix.discovery.DiscoveryClient : Discovery Client initialized at timestamp 1790767611036 with initial instances count: 6
2026-09-30 16:56:51 INFO  [main] traceId= spanId= o.s.c.n.e.s.EurekaServiceRegistry : Registering application PAYMENT-SERVICE with eureka with status UP
2026-09-30 16:56:51 INFO  [main] traceId= spanId= c.netflix.discovery.DiscoveryClient : Saw local status change event StatusChangeEvent [timestamp=1790767611038, current=UP, previous=STARTING]
2026-09-30 16:56:51 INFO  [DiscoveryClient-InstanceInfoReplicator-%d] traceId= spanId= c.netflix.discovery.DiscoveryClient : DiscoveryClient_PAYMENT-SERVICE/10.19.63.112:payment-service:8085: registering service...
2026-09-30 16:56:51 INFO  [main] traceId= spanId= o.s.c.s.binder.DefaultBinderFactory : Creating binder: rabbit
2026-09-30 16:56:51 INFO  [main] traceId= spanId= o.s.c.s.binder.DefaultBinderFactory : Constructing binder child context for rabbit
2026-09-30 16:56:51 INFO  [DiscoveryClient-InstanceInfoReplicator-%d] traceId= spanId= c.netflix.discovery.DiscoveryClient : DiscoveryClient_PAYMENT-SERVICE/10.19.63.112:payment-service:8085 - registration status: 204
2026-09-30 16:56:51 INFO  [main] traceId= spanId= o.s.c.s.binder.DefaultBinderFactory : Caching the binder: rabbit
2026-09-30 16:56:51 INFO  [main] traceId= spanId= o.s.c.s.b.r.p.RabbitExchangeQueueProvisioner : declaring queue for inbound: springCloudBus.anonymous.UGtUklN7QlGg7ZbbajbwGA, bound to: springCloudBus
2026-09-30 16:56:51 INFO  [main] traceId= spanId= o.s.a.r.c.CachingConnectionFactory : Attempting to connect to: [localhost:5672]
2026-09-30 16:56:51 INFO  [main] traceId= spanId= o.s.a.r.c.CachingConnectionFactory : Created new connection: rabbitConnectionFactory#20099dbd:0/SimpleConnection@4ee6cf9e [delegate=amqp://user@127.0.0.1:5672/, localPort=58587]
2026-09-30 16:56:51 INFO  [main] traceId= spanId= o.s.c.s.binder.BinderErrorChannel : Channel 'rabbit-1728211097.springCloudBusInput.errors' has 1 subscriber(s).
2026-09-30 16:56:51 INFO  [main] traceId= spanId= o.s.c.s.binder.BinderErrorChannel : Channel 'rabbit-1728211097.springCloudBusInput.errors' has 2 subscriber(s).
2026-09-30 16:56:51 INFO  [main] traceId= spanId= o.s.i.a.i.AmqpInboundChannelAdapter : started bean 'inbound.springCloudBus.anonymous.UGtUklN7QlGg7ZbbajbwGA'
2026-09-30 16:56:51 INFO  [main] traceId= spanId= o.s.boot.tomcat.TomcatWebServer : Tomcat started on port 8085 (http) with context path '/'
2026-09-30 16:56:51 INFO  [main] traceId= spanId= o.s.c.n.e.s.EurekaAutoServiceRegistration : Updating port to 8085
2026-09-30 16:56:51 INFO  [main] traceId= spanId= o.a.k.common.config.AbstractConfig : ConsumerConfig values: 
	allow.auto.create.topics = true
	auto.commit.interval.ms = 5000
	auto.offset.reset = latest
	bootstrap.servers = [localhost:9092]
	check.crcs = true
	client.dns.lookup = use_all_dns_ips
	client.id = consumer-payment-group-1
	client.rack = 
	connections.max.idle.ms = 540000
	default.api.timeout.ms = 60000
	enable.auto.commit = false
	enable.metrics.push = true
	exclude.internal.topics = true
	fetch.max.bytes = 52428800
	fetch.max.wait.ms = 500
	fetch.min.bytes = 1
	group.id = payment-group
	group.instance.id = null
	group.protocol = classic
	group.remote.assignor = null
	heartbeat.interval.ms = 3000
	interceptor.classes = []
	internal.leave.group.on.close = true
	internal.throw.on.fetch.stable.offset.unsupported = false
	isolation.level = read_uncommitted
	key.deserializer = class org.apache.kafka.common.serialization.StringDeserializer
	max.partition.fetch.bytes = 1048576
	max.poll.interval.ms = 300000
	max.poll.records = 500
	metadata.max.age.ms = 300000
	metadata.recovery.rebootstrap.trigger.ms = 300000
	metadata.recovery.strategy = rebootstrap
	metric.reporters = [class io.opentelemetry.javaagent.shaded.instrumentation.kafkaclients.common.v0_11.internal.OpenTelemetryMetricsReporter]
	metrics.num.samples = 2
	metrics.recording.level = INFO
	metrics.sample.window.ms = 30000
	partition.assignment.strategy = [class org.apache.kafka.clients.consumer.RangeAssignor, class org.apache.kafka.clients.consumer.CooperativeStickyAssignor]
	receive.buffer.bytes = 65536
	reconnect.backoff.max.ms = 1000
	reconnect.backoff.ms = 50
	request.timeout.ms = 30000
	retry.backoff.max.ms = 1000
	retry.backoff.ms = 100
	sasl.client.callback.handler.class = null
	sasl.jaas.config = null
	sasl.kerberos.kinit.cmd = /usr/bin/kinit
	sasl.kerberos.min.time.before.relogin = 60000
	sasl.kerberos.service.name = null
	sasl.kerberos.ticket.renew.jitter = 0.05
	sasl.kerberos.ticket.renew.window.factor = 0.8
	sasl.login.callback.handler.class = null
	sasl.login.class = null
	sasl.login.connect.timeout.ms = null
	sasl.login.read.timeout.ms = null
	sasl.login.refresh.buffer.seconds = 300
	sasl.login.refresh.min.period.seconds = 60
	sasl.login.refresh.window.factor = 0.8
	sasl.login.refresh.window.jitter = 0.05
	sasl.login.retry.backoff.max.ms = 10000
	sasl.login.retry.backoff.ms = 100
	sasl.mechanism = GSSAPI
	sasl.oauthbearer.assertion.algorithm = RS256
	sasl.oauthbearer.assertion.claim.aud = null
	sasl.oauthbearer.assertion.claim.exp.seconds = 300
	sasl.oauthbearer.assertion.claim.iss = null
	sasl.oauthbearer.assertion.claim.jti.include = false
	sasl.oauthbearer.assertion.claim.nbf.seconds = 60
	sasl.oauthbearer.assertion.claim.sub = null
	sasl.oauthbearer.assertion.file = null
	sasl.oauthbearer.assertion.private.key.file = null
	sasl.oauthbearer.assertion.private.key.passphrase = null
	sasl.oauthbearer.assertion.template.file = null
	sasl.oauthbearer.client.credentials.client.id = null
	sasl.oauthbearer.client.credentials.client.secret = null
	sasl.oauthbearer.clock.skew.seconds = 30
	sasl.oauthbearer.expected.audience = null
	sasl.oauthbearer.expected.issuer = null
	sasl.oauthbearer.header.urlencode = false
	sasl.oauthbearer.jwks.endpoint.refresh.ms = 3600000
	sasl.oauthbearer.jwks.endpoint.retry.backoff.max.ms = 10000
	sasl.oauthbearer.jwks.endpoint.retry.backoff.ms = 100
	sasl.oauthbearer.jwks.endpoint.url = null
	sasl.oauthbearer.jwt.retriever.class = class org.apache.kafka.common.security.oauthbearer.DefaultJwtRetriever
	sasl.oauthbearer.jwt.validator.class = class org.apache.kafka.common.security.oauthbearer.DefaultJwtValidator
	sasl.oauthbearer.scope = null
	sasl.oauthbearer.scope.claim.name = scope
	sasl.oauthbearer.sub.claim.name = sub
	sasl.oauthbearer.token.endpoint.url = null
	security.protocol = PLAINTEXT
	security.providers = null
	send.buffer.bytes = 131072
	session.timeout.ms = 45000
	share.acknowledgement.mode = implicit
	socket.connection.setup.timeout.max.ms = 30000
	socket.connection.setup.timeout.ms = 10000
	ssl.cipher.suites = null
	ssl.enabled.protocols = [TLSv1.2, TLSv1.3]
	ssl.endpoint.identification.algorithm = https
	ssl.engine.factory.class = null
	ssl.key.password = null
	ssl.keymanager.algorithm = SunX509
	ssl.keystore.certificate.chain = null
	ssl.keystore.key = null
	ssl.keystore.location = null
	ssl.keystore.password = null
	ssl.keystore.type = JKS
	ssl.protocol = TLSv1.3
	ssl.provider = null
	ssl.secure.random.implementation = null
	ssl.trustmanager.algorithm = PKIX
	ssl.truststore.certificates = null
	ssl.truststore.location = null
	ssl.truststore.password = null
	ssl.truststore.type = JKS
	value.deserializer = class org.springframework.kafka.support.serializer.JsonDeserializer

2026-09-30 16:56:51 INFO  [main] traceId= spanId= o.a.k.c.t.i.KafkaMetricsCollector : initializing Kafka metrics collector
2026-09-30 16:56:51 INFO  [main] traceId= spanId= o.a.kafka.common.utils.AppInfoParser : Kafka version: 4.1.2
2026-09-30 16:56:51 INFO  [main] traceId= spanId= o.a.kafka.common.utils.AppInfoParser : Kafka commitId: c82fd9b934b4c1e6
2026-09-30 16:56:51 INFO  [main] traceId= spanId= o.a.kafka.common.utils.AppInfoParser : Kafka startTimeMs: 1790767611353
2026-09-30 16:56:51 INFO  [main] traceId= spanId= o.a.k.c.c.i.ClassicKafkaConsumer : [Consumer clientId=consumer-payment-group-1, groupId=payment-group] Subscribed to topic(s): ORDER_EVENT
2026-09-30 16:56:51 INFO  [main] traceId= spanId= c.e.p.PaymentServiceApplication : Started PaymentServiceApplication in 8.561 seconds (process running for 9.888)
2026-09-30 16:56:51 WARN  [org.springframework.kafka.KafkaListenerEndpointContainer#0-0-C-1] traceId= spanId= o.apache.kafka.clients.NetworkClient : [Consumer clientId=consumer-payment-group-1, groupId=payment-group] The metadata response from the cluster reported a recoverable issue with correlation id 2 : {ORDER_EVENT=UNKNOWN_TOPIC_OR_PARTITION}
2026-09-30 16:56:51 INFO  [org.springframework.kafka.KafkaListenerEndpointContainer#0-0-C-1] traceId= spanId= org.apache.kafka.clients.Metadata : [Consumer clientId=consumer-payment-group-1, groupId=payment-group] Cluster ID: 5L6g3nShT-eMCtK--X86sw
2026-09-30 16:56:51 INFO  [org.springframework.kafka.KafkaListenerEndpointContainer#0-0-C-1] traceId= spanId= o.a.k.c.c.i.ConsumerCoordinator : [Consumer clientId=consumer-payment-group-1, groupId=payment-group] Discovered group coordinator localhost:9092 (id: 2147483646 rack: null isFenced: false)
2026-09-30 16:56:51 INFO  [org.springframework.kafka.KafkaListenerEndpointContainer#0-0-C-1] traceId= spanId= o.a.k.c.c.i.ConsumerCoordinator : [Consumer clientId=consumer-payment-group-1, groupId=payment-group] (Re-)joining group
2026-09-30 16:56:51 INFO  [org.springframework.kafka.KafkaListenerEndpointContainer#0-0-C-1] traceId= spanId= o.a.k.c.c.i.ConsumerCoordinator : [Consumer clientId=consumer-payment-group-1, groupId=payment-group] Request joining group due to: need to re-join with the given member-id: consumer-payment-group-1-67c649fa-d439-4a98-8044-270a7a62a83b
2026-09-30 16:56:51 INFO  [org.springframework.kafka.KafkaListenerEndpointContainer#0-0-C-1] traceId= spanId= o.a.k.c.c.i.ConsumerCoordinator : [Consumer clientId=consumer-payment-group-1, groupId=payment-group] (Re-)joining group
2026-09-30 16:56:54 INFO  [org.springframework.kafka.KafkaListenerEndpointContainer#0-0-C-1] traceId= spanId= o.a.k.c.c.i.ConsumerCoordinator : [Consumer clientId=consumer-payment-group-1, groupId=payment-group] Successfully joined group with generation Generation{generationId=1, memberId='consumer-payment-group-1-67c649fa-d439-4a98-8044-270a7a62a83b', protocol='range'}
2026-09-30 16:56:54 INFO  [org.springframework.kafka.KafkaListenerEndpointContainer#0-0-C-1] traceId= spanId= o.a.k.c.c.i.ConsumerCoordinator : [Consumer clientId=consumer-payment-group-1, groupId=payment-group] Finished assignment for group at generation 1: {consumer-payment-group-1-67c649fa-d439-4a98-8044-270a7a62a83b=Assignment(partitions=[ORDER_EVENT-0])}
2026-09-30 16:56:54 INFO  [org.springframework.kafka.KafkaListenerEndpointContainer#0-0-C-1] traceId= spanId= o.a.k.c.c.i.ConsumerCoordinator : [Consumer clientId=consumer-payment-group-1, groupId=payment-group] Successfully synced group in generation Generation{generationId=1, memberId='consumer-payment-group-1-67c649fa-d439-4a98-8044-270a7a62a83b', protocol='range'}
2026-09-30 16:56:54 INFO  [org.springframework.kafka.KafkaListenerEndpointContainer#0-0-C-1] traceId= spanId= o.a.k.c.c.i.ConsumerCoordinator : [Consumer clientId=consumer-payment-group-1, groupId=payment-group] Notifying assignor about the new Assignment(partitions=[ORDER_EVENT-0])
2026-09-30 16:56:54 INFO  [org.springframework.kafka.KafkaListenerEndpointContainer#0-0-C-1] traceId= spanId= o.a.k.c.c.i.ConsumerRebalanceListenerInvoker : [Consumer clientId=consumer-payment-group-1, groupId=payment-group] Adding newly assigned partitions: [ORDER_EVENT-0]
2026-09-30 16:56:54 INFO  [org.springframework.kafka.KafkaListenerEndpointContainer#0-0-C-1] traceId= spanId= o.a.k.c.c.i.ConsumerCoordinator : [Consumer clientId=consumer-payment-group-1, groupId=payment-group] Found no committed offset for partition ORDER_EVENT-0
2026-09-30 16:56:54 INFO  [org.springframework.kafka.KafkaListenerEndpointContainer#0-0-C-1] traceId= spanId= o.a.k.c.c.i.ConsumerCoordinator : [Consumer clientId=consumer-payment-group-1, groupId=payment-group] Found no committed offset for partition ORDER_EVENT-0
2026-09-30 16:56:54 INFO  [org.springframework.kafka.KafkaListenerEndpointContainer#0-0-C-1] traceId= spanId= o.a.k.c.c.i.SubscriptionState : [Consumer clientId=consumer-payment-group-1, groupId=payment-group] Resetting offset for partition ORDER_EVENT-0 to position FetchPosition{offset=0, offsetEpoch=Optional.empty, currentLeader=LeaderAndEpoch{leader=Optional[localhost:9092 (id: 1 rack: null isFenced: false)], epoch=0}}.
2026-09-30 16:56:54 INFO  [org.springframework.kafka.KafkaListenerEndpointContainer#0-0-C-1] traceId= spanId= o.s.k.l.KafkaMessageListenerContainer : payment-group: partitions assigned: [ORDER_EVENT-0]
2026-09-30 17:01:50 INFO  [AsyncResolver-bootstrap-executor-%d] traceId= spanId= c.n.d.s.r.aws.ConfigClusterResolver : Resolving eureka endpoints via configuration
2026-09-30 17:06:50 INFO  [AsyncResolver-bootstrap-executor-%d] traceId= spanId= c.n.d.s.r.aws.ConfigClusterResolver : Resolving eureka endpoints via configuration
2026-09-30 17:11:50 INFO  [AsyncResolver-bootstrap-executor-%d] traceId= spanId= c.n.d.s.r.aws.ConfigClusterResolver : Resolving eureka endpoints via configuration
2026-09-30 17:16:50 INFO  [AsyncResolver-bootstrap-executor-%d] traceId= spanId= c.n.d.s.r.aws.ConfigClusterResolver : Resolving eureka endpoints via configuration
2026-09-30 17:21:50 INFO  [AsyncResolver-bootstrap-executor-%d] traceId= spanId= c.n.d.s.r.aws.ConfigClusterResolver : Resolving eureka endpoints via configuration
2026-09-30 17:25:34 INFO  [springCloudBus.anonymous.UGtUklN7QlGg7ZbbajbwGA-1] traceId=361d34df8c248674b0445012d117ab82 spanId=a5042d87e2cbf7ae o.s.cloud.bus.event.RefreshListener : Received remote refresh request.
2026-09-30 17:25:34 INFO  [springCloudBus.anonymous.UGtUklN7QlGg7ZbbajbwGA-1] traceId=361d34df8c248674b0445012d117ab82 spanId=a5042d87e2cbf7ae o.s.c.c.c.ConfigServerConfigDataLoader : Fetching config from server at : http://localhost:8079
2026-09-30 17:25:45 INFO  [springCloudBus.anonymous.UGtUklN7QlGg7ZbbajbwGA-1] traceId=361d34df8c248674b0445012d117ab82 spanId=a5042d87e2cbf7ae o.s.c.c.c.ConfigServerConfigDataLoader : Located environment: name=payment-service, profiles=[default], label=null, version=7eda3c6c09912231c188e8c2fed9f3df69535855, state=
2026-09-30 17:25:45 INFO  [springCloudBus.anonymous.UGtUklN7QlGg7ZbbajbwGA-1] traceId=361d34df8c248674b0445012d117ab82 spanId=a5042d87e2cbf7ae o.s.c.c.c.ConfigServerConfigDataLoader : Fetching config from server at : http://localhost:8079
2026-09-30 17:25:50 INFO  [springCloudBus.anonymous.UGtUklN7QlGg7ZbbajbwGA-1] traceId=361d34df8c248674b0445012d117ab82 spanId=a5042d87e2cbf7ae o.s.c.c.c.ConfigServerConfigDataLoader : Located environment: name=payment-service, profiles=[dev], label=null, version=7eda3c6c09912231c188e8c2fed9f3df69535855, state=
2026-09-30 17:25:51 INFO  [springCloudBus.anonymous.UGtUklN7QlGg7ZbbajbwGA-1] traceId=361d34df8c248674b0445012d117ab82 spanId=a5042d87e2cbf7ae c.netflix.discovery.DiscoveryClient : Shutting down DiscoveryClient ...
2026-09-30 17:25:51 INFO  [springCloudBus.anonymous.UGtUklN7QlGg7ZbbajbwGA-1] traceId=361d34df8c248674b0445012d117ab82 spanId=a5042d87e2cbf7ae c.netflix.discovery.DiscoveryClient : Unregistering ...
2026-09-30 17:25:51 INFO  [springCloudBus.anonymous.UGtUklN7QlGg7ZbbajbwGA-1] traceId=361d34df8c248674b0445012d117ab82 spanId=a5042d87e2cbf7ae c.netflix.discovery.DiscoveryClient : DiscoveryClient_PAYMENT-SERVICE/10.19.63.112:payment-service:8085 - deregister  status: 200
2026-09-30 17:25:51 INFO  [springCloudBus.anonymous.UGtUklN7QlGg7ZbbajbwGA-1] traceId=361d34df8c248674b0445012d117ab82 spanId=a5042d87e2cbf7ae c.netflix.discovery.DiscoveryClient : Completed shut down of DiscoveryClient
2026-09-30 17:25:51 INFO  [springCloudBus.anonymous.UGtUklN7QlGg7ZbbajbwGA-1] traceId=361d34df8c248674b0445012d117ab82 spanId=a5042d87e2cbf7ae o.s.c.n.eureka.InstanceInfoFactory : Setting initial instance status as: STARTING
2026-09-30 17:25:51 INFO  [springCloudBus.anonymous.UGtUklN7QlGg7ZbbajbwGA-1] traceId=361d34df8c248674b0445012d117ab82 spanId=a5042d87e2cbf7ae c.netflix.discovery.DiscoveryClient : Initializing Eureka in region us-east-1
2026-09-30 17:25:51 INFO  [springCloudBus.anonymous.UGtUklN7QlGg7ZbbajbwGA-1] traceId=361d34df8c248674b0445012d117ab82 spanId=a5042d87e2cbf7ae c.n.d.s.r.aws.ConfigClusterResolver : Resolving eureka endpoints via configuration
2026-09-30 17:25:51 INFO  [springCloudBus.anonymous.UGtUklN7QlGg7ZbbajbwGA-1] traceId=361d34df8c248674b0445012d117ab82 spanId=a5042d87e2cbf7ae c.netflix.discovery.DiscoveryClient : Disable delta property : false
2026-09-30 17:25:51 INFO  [springCloudBus.anonymous.UGtUklN7QlGg7ZbbajbwGA-1] traceId=361d34df8c248674b0445012d117ab82 spanId=a5042d87e2cbf7ae c.netflix.discovery.DiscoveryClient : Single vip registry refresh property : null
2026-09-30 17:25:51 INFO  [springCloudBus.anonymous.UGtUklN7QlGg7ZbbajbwGA-1] traceId=361d34df8c248674b0445012d117ab82 spanId=a5042d87e2cbf7ae c.netflix.discovery.DiscoveryClient : Force full registry fetch : false
2026-09-30 17:25:51 INFO  [springCloudBus.anonymous.UGtUklN7QlGg7ZbbajbwGA-1] traceId=361d34df8c248674b0445012d117ab82 spanId=a5042d87e2cbf7ae c.netflix.discovery.DiscoveryClient : Application is null : false
2026-09-30 17:25:51 INFO  [springCloudBus.anonymous.UGtUklN7QlGg7ZbbajbwGA-1] traceId=361d34df8c248674b0445012d117ab82 spanId=a5042d87e2cbf7ae c.netflix.discovery.DiscoveryClient : Registered Applications size is zero : true
2026-09-30 17:25:51 INFO  [springCloudBus.anonymous.UGtUklN7QlGg7ZbbajbwGA-1] traceId=361d34df8c248674b0445012d117ab82 spanId=a5042d87e2cbf7ae c.netflix.discovery.DiscoveryClient : Application version is -1: true
2026-09-30 17:25:51 INFO  [springCloudBus.anonymous.UGtUklN7QlGg7ZbbajbwGA-1] traceId=361d34df8c248674b0445012d117ab82 spanId=a5042d87e2cbf7ae c.netflix.discovery.DiscoveryClient : Getting all instance registry info from the eureka server
2026-09-30 17:25:51 INFO  [springCloudBus.anonymous.UGtUklN7QlGg7ZbbajbwGA-1] traceId=361d34df8c248674b0445012d117ab82 spanId=a5042d87e2cbf7ae c.netflix.discovery.DiscoveryClient : The response status is 200
2026-09-30 17:25:51 INFO  [springCloudBus.anonymous.UGtUklN7QlGg7ZbbajbwGA-1] traceId=361d34df8c248674b0445012d117ab82 spanId=a5042d87e2cbf7ae c.netflix.discovery.DiscoveryClient : Starting heartbeat executor: renew interval is: 30
2026-09-30 17:25:51 INFO  [springCloudBus.anonymous.UGtUklN7QlGg7ZbbajbwGA-1] traceId=361d34df8c248674b0445012d117ab82 spanId=a5042d87e2cbf7ae c.n.discovery.InstanceInfoReplicator : InstanceInfoReplicator onDemand update allowed rate per min is 4
2026-09-30 17:25:51 INFO  [springCloudBus.anonymous.UGtUklN7QlGg7ZbbajbwGA-1] traceId=361d34df8c248674b0445012d117ab82 spanId=a5042d87e2cbf7ae c.netflix.discovery.DiscoveryClient : Discovery Client initialized at timestamp 1790769351251 with initial instances count: 7
2026-09-30 17:25:51 INFO  [springCloudBus.anonymous.UGtUklN7QlGg7ZbbajbwGA-1] traceId=361d34df8c248674b0445012d117ab82 spanId=a5042d87e2cbf7ae o.s.c.n.e.s.EurekaServiceRegistry : Unregistering application PAYMENT-SERVICE with eureka with status DOWN
2026-09-30 17:25:51 INFO  [springCloudBus.anonymous.UGtUklN7QlGg7ZbbajbwGA-1] traceId=361d34df8c248674b0445012d117ab82 spanId=a5042d87e2cbf7ae c.netflix.discovery.DiscoveryClient : Saw local status change event StatusChangeEvent [timestamp=1790769351254, current=DOWN, previous=STARTING]
2026-09-30 17:25:51 INFO  [DiscoveryClient-InstanceInfoReplicator-%d] traceId=361d34df8c248674b0445012d117ab82 spanId=a5042d87e2cbf7ae c.netflix.discovery.DiscoveryClient : DiscoveryClient_PAYMENT-SERVICE/10.19.63.112:payment-service:8085: registering service...
2026-09-30 17:25:51 INFO  [springCloudBus.anonymous.UGtUklN7QlGg7ZbbajbwGA-1] traceId=361d34df8c248674b0445012d117ab82 spanId=a5042d87e2cbf7ae o.s.c.n.e.s.EurekaServiceRegistry : Registering application PAYMENT-SERVICE with eureka with status UP
2026-09-30 17:25:51 INFO  [springCloudBus.anonymous.UGtUklN7QlGg7ZbbajbwGA-1] traceId=361d34df8c248674b0445012d117ab82 spanId=a5042d87e2cbf7ae c.netflix.discovery.DiscoveryClient : Saw local status change event StatusChangeEvent [timestamp=1790769351254, current=UP, previous=DOWN]
2026-09-30 17:25:51 INFO  [springCloudBus.anonymous.UGtUklN7QlGg7ZbbajbwGA-1] traceId=361d34df8c248674b0445012d117ab82 spanId=a5042d87e2cbf7ae o.s.cloud.bus.event.RefreshListener : Keys refreshed [config.client.version]
2026-09-30 17:25:51 INFO  [DiscoveryClient-InstanceInfoReplicator-%d] traceId=361d34df8c248674b0445012d117ab82 spanId=a5042d87e2cbf7ae c.netflix.discovery.DiscoveryClient : DiscoveryClient_PAYMENT-SERVICE/10.19.63.112:payment-service:8085 - registration status: 204
2026-09-30 17:25:51 INFO  [springCloudBus.anonymous.UGtUklN7QlGg7ZbbajbwGA-1] traceId=361d34df8c248674b0445012d117ab82 spanId=a5042d87e2cbf7ae o.s.c.s.m.DirectWithAttributesChannel : Channel 'payment-service.springCloudBusOutput' has 1 subscriber(s).
2026-09-30 17:25:51 INFO  [springCloudBus.anonymous.UGtUklN7QlGg7ZbbajbwGA-1] traceId=361d34df8c248674b0445012d117ab82 spanId=a5042d87e2cbf7ae o.s.a.r.c.CachingConnectionFactory : Attempting to connect to: [localhost:5672]
2026-09-30 17:25:51 INFO  [springCloudBus.anonymous.UGtUklN7QlGg7ZbbajbwGA-1] traceId=361d34df8c248674b0445012d117ab82 spanId=a5042d87e2cbf7ae o.s.a.r.c.CachingConnectionFactory : Created new connection: rabbitConnectionFactory.publisher#6e473d45:0/SimpleConnection@1a8af62f [delegate=amqp://user@127.0.0.1:5672/, localPort=60015]
2026-09-30 17:25:51 INFO  [springCloudBus.anonymous.UGtUklN7QlGg7ZbbajbwGA-1] traceId=361d34df8c248674b0445012d117ab82 spanId=a5042d87e2cbf7ae o.s.amqp.rabbit.core.RabbitAdmin : Auto-declaring a non-durable, auto-delete, or exclusive Queue (springCloudBus.anonymous.UGtUklN7QlGg7ZbbajbwGA) durable:false, auto-delete:true, exclusive:true. It will be redeclared if the broker stops and is restarted while the connection factory is alive, but all messages will be lost.
2026-09-30 17:27:22 INFO  [org.springframework.kafka.KafkaListenerEndpointContainer#0-0-C-1] traceId= spanId= o.a.k.c.c.i.ConsumerCoordinator : [Consumer clientId=consumer-payment-group-1, groupId=payment-group] Request joining group due to: group is already rebalancing
2026-09-30 17:27:22 INFO  [org.springframework.kafka.KafkaListenerEndpointContainer#0-0-C-1] traceId= spanId= o.a.k.c.c.i.ConsumerRebalanceListenerInvoker : [Consumer clientId=consumer-payment-group-1, groupId=payment-group] Revoke previously assigned partitions [ORDER_EVENT-0]
2026-09-30 17:27:22 INFO  [org.springframework.kafka.KafkaListenerEndpointContainer#0-0-C-1] traceId= spanId= o.s.k.l.KafkaMessageListenerContainer : payment-group: partitions revoked: [ORDER_EVENT-0]
2026-09-30 17:27:22 INFO  [org.springframework.kafka.KafkaListenerEndpointContainer#0-0-C-1] traceId= spanId= o.a.k.c.c.i.ConsumerCoordinator : [Consumer clientId=consumer-payment-group-1, groupId=payment-group] (Re-)joining group
2026-09-30 17:27:22 INFO  [org.springframework.kafka.KafkaListenerEndpointContainer#0-0-C-1] traceId= spanId= o.a.k.c.c.i.ConsumerCoordinator : [Consumer clientId=consumer-payment-group-1, groupId=payment-group] Successfully joined group with generation Generation{generationId=2, memberId='consumer-payment-group-1-67c649fa-d439-4a98-8044-270a7a62a83b', protocol='range'}
2026-09-30 17:27:22 INFO  [org.springframework.kafka.KafkaListenerEndpointContainer#0-0-C-1] traceId= spanId= o.a.k.c.c.i.ConsumerCoordinator : [Consumer clientId=consumer-payment-group-1, groupId=payment-group] Finished assignment for group at generation 2: {consumer-payment-group-1-67c649fa-d439-4a98-8044-270a7a62a83b=Assignment(partitions=[]), consumer-payment-group-1-56901138-4347-4744-901c-625e70f1fcd2=Assignment(partitions=[ORDER_EVENT-0])}
2026-09-30 17:27:22 INFO  [org.springframework.kafka.KafkaListenerEndpointContainer#0-0-C-1] traceId= spanId= o.a.k.c.c.i.ConsumerCoordinator : [Consumer clientId=consumer-payment-group-1, groupId=payment-group] SyncGroup failed: The group began another rebalance. Need to re-join the group. Sent generation was Generation{generationId=2, memberId='consumer-payment-group-1-67c649fa-d439-4a98-8044-270a7a62a83b', protocol='range'}
2026-09-30 17:27:22 INFO  [org.springframework.kafka.KafkaListenerEndpointContainer#0-0-C-1] traceId= spanId= o.a.k.c.c.i.ConsumerCoordinator : [Consumer clientId=consumer-payment-group-1, groupId=payment-group] Request joining group due to: rebalance failed due to 'The group is rebalancing, so a rejoin is needed.' (RebalanceInProgressException)
2026-09-30 17:27:22 INFO  [org.springframework.kafka.KafkaListenerEndpointContainer#0-0-C-1] traceId= spanId= o.a.k.c.c.i.ConsumerCoordinator : [Consumer clientId=consumer-payment-group-1, groupId=payment-group] (Re-)joining group
2026-09-30 17:27:22 INFO  [org.springframework.kafka.KafkaListenerEndpointContainer#0-0-C-1] traceId= spanId= o.a.k.c.c.i.ConsumerCoordinator : [Consumer clientId=consumer-payment-group-1, groupId=payment-group] Successfully joined group with generation Generation{generationId=3, memberId='consumer-payment-group-1-67c649fa-d439-4a98-8044-270a7a62a83b', protocol='range'}
2026-09-30 17:27:22 INFO  [org.springframework.kafka.KafkaListenerEndpointContainer#0-0-C-1] traceId= spanId= o.a.k.c.c.i.ConsumerCoordinator : [Consumer clientId=consumer-payment-group-1, groupId=payment-group] Finished assignment for group at generation 3: {consumer-payment-group-1-67c649fa-d439-4a98-8044-270a7a62a83b=Assignment(partitions=[ORDER_EVENT-0])}
2026-09-30 17:27:22 INFO  [org.springframework.kafka.KafkaListenerEndpointContainer#0-0-C-1] traceId= spanId= o.a.k.c.c.i.ConsumerCoordinator : [Consumer clientId=consumer-payment-group-1, groupId=payment-group] Successfully synced group in generation Generation{generationId=3, memberId='consumer-payment-group-1-67c649fa-d439-4a98-8044-270a7a62a83b', protocol='range'}
2026-09-30 17:27:22 INFO  [org.springframework.kafka.KafkaListenerEndpointContainer#0-0-C-1] traceId= spanId= o.a.k.c.c.i.ConsumerCoordinator : [Consumer clientId=consumer-payment-group-1, groupId=payment-group] Notifying assignor about the new Assignment(partitions=[ORDER_EVENT-0])
2026-09-30 17:27:22 INFO  [org.springframework.kafka.KafkaListenerEndpointContainer#0-0-C-1] traceId= spanId= o.a.k.c.c.i.ConsumerRebalanceListenerInvoker : [Consumer clientId=consumer-payment-group-1, groupId=payment-group] Adding newly assigned partitions: [ORDER_EVENT-0]
2026-09-30 17:27:22 INFO  [org.springframework.kafka.KafkaListenerEndpointContainer#0-0-C-1] traceId= spanId= o.a.k.c.c.internals.ConsumerUtils : Setting offset for partition ORDER_EVENT-0 to the committed offset FetchPosition{offset=0, offsetEpoch=Optional.empty, currentLeader=LeaderAndEpoch{leader=Optional[localhost:9092 (id: 1 rack: null isFenced: false)], epoch=0}}
2026-09-30 17:27:22 INFO  [org.springframework.kafka.KafkaListenerEndpointContainer#0-0-C-1] traceId= spanId= o.s.k.l.KafkaMessageListenerContainer : payment-group: partitions assigned: [ORDER_EVENT-0]
2026-09-30 17:27:33 INFO  [SpringApplicationShutdownHook] traceId= spanId= o.s.c.n.e.s.EurekaServiceRegistry : Unregistering application PAYMENT-SERVICE with eureka with status DOWN
2026-09-30 17:27:33 INFO  [SpringApplicationShutdownHook] traceId= spanId= c.netflix.discovery.DiscoveryClient : Saw local status change event StatusChangeEvent [timestamp=1790769453633, current=DOWN, previous=UP]
2026-09-30 17:27:33 INFO  [DiscoveryClient-InstanceInfoReplicator-%d] traceId= spanId= c.netflix.discovery.DiscoveryClient : DiscoveryClient_PAYMENT-SERVICE/10.19.63.112:payment-service:8085: registering service...
2026-09-30 17:27:33 INFO  [DiscoveryClient-InstanceInfoReplicator-%d] traceId= spanId= c.netflix.discovery.DiscoveryClient : DiscoveryClient_PAYMENT-SERVICE/10.19.63.112:payment-service:8085 - registration status: 204
2026-09-30 17:27:33 INFO  [org.springframework.kafka.KafkaListenerEndpointContainer#0-0-C-1] traceId= spanId= o.a.k.c.c.i.ConsumerRebalanceListenerInvoker : [Consumer clientId=consumer-payment-group-1, groupId=payment-group] Revoke previously assigned partitions [ORDER_EVENT-0]
2026-09-30 17:27:33 INFO  [org.springframework.kafka.KafkaListenerEndpointContainer#0-0-C-1] traceId= spanId= o.s.k.l.KafkaMessageListenerContainer : payment-group: partitions revoked: [ORDER_EVENT-0]
2026-09-30 17:27:33 INFO  [org.springframework.kafka.KafkaListenerEndpointContainer#0-0-C-1] traceId= spanId= o.a.k.c.c.i.ConsumerCoordinator : [Consumer clientId=consumer-payment-group-1, groupId=payment-group] Member consumer-payment-group-1-67c649fa-d439-4a98-8044-270a7a62a83b sending LeaveGroup request to coordinator localhost:9092 (id: 2147483646 rack: null isFenced: false) due to the consumer unsubscribed from all topics
2026-09-30 17:27:33 INFO  [org.springframework.kafka.KafkaListenerEndpointContainer#0-0-C-1] traceId= spanId= o.a.k.c.c.i.ConsumerCoordinator : [Consumer clientId=consumer-payment-group-1, groupId=payment-group] Resetting generation and member id due to: consumer pro-actively leaving the group
2026-09-30 17:27:33 INFO  [org.springframework.kafka.KafkaListenerEndpointContainer#0-0-C-1] traceId= spanId= o.a.k.c.c.i.ConsumerCoordinator : [Consumer clientId=consumer-payment-group-1, groupId=payment-group] Request joining group due to: consumer pro-actively leaving the group
2026-09-30 17:27:33 INFO  [org.springframework.kafka.KafkaListenerEndpointContainer#0-0-C-1] traceId= spanId= o.a.k.c.c.i.ClassicKafkaConsumer : [Consumer clientId=consumer-payment-group-1, groupId=payment-group] Unsubscribed all topics or patterns and assigned partitions
2026-09-30 17:27:33 INFO  [org.springframework.kafka.KafkaListenerEndpointContainer#0-0-C-1] traceId= spanId= o.a.k.c.c.i.ConsumerCoordinator : [Consumer clientId=consumer-payment-group-1, groupId=payment-group] Resetting generation and member id due to: consumer pro-actively leaving the group
2026-09-30 17:27:33 INFO  [org.springframework.kafka.KafkaListenerEndpointContainer#0-0-C-1] traceId= spanId= o.a.k.c.c.i.ConsumerCoordinator : [Consumer clientId=consumer-payment-group-1, groupId=payment-group] Request joining group due to: consumer pro-actively leaving the group
2026-09-30 17:27:34 INFO  [org.springframework.kafka.KafkaListenerEndpointContainer#0-0-C-1] traceId= spanId= o.a.kafka.common.metrics.Metrics : Metrics scheduler closed
2026-09-30 17:27:34 INFO  [org.springframework.kafka.KafkaListenerEndpointContainer#0-0-C-1] traceId= spanId= o.a.kafka.common.metrics.Metrics : Closing reporter io.opentelemetry.javaagent.shaded.instrumentation.kafkaclients.common.v0_11.internal.OpenTelemetryMetricsReporter
2026-09-30 17:27:34 INFO  [org.springframework.kafka.KafkaListenerEndpointContainer#0-0-C-1] traceId= spanId= o.a.kafka.common.metrics.Metrics : Closing reporter org.apache.kafka.common.telemetry.internals.ClientTelemetryReporter
2026-09-30 17:27:34 INFO  [org.springframework.kafka.KafkaListenerEndpointContainer#0-0-C-1] traceId= spanId= o.a.kafka.common.metrics.Metrics : Metrics reporters closed
2026-09-30 17:27:34 INFO  [org.springframework.kafka.KafkaListenerEndpointContainer#0-0-C-1] traceId= spanId= o.a.kafka.common.utils.AppInfoParser : App info kafka.consumer for consumer-payment-group-1 unregistered
2026-09-30 17:27:34 INFO  [org.springframework.kafka.KafkaListenerEndpointContainer#0-0-C-1] traceId= spanId= o.s.k.l.KafkaMessageListenerContainer : payment-group: Consumer stopped
2026-09-30 17:27:34 INFO  [SpringApplicationShutdownHook] traceId= spanId= o.s.boot.tomcat.GracefulShutdown : Commencing graceful shutdown. Waiting for active requests to complete
2026-09-30 17:27:36 INFO  [tomcat-shutdown] traceId= spanId= o.s.boot.tomcat.GracefulShutdown : Graceful shutdown complete
2026-09-30 17:27:36 INFO  [SpringApplicationShutdownHook] traceId= spanId= o.s.a.r.l.SimpleMessageListenerContainer : Waiting for workers to finish.
2026-09-30 17:27:36 INFO  [SpringApplicationShutdownHook] traceId= spanId= o.s.a.r.l.SimpleMessageListenerContainer : Successfully waited for workers to finish.
2026-09-30 17:27:36 INFO  [SpringApplicationShutdownHook] traceId= spanId= o.s.i.a.i.AmqpInboundChannelAdapter : stopped bean 'inbound.springCloudBus.anonymous.UGtUklN7QlGg7ZbbajbwGA'
2026-09-30 17:27:36 INFO  [SpringApplicationShutdownHook] traceId= spanId= o.s.c.s.binder.BinderErrorChannel : Channel 'payment-service.rabbit-1728211097.springCloudBusInput.errors' has 1 subscriber(s).
2026-09-30 17:27:36 INFO  [SpringApplicationShutdownHook] traceId= spanId= o.s.c.s.binder.BinderErrorChannel : Channel 'payment-service.rabbit-1728211097.springCloudBusInput.errors' has 0 subscriber(s).
2026-09-30 17:27:36 INFO  [SpringApplicationShutdownHook] traceId= spanId= o.s.i.endpoint.EventDrivenConsumer : Removing {logging-channel-adapter:_org.springframework.integration.errorLogger} as a subscriber to the 'errorChannel' channel
2026-09-30 17:27:36 INFO  [SpringApplicationShutdownHook] traceId= spanId= o.s.i.c.PublishSubscribeChannel : Channel 'payment-service.errorChannel' has 0 subscriber(s).
2026-09-30 17:27:36 INFO  [SpringApplicationShutdownHook] traceId= spanId= o.s.i.endpoint.EventDrivenConsumer : stopped bean '_org.springframework.integration.errorLogger'
2026-09-30 17:27:36 INFO  [SpringApplicationShutdownHook] traceId= spanId= o.s.o.j.LocalContainerEntityManagerFactoryBean : Closing JPA EntityManagerFactory for persistence unit 'default'
2026-09-30 17:27:36 INFO  [SpringApplicationShutdownHook] traceId= spanId= com.zaxxer.hikari.HikariDataSource : HikariPool-1 - Shutdown initiated...
2026-09-30 17:27:36 INFO  [SpringApplicationShutdownHook] traceId= spanId= com.zaxxer.hikari.HikariDataSource : HikariPool-1 - Shutdown completed.
2026-09-30 17:27:36 INFO  [SpringApplicationShutdownHook] traceId= spanId= c.netflix.discovery.DiscoveryClient : Shutting down DiscoveryClient ...
2026-09-30 17:27:39 INFO  [SpringApplicationShutdownHook] traceId= spanId= c.netflix.discovery.DiscoveryClient : Unregistering ...
2026-09-30 17:27:39 INFO  [SpringApplicationShutdownHook] traceId= spanId= c.netflix.discovery.DiscoveryClient : DiscoveryClient_PAYMENT-SERVICE/10.19.63.112:payment-service:8085 - deregister  status: 200
2026-09-30 17:27:39 INFO  [SpringApplicationShutdownHook] traceId= spanId= c.netflix.discovery.DiscoveryClient : Completed shut down of DiscoveryClient
2026-09-30 17:27:47 INFO  [main] traceId= spanId= c.e.p.PaymentServiceApplication : Starting PaymentServiceApplication using Java 25.0.2 with PID 60678 (/Users/canzova/IdeaProjects/MicroDevops/payment-service/target/classes started by canzova in /Users/canzova/IdeaProjects/MicroDevops)
2026-09-30 17:27:47 DEBUG [main] traceId= spanId= c.e.p.PaymentServiceApplication : Running with Spring Boot v4.0.6, Spring v7.0.7
2026-09-30 17:27:47 INFO  [main] traceId= spanId= c.e.p.PaymentServiceApplication : The following 1 profile is active: "dev"
2026-09-30 17:27:47 INFO  [main] traceId= spanId= o.s.c.c.c.ConfigServerConfigDataLoader : Fetching config from server at : http://localhost:8079
2026-09-30 17:27:47 INFO  [main] traceId= spanId= o.s.c.c.c.ConfigServerConfigDataLoader : Located environment: name=payment-service, profiles=[default], label=null, version=7eda3c6c09912231c188e8c2fed9f3df69535855, state=
2026-09-30 17:27:47 INFO  [main] traceId= spanId= o.s.c.c.c.ConfigServerConfigDataLoader : Fetching config from server at : http://localhost:8079
2026-09-30 17:27:47 INFO  [main] traceId= spanId= o.s.c.c.c.ConfigServerConfigDataLoader : Located environment: name=payment-service, profiles=[dev], label=null, version=7eda3c6c09912231c188e8c2fed9f3df69535855, state=
2026-09-30 17:27:48 INFO  [main] traceId= spanId= o.s.d.r.c.RepositoryConfigurationDelegate : Bootstrapping Spring Data JPA repositories in DEFAULT mode.
2026-09-30 17:27:48 INFO  [main] traceId= spanId= o.s.d.r.c.RepositoryConfigurationDelegate : Finished Spring Data repository scanning in 125 ms. Found 1 JPA repository interface.
2026-09-30 17:27:48 INFO  [main] traceId= spanId= o.s.i.c.DefaultConfiguringBeanFactoryPostProcessor : No bean named 'errorChannel' has been explicitly defined. Therefore, a default PublishSubscribeChannel will be created.
2026-09-30 17:27:48 INFO  [main] traceId= spanId= o.s.i.c.DefaultConfiguringBeanFactoryPostProcessor : No bean named 'integrationHeaderChannelRegistry' has been explicitly defined. Therefore, a default DefaultHeaderChannelRegistry will be created.
2026-09-30 17:27:48 INFO  [main] traceId= spanId= o.s.cloud.context.scope.GenericScope : BeanFactory id=0cbf2236-b45a-33a0-8005-588df9a20432
2026-09-30 17:27:48 INFO  [main] traceId= spanId= o.s.boot.tomcat.TomcatWebServer : Tomcat initialized with port 8085 (http)
2026-09-30 17:27:48 INFO  [main] traceId= spanId= o.a.catalina.core.StandardService : Starting service [Tomcat]
2026-09-30 17:27:48 INFO  [main] traceId= spanId= o.a.catalina.core.StandardEngine : Starting Servlet engine: [Apache Tomcat/11.0.21]
2026-09-30 17:27:48 INFO  [main] traceId= spanId= o.s.b.w.c.s.WebApplicationContextInitializer : Root WebApplicationContext: initialization completed in 1027 ms
2026-09-30 17:27:48 INFO  [main] traceId= spanId= org.hibernate.orm.jpa : HHH008540: Processing PersistenceUnitInfo [name: default]
2026-09-30 17:27:48 INFO  [main] traceId= spanId= org.hibernate.orm.core : HHH000001: Hibernate ORM core version 7.2.12.Final
2026-09-30 17:27:49 INFO  [main] traceId= spanId= o.s.o.j.p.SpringPersistenceUnitInfo : No LoadTimeWeaver setup: ignoring JPA class transformer
2026-09-30 17:27:49 INFO  [main] traceId= spanId= com.zaxxer.hikari.HikariDataSource : HikariPool-1 - Starting...
2026-09-30 17:27:49 INFO  [main] traceId= spanId= com.zaxxer.hikari.pool.HikariPool : HikariPool-1 - Added connection com.mysql.cj.jdbc.ConnectionImpl@60d5c16
2026-09-30 17:27:49 INFO  [main] traceId= spanId= com.zaxxer.hikari.HikariDataSource : HikariPool-1 - Start completed.
2026-09-30 17:27:49 WARN  [main] traceId= spanId= org.hibernate.orm.deprecation : HHH90000025: MySQLDialect does not need to be specified explicitly using 'hibernate.dialect' (remove the property setting and it will be selected by default)
2026-09-30 17:27:49 INFO  [main] traceId= spanId= o.hibernate.orm.connections.pooling : HHH10001005: Database info:
	Database JDBC URL [jdbc:mysql://localhost:3306/payment_db]
	Database driver: MySQL Connector/J
	Database dialect: MySQLDialect
	Database version: 8.4.9
	Default catalog/schema: payment_db/undefined
	Autocommit mode: undefined/unknown
	Isolation level: REPEATABLE_READ [default REPEATABLE_READ]
	JDBC fetch size: none
	Pool: DataSourceConnectionProvider
	Minimum pool size: undefined/unknown
	Maximum pool size: undefined/unknown
2026-09-30 17:27:49 INFO  [main] traceId= spanId= org.hibernate.orm.core : HHH000489: No JTA platform available (set 'hibernate.transaction.jta.platform' to enable JTA platform integration)
2026-09-30 17:27:49 INFO  [main] traceId= spanId= o.s.o.j.LocalContainerEntityManagerFactoryBean : Initialized JPA EntityManagerFactory for persistence unit 'default'
2026-09-30 17:27:49 INFO  [main] traceId= spanId= o.s.d.j.r.q.QueryEnhancerFactories : Hibernate is in classpath; If applicable, HQL parser will be used.
2026-09-30 17:27:50 WARN  [main] traceId= spanId= o.s.b.j.a.JpaBaseConfiguration$JpaWebConfiguration : spring.jpa.open-in-view is enabled by default. Therefore, database queries may be performed during view rendering. Explicitly configure spring.jpa.open-in-view to disable this warning
2026-09-30 17:27:50 INFO  [main] traceId= spanId= o.s.c.n.e.c.DiscoveryClientOptionalArgsConfiguration : Eureka HTTP Client uses RestClient.
2026-09-30 17:27:50 WARN  [main] traceId= spanId= o.s.c.l.c.LoadBalancerCacheAutoConfiguration$LoadBalancerCaffeineWarnLogger : Spring Cloud LoadBalancer is currently working with the default cache. While this cache implementation is useful for development and tests, it's recommended to use Caffeine cache in production.You can switch to using Caffeine cache, by adding it and org.springframework.cache.caffeine.CaffeineCacheManager to the classpath.
2026-09-30 17:27:50 INFO  [main] traceId= spanId= o.s.c.s.m.DirectWithAttributesChannel : Channel 'payment-service.springCloudBusInput' has 1 subscriber(s).
2026-09-30 17:27:50 INFO  [main] traceId= spanId= o.s.i.endpoint.EventDrivenConsumer : Adding {logging-channel-adapter:_org.springframework.integration.errorLogger} as a subscriber to the 'errorChannel' channel
2026-09-30 17:27:50 INFO  [main] traceId= spanId= o.s.i.c.PublishSubscribeChannel : Channel 'payment-service.errorChannel' has 1 subscriber(s).
2026-09-30 17:27:50 INFO  [main] traceId= spanId= o.s.i.endpoint.EventDrivenConsumer : started bean '_org.springframework.integration.errorLogger'
2026-09-30 17:27:50 INFO  [main] traceId= spanId= o.s.c.n.eureka.InstanceInfoFactory : Setting initial instance status as: STARTING
2026-09-30 17:27:50 INFO  [main] traceId= spanId= c.netflix.discovery.DiscoveryClient : Initializing Eureka in region us-east-1
2026-09-30 17:27:50 INFO  [main] traceId= spanId= c.n.d.s.r.aws.ConfigClusterResolver : Resolving eureka endpoints via configuration
2026-09-30 17:27:50 INFO  [main] traceId= spanId= c.netflix.discovery.DiscoveryClient : Disable delta property : false
2026-09-30 17:27:50 INFO  [main] traceId= spanId= c.netflix.discovery.DiscoveryClient : Single vip registry refresh property : null
2026-09-30 17:27:50 INFO  [main] traceId= spanId= c.netflix.discovery.DiscoveryClient : Force full registry fetch : false
2026-09-30 17:27:50 INFO  [main] traceId= spanId= c.netflix.discovery.DiscoveryClient : Application is null : false
2026-09-30 17:27:50 INFO  [main] traceId= spanId= c.netflix.discovery.DiscoveryClient : Registered Applications size is zero : true
2026-09-30 17:27:50 INFO  [main] traceId= spanId= c.netflix.discovery.DiscoveryClient : Application version is -1: true
2026-09-30 17:27:50 INFO  [main] traceId= spanId= c.netflix.discovery.DiscoveryClient : Getting all instance registry info from the eureka server
2026-09-30 17:27:50 INFO  [main] traceId= spanId= c.netflix.discovery.DiscoveryClient : The response status is 200
2026-09-30 17:27:50 INFO  [main] traceId= spanId= c.netflix.discovery.DiscoveryClient : Starting heartbeat executor: renew interval is: 30
2026-09-30 17:27:50 INFO  [main] traceId= spanId= c.n.discovery.InstanceInfoReplicator : InstanceInfoReplicator onDemand update allowed rate per min is 4
2026-09-30 17:27:50 INFO  [main] traceId= spanId= c.netflix.discovery.DiscoveryClient : Discovery Client initialized at timestamp 1790769470826 with initial instances count: 6
2026-09-30 17:27:50 INFO  [main] traceId= spanId= o.s.c.n.e.s.EurekaServiceRegistry : Registering application PAYMENT-SERVICE with eureka with status UP
2026-09-30 17:27:50 INFO  [main] traceId= spanId= c.netflix.discovery.DiscoveryClient : Saw local status change event StatusChangeEvent [timestamp=1790769470829, current=UP, previous=STARTING]
2026-09-30 17:27:50 INFO  [DiscoveryClient-InstanceInfoReplicator-%d] traceId= spanId= c.netflix.discovery.DiscoveryClient : DiscoveryClient_PAYMENT-SERVICE/10.19.63.112:payment-service:8085: registering service...
2026-09-30 17:27:50 INFO  [main] traceId= spanId= o.s.c.s.binder.DefaultBinderFactory : Creating binder: rabbit
2026-09-30 17:27:50 INFO  [main] traceId= spanId= o.s.c.s.binder.DefaultBinderFactory : Constructing binder child context for rabbit
2026-09-30 17:27:50 INFO  [DiscoveryClient-InstanceInfoReplicator-%d] traceId= spanId= c.netflix.discovery.DiscoveryClient : DiscoveryClient_PAYMENT-SERVICE/10.19.63.112:payment-service:8085 - registration status: 204
2026-09-30 17:27:50 INFO  [main] traceId= spanId= o.s.c.s.binder.DefaultBinderFactory : Caching the binder: rabbit
2026-09-30 17:27:50 INFO  [main] traceId= spanId= o.s.c.s.b.r.p.RabbitExchangeQueueProvisioner : declaring queue for inbound: springCloudBus.anonymous.lSofaIliRmeD8EpLohZwOQ, bound to: springCloudBus
2026-09-30 17:27:50 INFO  [main] traceId= spanId= o.s.a.r.c.CachingConnectionFactory : Attempting to connect to: [localhost:5672]
2026-09-30 17:27:50 INFO  [main] traceId= spanId= o.s.a.r.c.CachingConnectionFactory : Created new connection: rabbitConnectionFactory#7c39d86f:0/SimpleConnection@1768729f [delegate=amqp://user@127.0.0.1:5672/, localPort=60135]
2026-09-30 17:27:51 INFO  [main] traceId= spanId= o.s.c.s.binder.BinderErrorChannel : Channel 'rabbit-398028118.springCloudBusInput.errors' has 1 subscriber(s).
2026-09-30 17:27:51 INFO  [main] traceId= spanId= o.s.c.s.binder.BinderErrorChannel : Channel 'rabbit-398028118.springCloudBusInput.errors' has 2 subscriber(s).
2026-09-30 17:27:51 INFO  [main] traceId= spanId= o.s.i.a.i.AmqpInboundChannelAdapter : started bean 'inbound.springCloudBus.anonymous.lSofaIliRmeD8EpLohZwOQ'
2026-09-30 17:27:51 INFO  [main] traceId= spanId= o.s.boot.tomcat.TomcatWebServer : Tomcat started on port 8085 (http) with context path '/'
2026-09-30 17:27:51 INFO  [main] traceId= spanId= o.s.c.n.e.s.EurekaAutoServiceRegistration : Updating port to 8085
2026-09-30 17:27:51 INFO  [main] traceId= spanId= o.a.k.common.config.AbstractConfig : ConsumerConfig values: 
	allow.auto.create.topics = true
	auto.commit.interval.ms = 5000
	auto.offset.reset = latest
	bootstrap.servers = [localhost:9092]
	check.crcs = true
	client.dns.lookup = use_all_dns_ips
	client.id = consumer-payment-group-1
	client.rack = 
	connections.max.idle.ms = 540000
	default.api.timeout.ms = 60000
	enable.auto.commit = false
	enable.metrics.push = true
	exclude.internal.topics = true
	fetch.max.bytes = 52428800
	fetch.max.wait.ms = 500
	fetch.min.bytes = 1
	group.id = payment-group
	group.instance.id = null
	group.protocol = classic
	group.remote.assignor = null
	heartbeat.interval.ms = 3000
	interceptor.classes = []
	internal.leave.group.on.close = true
	internal.throw.on.fetch.stable.offset.unsupported = false
	isolation.level = read_uncommitted
	key.deserializer = class org.apache.kafka.common.serialization.StringDeserializer
	max.partition.fetch.bytes = 1048576
	max.poll.interval.ms = 300000
	max.poll.records = 500
	metadata.max.age.ms = 300000
	metadata.recovery.rebootstrap.trigger.ms = 300000
	metadata.recovery.strategy = rebootstrap
	metric.reporters = [class io.opentelemetry.javaagent.shaded.instrumentation.kafkaclients.common.v0_11.internal.OpenTelemetryMetricsReporter]
	metrics.num.samples = 2
	metrics.recording.level = INFO
	metrics.sample.window.ms = 30000
	partition.assignment.strategy = [class org.apache.kafka.clients.consumer.RangeAssignor, class org.apache.kafka.clients.consumer.CooperativeStickyAssignor]
	receive.buffer.bytes = 65536
	reconnect.backoff.max.ms = 1000
	reconnect.backoff.ms = 50
	request.timeout.ms = 30000
	retry.backoff.max.ms = 1000
	retry.backoff.ms = 100
	sasl.client.callback.handler.class = null
	sasl.jaas.config = null
	sasl.kerberos.kinit.cmd = /usr/bin/kinit
	sasl.kerberos.min.time.before.relogin = 60000
	sasl.kerberos.service.name = null
	sasl.kerberos.ticket.renew.jitter = 0.05
	sasl.kerberos.ticket.renew.window.factor = 0.8
	sasl.login.callback.handler.class = null
	sasl.login.class = null
	sasl.login.connect.timeout.ms = null
	sasl.login.read.timeout.ms = null
	sasl.login.refresh.buffer.seconds = 300
	sasl.login.refresh.min.period.seconds = 60
	sasl.login.refresh.window.factor = 0.8
	sasl.login.refresh.window.jitter = 0.05
	sasl.login.retry.backoff.max.ms = 10000
	sasl.login.retry.backoff.ms = 100
	sasl.mechanism = GSSAPI
	sasl.oauthbearer.assertion.algorithm = RS256
	sasl.oauthbearer.assertion.claim.aud = null
	sasl.oauthbearer.assertion.claim.exp.seconds = 300
	sasl.oauthbearer.assertion.claim.iss = null
	sasl.oauthbearer.assertion.claim.jti.include = false
	sasl.oauthbearer.assertion.claim.nbf.seconds = 60
	sasl.oauthbearer.assertion.claim.sub = null
	sasl.oauthbearer.assertion.file = null
	sasl.oauthbearer.assertion.private.key.file = null
	sasl.oauthbearer.assertion.private.key.passphrase = null
	sasl.oauthbearer.assertion.template.file = null
	sasl.oauthbearer.client.credentials.client.id = null
	sasl.oauthbearer.client.credentials.client.secret = null
	sasl.oauthbearer.clock.skew.seconds = 30
	sasl.oauthbearer.expected.audience = null
	sasl.oauthbearer.expected.issuer = null
	sasl.oauthbearer.header.urlencode = false
	sasl.oauthbearer.jwks.endpoint.refresh.ms = 3600000
	sasl.oauthbearer.jwks.endpoint.retry.backoff.max.ms = 10000
	sasl.oauthbearer.jwks.endpoint.retry.backoff.ms = 100
	sasl.oauthbearer.jwks.endpoint.url = null
	sasl.oauthbearer.jwt.retriever.class = class org.apache.kafka.common.security.oauthbearer.DefaultJwtRetriever
	sasl.oauthbearer.jwt.validator.class = class org.apache.kafka.common.security.oauthbearer.DefaultJwtValidator
	sasl.oauthbearer.scope = null
	sasl.oauthbearer.scope.claim.name = scope
	sasl.oauthbearer.sub.claim.name = sub
	sasl.oauthbearer.token.endpoint.url = null
	security.protocol = PLAINTEXT
	security.providers = null
	send.buffer.bytes = 131072
	session.timeout.ms = 45000
	share.acknowledgement.mode = implicit
	socket.connection.setup.timeout.max.ms = 30000
	socket.connection.setup.timeout.ms = 10000
	ssl.cipher.suites = null
	ssl.enabled.protocols = [TLSv1.2, TLSv1.3]
	ssl.endpoint.identification.algorithm = https
	ssl.engine.factory.class = null
	ssl.key.password = null
	ssl.keymanager.algorithm = SunX509
	ssl.keystore.certificate.chain = null
	ssl.keystore.key = null
	ssl.keystore.location = null
	ssl.keystore.password = null
	ssl.keystore.type = JKS
	ssl.protocol = TLSv1.3
	ssl.provider = null
	ssl.secure.random.implementation = null
	ssl.trustmanager.algorithm = PKIX
	ssl.truststore.certificates = null
	ssl.truststore.location = null
	ssl.truststore.password = null
	ssl.truststore.type = JKS
	value.deserializer = class org.springframework.kafka.support.serializer.JsonDeserializer

2026-09-30 17:27:51 INFO  [main] traceId= spanId= o.a.k.c.t.i.KafkaMetricsCollector : initializing Kafka metrics collector
2026-09-30 17:27:51 INFO  [main] traceId= spanId= o.a.kafka.common.utils.AppInfoParser : Kafka version: 4.1.2
2026-09-30 17:27:51 INFO  [main] traceId= spanId= o.a.kafka.common.utils.AppInfoParser : Kafka commitId: c82fd9b934b4c1e6
2026-09-30 17:27:51 INFO  [main] traceId= spanId= o.a.kafka.common.utils.AppInfoParser : Kafka startTimeMs: 1790769471211
2026-09-30 17:27:51 INFO  [main] traceId= spanId= o.a.k.c.c.i.ClassicKafkaConsumer : [Consumer clientId=consumer-payment-group-1, groupId=payment-group] Subscribed to topic(s): ORDER_EVENT
2026-09-30 17:27:51 INFO  [main] traceId= spanId= c.e.p.PaymentServiceApplication : Started PaymentServiceApplication in 8.801 seconds (process running for 10.248)
2026-09-30 17:27:51 INFO  [org.springframework.kafka.KafkaListenerEndpointContainer#0-0-C-1] traceId= spanId= org.apache.kafka.clients.Metadata : [Consumer clientId=consumer-payment-group-1, groupId=payment-group] Cluster ID: 5L6g3nShT-eMCtK--X86sw
2026-09-30 17:27:51 INFO  [org.springframework.kafka.KafkaListenerEndpointContainer#0-0-C-1] traceId= spanId= o.a.k.c.c.i.ConsumerCoordinator : [Consumer clientId=consumer-payment-group-1, groupId=payment-group] Discovered group coordinator localhost:9092 (id: 2147483646 rack: null isFenced: false)
2026-09-30 17:27:51 INFO  [org.springframework.kafka.KafkaListenerEndpointContainer#0-0-C-1] traceId= spanId= o.a.k.c.c.i.ConsumerCoordinator : [Consumer clientId=consumer-payment-group-1, groupId=payment-group] (Re-)joining group
2026-09-30 17:27:51 INFO  [org.springframework.kafka.KafkaListenerEndpointContainer#0-0-C-1] traceId= spanId= o.a.k.c.c.i.ConsumerCoordinator : [Consumer clientId=consumer-payment-group-1, groupId=payment-group] Request joining group due to: need to re-join with the given member-id: consumer-payment-group-1-fc474360-17dd-494d-8107-652f29efcac5
2026-09-30 17:27:51 INFO  [org.springframework.kafka.KafkaListenerEndpointContainer#0-0-C-1] traceId= spanId= o.a.k.c.c.i.ConsumerCoordinator : [Consumer clientId=consumer-payment-group-1, groupId=payment-group] (Re-)joining group
2026-09-30 17:27:54 INFO  [org.springframework.kafka.KafkaListenerEndpointContainer#0-0-C-1] traceId= spanId= o.a.k.c.c.i.ConsumerCoordinator : [Consumer clientId=consumer-payment-group-1, groupId=payment-group] Successfully joined group with generation Generation{generationId=5, memberId='consumer-payment-group-1-fc474360-17dd-494d-8107-652f29efcac5', protocol='range'}
2026-09-30 17:27:54 INFO  [org.springframework.kafka.KafkaListenerEndpointContainer#0-0-C-1] traceId= spanId= o.a.k.c.c.i.ConsumerCoordinator : [Consumer clientId=consumer-payment-group-1, groupId=payment-group] Finished assignment for group at generation 5: {consumer-payment-group-1-fc474360-17dd-494d-8107-652f29efcac5=Assignment(partitions=[ORDER_EVENT-0])}
2026-09-30 17:27:54 INFO  [org.springframework.kafka.KafkaListenerEndpointContainer#0-0-C-1] traceId= spanId= o.a.k.c.c.i.ConsumerCoordinator : [Consumer clientId=consumer-payment-group-1, groupId=payment-group] Successfully synced group in generation Generation{generationId=5, memberId='consumer-payment-group-1-fc474360-17dd-494d-8107-652f29efcac5', protocol='range'}
2026-09-30 17:27:54 INFO  [org.springframework.kafka.KafkaListenerEndpointContainer#0-0-C-1] traceId= spanId= o.a.k.c.c.i.ConsumerCoordinator : [Consumer clientId=consumer-payment-group-1, groupId=payment-group] Notifying assignor about the new Assignment(partitions=[ORDER_EVENT-0])
2026-09-30 17:27:54 INFO  [org.springframework.kafka.KafkaListenerEndpointContainer#0-0-C-1] traceId= spanId= o.a.k.c.c.i.ConsumerRebalanceListenerInvoker : [Consumer clientId=consumer-payment-group-1, groupId=payment-group] Adding newly assigned partitions: [ORDER_EVENT-0]
2026-09-30 17:27:54 INFO  [org.springframework.kafka.KafkaListenerEndpointContainer#0-0-C-1] traceId= spanId= o.a.k.c.c.internals.ConsumerUtils : Setting offset for partition ORDER_EVENT-0 to the committed offset FetchPosition{offset=0, offsetEpoch=Optional.empty, currentLeader=LeaderAndEpoch{leader=Optional[localhost:9092 (id: 1 rack: null isFenced: false)], epoch=0}}
2026-09-30 17:27:54 INFO  [org.springframework.kafka.KafkaListenerEndpointContainer#0-0-C-1] traceId= spanId= o.s.k.l.KafkaMessageListenerContainer : payment-group: partitions assigned: [ORDER_EVENT-0]
2026-09-30 17:32:50 INFO  [AsyncResolver-bootstrap-executor-%d] traceId= spanId= c.n.d.s.r.aws.ConfigClusterResolver : Resolving eureka endpoints via configuration
2026-09-30 17:37:01 INFO  [SpringApplicationShutdownHook] traceId= spanId= o.s.c.n.e.s.EurekaServiceRegistry : Unregistering application PAYMENT-SERVICE with eureka with status DOWN
2026-09-30 17:37:01 INFO  [SpringApplicationShutdownHook] traceId= spanId= c.netflix.discovery.DiscoveryClient : Saw local status change event StatusChangeEvent [timestamp=1790770021552, current=DOWN, previous=UP]
2026-09-30 17:37:01 INFO  [DiscoveryClient-InstanceInfoReplicator-%d] traceId= spanId= c.netflix.discovery.DiscoveryClient : DiscoveryClient_PAYMENT-SERVICE/10.19.63.112:payment-service:8085: registering service...
2026-09-30 17:37:01 INFO  [DiscoveryClient-InstanceInfoReplicator-%d] traceId= spanId= c.netflix.discovery.DiscoveryClient : DiscoveryClient_PAYMENT-SERVICE/10.19.63.112:payment-service:8085 - registration status: 204
2026-09-30 17:37:01 INFO  [org.springframework.kafka.KafkaListenerEndpointContainer#0-0-C-1] traceId= spanId= o.a.k.c.c.i.ConsumerRebalanceListenerInvoker : [Consumer clientId=consumer-payment-group-1, groupId=payment-group] Revoke previously assigned partitions [ORDER_EVENT-0]
2026-09-30 17:37:01 INFO  [org.springframework.kafka.KafkaListenerEndpointContainer#0-0-C-1] traceId= spanId= o.s.k.l.KafkaMessageListenerContainer : payment-group: partitions revoked: [ORDER_EVENT-0]
2026-09-30 17:37:01 INFO  [org.springframework.kafka.KafkaListenerEndpointContainer#0-0-C-1] traceId= spanId= o.a.k.c.c.i.ConsumerCoordinator : [Consumer clientId=consumer-payment-group-1, groupId=payment-group] Member consumer-payment-group-1-fc474360-17dd-494d-8107-652f29efcac5 sending LeaveGroup request to coordinator localhost:9092 (id: 2147483646 rack: null isFenced: false) due to the consumer unsubscribed from all topics
2026-09-30 17:37:01 INFO  [org.springframework.kafka.KafkaListenerEndpointContainer#0-0-C-1] traceId= spanId= o.a.k.c.c.i.ConsumerCoordinator : [Consumer clientId=consumer-payment-group-1, groupId=payment-group] Resetting generation and member id due to: consumer pro-actively leaving the group
2026-09-30 17:37:01 INFO  [org.springframework.kafka.KafkaListenerEndpointContainer#0-0-C-1] traceId= spanId= o.a.k.c.c.i.ConsumerCoordinator : [Consumer clientId=consumer-payment-group-1, groupId=payment-group] Request joining group due to: consumer pro-actively leaving the group
2026-09-30 17:37:01 INFO  [org.springframework.kafka.KafkaListenerEndpointContainer#0-0-C-1] traceId= spanId= o.a.k.c.c.i.ClassicKafkaConsumer : [Consumer clientId=consumer-payment-group-1, groupId=payment-group] Unsubscribed all topics or patterns and assigned partitions
2026-09-30 17:37:01 INFO  [org.springframework.kafka.KafkaListenerEndpointContainer#0-0-C-1] traceId= spanId= o.a.k.c.c.i.ConsumerCoordinator : [Consumer clientId=consumer-payment-group-1, groupId=payment-group] Resetting generation and member id due to: consumer pro-actively leaving the group
2026-09-30 17:37:01 INFO  [org.springframework.kafka.KafkaListenerEndpointContainer#0-0-C-1] traceId= spanId= o.a.k.c.c.i.ConsumerCoordinator : [Consumer clientId=consumer-payment-group-1, groupId=payment-group] Request joining group due to: consumer pro-actively leaving the group
2026-09-30 17:37:01 INFO  [org.springframework.kafka.KafkaListenerEndpointContainer#0-0-C-1] traceId= spanId= o.a.kafka.common.metrics.Metrics : Metrics scheduler closed
2026-09-30 17:37:01 INFO  [org.springframework.kafka.KafkaListenerEndpointContainer#0-0-C-1] traceId= spanId= o.a.kafka.common.metrics.Metrics : Closing reporter io.opentelemetry.javaagent.shaded.instrumentation.kafkaclients.common.v0_11.internal.OpenTelemetryMetricsReporter
2026-09-30 17:37:01 INFO  [org.springframework.kafka.KafkaListenerEndpointContainer#0-0-C-1] traceId= spanId= o.a.kafka.common.metrics.Metrics : Closing reporter org.apache.kafka.common.telemetry.internals.ClientTelemetryReporter
2026-09-30 17:37:01 INFO  [org.springframework.kafka.KafkaListenerEndpointContainer#0-0-C-1] traceId= spanId= o.a.kafka.common.metrics.Metrics : Metrics reporters closed
2026-09-30 17:37:01 INFO  [org.springframework.kafka.KafkaListenerEndpointContainer#0-0-C-1] traceId= spanId= o.a.kafka.common.utils.AppInfoParser : App info kafka.consumer for consumer-payment-group-1 unregistered
2026-09-30 17:37:01 INFO  [org.springframework.kafka.KafkaListenerEndpointContainer#0-0-C-1] traceId= spanId= o.s.k.l.KafkaMessageListenerContainer : payment-group: Consumer stopped
2026-09-30 17:37:01 INFO  [SpringApplicationShutdownHook] traceId= spanId= o.s.boot.tomcat.GracefulShutdown : Commencing graceful shutdown. Waiting for active requests to complete
2026-09-30 17:37:03 INFO  [tomcat-shutdown] traceId= spanId= o.s.boot.tomcat.GracefulShutdown : Graceful shutdown complete
2026-09-30 17:37:03 INFO  [SpringApplicationShutdownHook] traceId= spanId= o.s.a.r.l.SimpleMessageListenerContainer : Waiting for workers to finish.
2026-09-30 17:37:04 INFO  [SpringApplicationShutdownHook] traceId= spanId= o.s.a.r.l.SimpleMessageListenerContainer : Successfully waited for workers to finish.
2026-09-30 17:37:04 INFO  [SpringApplicationShutdownHook] traceId= spanId= o.s.i.a.i.AmqpInboundChannelAdapter : stopped bean 'inbound.springCloudBus.anonymous.lSofaIliRmeD8EpLohZwOQ'
2026-09-30 17:37:04 INFO  [SpringApplicationShutdownHook] traceId= spanId= o.s.c.s.binder.BinderErrorChannel : Channel 'payment-service.rabbit-398028118.springCloudBusInput.errors' has 1 subscriber(s).
2026-09-30 17:37:04 INFO  [SpringApplicationShutdownHook] traceId= spanId= o.s.c.s.binder.BinderErrorChannel : Channel 'payment-service.rabbit-398028118.springCloudBusInput.errors' has 0 subscriber(s).
2026-09-30 17:37:04 INFO  [SpringApplicationShutdownHook] traceId= spanId= o.s.i.endpoint.EventDrivenConsumer : Removing {logging-channel-adapter:_org.springframework.integration.errorLogger} as a subscriber to the 'errorChannel' channel
2026-09-30 17:37:04 INFO  [SpringApplicationShutdownHook] traceId= spanId= o.s.i.c.PublishSubscribeChannel : Channel 'payment-service.errorChannel' has 0 subscriber(s).
2026-09-30 17:37:04 INFO  [SpringApplicationShutdownHook] traceId= spanId= o.s.i.endpoint.EventDrivenConsumer : stopped bean '_org.springframework.integration.errorLogger'
2026-09-30 17:37:04 INFO  [SpringApplicationShutdownHook] traceId= spanId= o.s.o.j.LocalContainerEntityManagerFactoryBean : Closing JPA EntityManagerFactory for persistence unit 'default'
2026-09-30 17:37:04 INFO  [SpringApplicationShutdownHook] traceId= spanId= com.zaxxer.hikari.HikariDataSource : HikariPool-1 - Shutdown initiated...
2026-09-30 17:37:04 INFO  [SpringApplicationShutdownHook] traceId= spanId= com.zaxxer.hikari.HikariDataSource : HikariPool-1 - Shutdown completed.
2026-09-30 17:37:04 INFO  [SpringApplicationShutdownHook] traceId= spanId= c.netflix.discovery.DiscoveryClient : Shutting down DiscoveryClient ...
2026-09-30 17:37:07 INFO  [SpringApplicationShutdownHook] traceId= spanId= c.netflix.discovery.DiscoveryClient : Unregistering ...
2026-09-30 17:37:07 INFO  [SpringApplicationShutdownHook] traceId= spanId= c.n.d.s.t.d.RedirectingEurekaHttpClient : Request execution error. endpoint=DefaultEndpoint{ serviceUrl='http://localhost:8761/eureka/} exception=I/O error on DELETE request for "http://localhost:8761/eureka/apps/PAYMENT-SERVICE/10.19.63.112:payment-service:8085": Connect to http://localhost:8761 failed: Connection refused stacktrace=org.springframework.web.client.ResourceAccessException: I/O error on DELETE request for "http://localhost:8761/eureka/apps/PAYMENT-SERVICE/10.19.63.112:payment-service:8085": Connect to http://localhost:8761 failed: Connection refused
	at org.springframework.web.client.DefaultRestClient$DefaultRequestBodyUriSpec.createResourceAccessException(DefaultRestClient.java:779)
	at org.springframework.web.client.DefaultRestClient$DefaultRequestBodyUriSpec.exchangeInternal(DefaultRestClient.java:624)
	at org.springframework.web.client.DefaultRestClient$DefaultRequestBodyUriSpec.exchange(DefaultRestClient.java:572)
	at org.springframework.web.client.RestClient$RequestHeadersSpec.exchange(RestClient.java:747)
	at org.springframework.web.client.DefaultRestClient$DefaultResponseSpec.executeAndExtract(DefaultRestClient.java:924)
	at org.springframework.web.client.DefaultRestClient$DefaultResponseSpec.toBodilessEntity(DefaultRestClient.java:888)
	at org.springframework.cloud.netflix.eureka.http.RestClientEurekaHttpClient.cancel(RestClientEurekaHttpClient.java:73)
	at com.netflix.discovery.shared.transport.decorator.EurekaHttpClientDecorator$2.execute(EurekaHttpClientDecorator.java:74)
	at com.netflix.discovery.shared.transport.decorator.RedirectingEurekaHttpClient.execute(RedirectingEurekaHttpClient.java:91)
	at com.netflix.discovery.shared.transport.decorator.EurekaHttpClientDecorator.cancel(EurekaHttpClientDecorator.java:71)
	at com.netflix.discovery.shared.transport.decorator.EurekaHttpClientDecorator$2.execute(EurekaHttpClientDecorator.java:74)
	at com.netflix.discovery.shared.transport.decorator.RetryableEurekaHttpClient.execute(RetryableEurekaHttpClient.java:120)
	at com.netflix.discovery.shared.transport.decorator.EurekaHttpClientDecorator.cancel(EurekaHttpClientDecorator.java:71)
	at com.netflix.discovery.shared.transport.decorator.EurekaHttpClientDecorator$2.execute(EurekaHttpClientDecorator.java:74)
	at com.netflix.discovery.shared.transport.decorator.SessionedEurekaHttpClient.execute(SessionedEurekaHttpClient.java:76)
	at com.netflix.discovery.shared.transport.decorator.EurekaHttpClientDecorator.cancel(EurekaHttpClientDecorator.java:71)
	at com.netflix.discovery.DiscoveryClient.unregister(DiscoveryClient.java:919)
	at com.netflix.discovery.DiscoveryClient.shutdown(DiscoveryClient.java:900)
	at java.base/jdk.internal.reflect.DirectMethodHandleAccessor.invoke(DirectMethodHandleAccessor.java:104)
	at java.base/java.lang.reflect.Method.invoke(Method.java:565)
	at org.springframework.beans.factory.annotation.InitDestroyAnnotationBeanPostProcessor$LifecycleMethod.invoke(InitDestroyAnnotationBeanPostProcessor.java:453)
	at org.springframework.beans.factory.annotation.InitDestroyAnnotationBeanPostProcessor$LifecycleMetadata.invokeDestroyMethods(InitDestroyAnnotationBeanPostProcessor.java:411)
	at org.springframework.beans.factory.annotation.InitDestroyAnnotationBeanPostProcessor.postProcessBeforeDestruction(InitDestroyAnnotationBeanPostProcessor.java:237)
	at org.springframework.beans.factory.support.DisposableBeanAdapter.destroy(DisposableBeanAdapter.java:200)
	at org.springframework.beans.factory.support.DisposableBeanAdapter.run(DisposableBeanAdapter.java:193)
	at org.springframework.cloud.context.scope.GenericScope$BeanLifecycleWrapper.destroy(GenericScope.java:387)
	at org.springframework.cloud.context.scope.GenericScope.destroy(GenericScope.java:134)
	at org.springframework.beans.factory.support.DisposableBeanAdapter.destroy(DisposableBeanAdapter.java:209)
	at org.springframework.beans.factory.support.DefaultSingletonBeanRegistry.destroyBean(DefaultSingletonBeanRegistry.java:795)
	at org.springframework.beans.factory.support.DefaultSingletonBeanRegistry.destroySingleton(DefaultSingletonBeanRegistry.java:745)
	at org.springframework.beans.factory.support.DefaultListableBeanFactory.destroySingleton(DefaultListableBeanFactory.java:1500)
	at org.springframework.beans.factory.support.DefaultSingletonBeanRegistry.destroySingletons(DefaultSingletonBeanRegistry.java:704)
	at org.springframework.beans.factory.support.DefaultListableBeanFactory.destroySingletons(DefaultListableBeanFactory.java:1493)
	at org.springframework.context.support.AbstractApplicationContext.destroyBeans(AbstractApplicationContext.java:1246)
	at org.springframework.context.support.AbstractApplicationContext.doClose(AbstractApplicationContext.java:1207)
	at org.springframework.boot.web.server.servlet.context.ServletWebServerApplicationContext.doClose(ServletWebServerApplicationContext.java:176)
	at org.springframework.context.support.AbstractApplicationContext.close(AbstractApplicationContext.java:1153)
	at org.springframework.boot.SpringApplicationShutdownHook.closeAndWait(SpringApplicationShutdownHook.java:147)
	at java.base/java.lang.Iterable.forEach(Iterable.java:75)
	at org.springframework.boot.SpringApplicationShutdownHook.run(SpringApplicationShutdownHook.java:116)
	at java.base/java.lang.Thread.run(Thread.java:1474)
Caused by: org.apache.hc.client5.http.HttpHostConnectException: Connect to http://localhost:8761 failed: Connection refused
	at java.base/sun.nio.ch.Net.pollConnect(Native Method)
	at java.base/sun.nio.ch.Net.pollConnectNow(Net.java:639)
	at java.base/sun.nio.ch.NioSocketImpl.timedFinishConnect(NioSocketImpl.java:550)
	at java.base/sun.nio.ch.NioSocketImpl.connect(NioSocketImpl.java:594)
	at java.base/java.net.SocksSocketImpl.connect(SocksSocketImpl.java:284)
	at java.base/java.net.Socket.connect(Socket.java:659)
	at org.apache.hc.client5.http.impl.io.DefaultHttpClientConnectionOperator.connect(DefaultHttpClientConnectionOperator.java:226)
	at org.apache.hc.client5.http.impl.io.PoolingHttpClientConnectionManager.connect(PoolingHttpClientConnectionManager.java:497)
	at org.apache.hc.client5.http.impl.classic.InternalExecRuntime.connectEndpoint(InternalExecRuntime.java:164)
	at org.apache.hc.client5.http.impl.classic.InternalExecRuntime.connectEndpoint(InternalExecRuntime.java:174)
	at org.apache.hc.client5.http.impl.classic.ConnectExec.execute(ConnectExec.java:144)
	at org.apache.hc.client5.http.impl.classic.ExecChainElement.execute(ExecChainElement.java:51)
	at org.apache.hc.client5.http.impl.classic.ProtocolExec.execute(ProtocolExec.java:195)
	at org.apache.hc.client5.http.impl.classic.ExecChainElement.execute(ExecChainElement.java:51)
	at org.apache.hc.client5.http.impl.classic.ContentCompressionExec.execute(ContentCompressionExec.java:168)
	at org.apache.hc.client5.http.impl.classic.ExecChainElement.execute(ExecChainElement.java:51)
	at org.apache.hc.client5.http.impl.classic.HttpRequestRetryExec.execute(HttpRequestRetryExec.java:112)
	at org.apache.hc.client5.http.impl.classic.ExecChainElement.execute(ExecChainElement.java:51)
	at org.apache.hc.client5.http.impl.classic.RedirectExec.execute(RedirectExec.java:110)
	at org.apache.hc.client5.http.impl.classic.ExecChainElement.execute(ExecChainElement.java:51)
	at org.apache.hc.client5.http.impl.classic.InternalHttpClient.doExecute(InternalHttpClient.java:185)
	at org.apache.hc.client5.http.impl.classic.CloseableHttpClient.execute(CloseableHttpClient.java:87)
	at org.apache.hc.client5.http.impl.classic.CloseableHttpClient.execute(CloseableHttpClient.java:55)
	at org.apache.hc.client5.http.classic.HttpClient.executeOpen(HttpClient.java:183)
	at org.springframework.http.client.HttpComponentsClientHttpRequest.executeInternal(HttpComponentsClientHttpRequest.java:99)
	at org.springframework.http.client.AbstractStreamingClientHttpRequest.executeInternal(AbstractStreamingClientHttpRequest.java:87)
	at org.springframework.http.client.AbstractClientHttpRequest.execute(AbstractClientHttpRequest.java:80)
	at org.springframework.http.client.AbstractBufferingClientHttpRequest.executeWithRequestAndBody(AbstractBufferingClientHttpRequest.java:89)
	at org.springframework.http.client.InterceptingClientHttpRequest$EndOfChainRequestExecution.execute(InterceptingClientHttpRequest.java:102)
	at org.springframework.cloud.netflix.eureka.http.RestClientTransportClientFactory.lambda$newClient$2(RestClientTransportClientFactory.java:98)
	at org.springframework.http.client.ClientHttpRequestInterceptor.lambda$apply$0(ClientHttpRequestInterceptor.java:89)
	at org.springframework.http.client.InterceptingClientHttpRequest.executeInternal(InterceptingClientHttpRequest.java:73)
	at org.springframework.http.client.AbstractBufferingClientHttpRequest.executeInternal(AbstractBufferingClientHttpRequest.java:50)
	at org.springframework.http.client.AbstractClientHttpRequest.execute(AbstractClientHttpRequest.java:80)
	at org.springframework.web.client.DefaultRestClient$DefaultRequestBodyUriSpec.exchangeInternal(DefaultRestClient.java:614)
	... 39 more

2026-09-30 17:37:07 WARN  [SpringApplicationShutdownHook] traceId= spanId= c.n.d.s.t.d.RetryableEurekaHttpClient : Request execution failed with message: I/O error on DELETE request for "http://localhost:8761/eureka/apps/PAYMENT-SERVICE/10.19.63.112:payment-service:8085": Connect to http://localhost:8761 failed: Connection refused
2026-09-30 17:37:07 INFO  [SpringApplicationShutdownHook] traceId= spanId= c.n.d.s.t.d.RedirectingEurekaHttpClient : Request execution error. endpoint=DefaultEndpoint{ serviceUrl='http://localhost:8761/eureka/}, exception=I/O error on DELETE request for "http://localhost:8761/eureka/apps/PAYMENT-SERVICE/10.19.63.112:payment-service:8085": Connect to http://localhost:8761 failed: Connection refused stacktrace=org.springframework.web.client.ResourceAccessException: I/O error on DELETE request for "http://localhost:8761/eureka/apps/PAYMENT-SERVICE/10.19.63.112:payment-service:8085": Connect to http://localhost:8761 failed: Connection refused
	at org.springframework.web.client.DefaultRestClient$DefaultRequestBodyUriSpec.createResourceAccessException(DefaultRestClient.java:779)
	at org.springframework.web.client.DefaultRestClient$DefaultRequestBodyUriSpec.exchangeInternal(DefaultRestClient.java:624)
	at org.springframework.web.client.DefaultRestClient$DefaultRequestBodyUriSpec.exchange(DefaultRestClient.java:572)
	at org.springframework.web.client.RestClient$RequestHeadersSpec.exchange(RestClient.java:747)
	at org.springframework.web.client.DefaultRestClient$DefaultResponseSpec.executeAndExtract(DefaultRestClient.java:924)
	at org.springframework.web.client.DefaultRestClient$DefaultResponseSpec.toBodilessEntity(DefaultRestClient.java:888)
	at org.springframework.cloud.netflix.eureka.http.RestClientEurekaHttpClient.cancel(RestClientEurekaHttpClient.java:73)
	at com.netflix.discovery.shared.transport.decorator.EurekaHttpClientDecorator$2.execute(EurekaHttpClientDecorator.java:74)
	at com.netflix.discovery.shared.transport.decorator.RedirectingEurekaHttpClient.executeOnNewServer(RedirectingEurekaHttpClient.java:121)
	at com.netflix.discovery.shared.transport.decorator.RedirectingEurekaHttpClient.execute(RedirectingEurekaHttpClient.java:80)
	at com.netflix.discovery.shared.transport.decorator.EurekaHttpClientDecorator.cancel(EurekaHttpClientDecorator.java:71)
	at com.netflix.discovery.shared.transport.decorator.EurekaHttpClientDecorator$2.execute(EurekaHttpClientDecorator.java:74)
	at com.netflix.discovery.shared.transport.decorator.RetryableEurekaHttpClient.execute(RetryableEurekaHttpClient.java:120)
	at com.netflix.discovery.shared.transport.decorator.EurekaHttpClientDecorator.cancel(EurekaHttpClientDecorator.java:71)
	at com.netflix.discovery.shared.transport.decorator.EurekaHttpClientDecorator$2.execute(EurekaHttpClientDecorator.java:74)
	at com.netflix.discovery.shared.transport.decorator.SessionedEurekaHttpClient.execute(SessionedEurekaHttpClient.java:76)
	at com.netflix.discovery.shared.transport.decorator.EurekaHttpClientDecorator.cancel(EurekaHttpClientDecorator.java:71)
	at com.netflix.discovery.DiscoveryClient.unregister(DiscoveryClient.java:919)
	at com.netflix.discovery.DiscoveryClient.shutdown(DiscoveryClient.java:900)
	at java.base/jdk.internal.reflect.DirectMethodHandleAccessor.invoke(DirectMethodHandleAccessor.java:104)
	at java.base/java.lang.reflect.Method.invoke(Method.java:565)
	at org.springframework.beans.factory.annotation.InitDestroyAnnotationBeanPostProcessor$LifecycleMethod.invoke(InitDestroyAnnotationBeanPostProcessor.java:453)
	at org.springframework.beans.factory.annotation.InitDestroyAnnotationBeanPostProcessor$LifecycleMetadata.invokeDestroyMethods(InitDestroyAnnotationBeanPostProcessor.java:411)
	at org.springframework.beans.factory.annotation.InitDestroyAnnotationBeanPostProcessor.postProcessBeforeDestruction(InitDestroyAnnotationBeanPostProcessor.java:237)
	at org.springframework.beans.factory.support.DisposableBeanAdapter.destroy(DisposableBeanAdapter.java:200)
	at org.springframework.beans.factory.support.DisposableBeanAdapter.run(DisposableBeanAdapter.java:193)
	at org.springframework.cloud.context.scope.GenericScope$BeanLifecycleWrapper.destroy(GenericScope.java:387)
	at org.springframework.cloud.context.scope.GenericScope.destroy(GenericScope.java:134)
	at org.springframework.beans.factory.support.DisposableBeanAdapter.destroy(DisposableBeanAdapter.java:209)
	at org.springframework.beans.factory.support.DefaultSingletonBeanRegistry.destroyBean(DefaultSingletonBeanRegistry.java:795)
	at org.springframework.beans.factory.support.DefaultSingletonBeanRegistry.destroySingleton(DefaultSingletonBeanRegistry.java:745)
	at org.springframework.beans.factory.support.DefaultListableBeanFactory.destroySingleton(DefaultListableBeanFactory.java:1500)
	at org.springframework.beans.factory.support.DefaultSingletonBeanRegistry.destroySingletons(DefaultSingletonBeanRegistry.java:704)
	at org.springframework.beans.factory.support.DefaultListableBeanFactory.destroySingletons(DefaultListableBeanFactory.java:1493)
	at org.springframework.context.support.AbstractApplicationContext.destroyBeans(AbstractApplicationContext.java:1246)
	at org.springframework.context.support.AbstractApplicationContext.doClose(AbstractApplicationContext.java:1207)
	at org.springframework.boot.web.server.servlet.context.ServletWebServerApplicationContext.doClose(ServletWebServerApplicationContext.java:176)
	at org.springframework.context.support.AbstractApplicationContext.close(AbstractApplicationContext.java:1153)
	at org.springframework.boot.SpringApplicationShutdownHook.closeAndWait(SpringApplicationShutdownHook.java:147)
	at java.base/java.lang.Iterable.forEach(Iterable.java:75)
	at org.springframework.boot.SpringApplicationShutdownHook.run(SpringApplicationShutdownHook.java:116)
	at java.base/java.lang.Thread.run(Thread.java:1474)
Caused by: org.apache.hc.client5.http.HttpHostConnectException: Connect to http://localhost:8761 failed: Connection refused
	at java.base/sun.nio.ch.Net.pollConnect(Native Method)
	at java.base/sun.nio.ch.Net.pollConnectNow(Net.java:639)
	at java.base/sun.nio.ch.NioSocketImpl.timedFinishConnect(NioSocketImpl.java:550)
	at java.base/sun.nio.ch.NioSocketImpl.connect(NioSocketImpl.java:594)
	at java.base/java.net.SocksSocketImpl.connect(SocksSocketImpl.java:284)
	at java.base/java.net.Socket.connect(Socket.java:659)
	at org.apache.hc.client5.http.impl.io.DefaultHttpClientConnectionOperator.connect(DefaultHttpClientConnectionOperator.java:226)
	at org.apache.hc.client5.http.impl.io.PoolingHttpClientConnectionManager.connect(PoolingHttpClientConnectionManager.java:497)
	at org.apache.hc.client5.http.impl.classic.InternalExecRuntime.connectEndpoint(InternalExecRuntime.java:164)
	at org.apache.hc.client5.http.impl.classic.InternalExecRuntime.connectEndpoint(InternalExecRuntime.java:174)
	at org.apache.hc.client5.http.impl.classic.ConnectExec.execute(ConnectExec.java:144)
	at org.apache.hc.client5.http.impl.classic.ExecChainElement.execute(ExecChainElement.java:51)
	at org.apache.hc.client5.http.impl.classic.ProtocolExec.execute(ProtocolExec.java:195)
	at org.apache.hc.client5.http.impl.classic.ExecChainElement.execute(ExecChainElement.java:51)
	at org.apache.hc.client5.http.impl.classic.ContentCompressionExec.execute(ContentCompressionExec.java:168)
	at org.apache.hc.client5.http.impl.classic.ExecChainElement.execute(ExecChainElement.java:51)
	at org.apache.hc.client5.http.impl.classic.HttpRequestRetryExec.execute(HttpRequestRetryExec.java:112)
	at org.apache.hc.client5.http.impl.classic.ExecChainElement.execute(ExecChainElement.java:51)
	at org.apache.hc.client5.http.impl.classic.RedirectExec.execute(RedirectExec.java:110)
	at org.apache.hc.client5.http.impl.classic.ExecChainElement.execute(ExecChainElement.java:51)
	at org.apache.hc.client5.http.impl.classic.InternalHttpClient.doExecute(InternalHttpClient.java:185)
	at org.apache.hc.client5.http.impl.classic.CloseableHttpClient.execute(CloseableHttpClient.java:87)
	at org.apache.hc.client5.http.impl.classic.CloseableHttpClient.execute(CloseableHttpClient.java:55)
	at org.apache.hc.client5.http.classic.HttpClient.executeOpen(HttpClient.java:183)
	at org.springframework.http.client.HttpComponentsClientHttpRequest.executeInternal(HttpComponentsClientHttpRequest.java:99)
	at org.springframework.http.client.AbstractStreamingClientHttpRequest.executeInternal(AbstractStreamingClientHttpRequest.java:87)
	at org.springframework.http.client.AbstractClientHttpRequest.execute(AbstractClientHttpRequest.java:80)
	at org.springframework.http.client.AbstractBufferingClientHttpRequest.executeWithRequestAndBody(AbstractBufferingClientHttpRequest.java:89)
	at org.springframework.http.client.InterceptingClientHttpRequest$EndOfChainRequestExecution.execute(InterceptingClientHttpRequest.java:102)
	at org.springframework.cloud.netflix.eureka.http.RestClientTransportClientFactory.lambda$newClient$2(RestClientTransportClientFactory.java:98)
	at org.springframework.http.client.ClientHttpRequestInterceptor.lambda$apply$0(ClientHttpRequestInterceptor.java:89)
	at org.springframework.http.client.InterceptingClientHttpRequest.executeInternal(InterceptingClientHttpRequest.java:73)
	at org.springframework.http.client.AbstractBufferingClientHttpRequest.executeInternal(AbstractBufferingClientHttpRequest.java:50)
	at org.springframework.http.client.AbstractClientHttpRequest.execute(AbstractClientHttpRequest.java:80)
	at org.springframework.web.client.DefaultRestClient$DefaultRequestBodyUriSpec.exchangeInternal(DefaultRestClient.java:614)
	... 40 more

2026-09-30 17:37:07 WARN  [SpringApplicationShutdownHook] traceId= spanId= c.n.d.s.t.d.RetryableEurekaHttpClient : Request execution failed with message: I/O error on DELETE request for "http://localhost:8761/eureka/apps/PAYMENT-SERVICE/10.19.63.112:payment-service:8085": Connect to http://localhost:8761 failed: Connection refused
2026-09-30 17:37:07 ERROR [SpringApplicationShutdownHook] traceId= spanId= c.netflix.discovery.DiscoveryClient : DiscoveryClient_PAYMENT-SERVICE/10.19.63.112:payment-service:8085 - de-registration failedCannot execute request on any known server
com.netflix.discovery.shared.transport.TransportException: Cannot execute request on any known server
	at com.netflix.discovery.shared.transport.decorator.RetryableEurekaHttpClient.execute(RetryableEurekaHttpClient.java:112)
	at com.netflix.discovery.shared.transport.decorator.EurekaHttpClientDecorator.cancel(EurekaHttpClientDecorator.java:71)
	at com.netflix.discovery.shared.transport.decorator.EurekaHttpClientDecorator$2.execute(EurekaHttpClientDecorator.java:74)
	at com.netflix.discovery.shared.transport.decorator.SessionedEurekaHttpClient.execute(SessionedEurekaHttpClient.java:76)
	at com.netflix.discovery.shared.transport.decorator.EurekaHttpClientDecorator.cancel(EurekaHttpClientDecorator.java:71)
	at com.netflix.discovery.DiscoveryClient.unregister(DiscoveryClient.java:919)
	at com.netflix.discovery.DiscoveryClient.shutdown(DiscoveryClient.java:900)
	at java.base/jdk.internal.reflect.DirectMethodHandleAccessor.invoke(DirectMethodHandleAccessor.java:104)
	at java.base/java.lang.reflect.Method.invoke(Method.java:565)
	at org.springframework.beans.factory.annotation.InitDestroyAnnotationBeanPostProcessor$LifecycleMethod.invoke(InitDestroyAnnotationBeanPostProcessor.java:453)
	at org.springframework.beans.factory.annotation.InitDestroyAnnotationBeanPostProcessor$LifecycleMetadata.invokeDestroyMethods(InitDestroyAnnotationBeanPostProcessor.java:411)
	at org.springframework.beans.factory.annotation.InitDestroyAnnotationBeanPostProcessor.postProcessBeforeDestruction(InitDestroyAnnotationBeanPostProcessor.java:237)
	at org.springframework.beans.factory.support.DisposableBeanAdapter.destroy(DisposableBeanAdapter.java:200)
	at org.springframework.beans.factory.support.DisposableBeanAdapter.run(DisposableBeanAdapter.java:193)
	at org.springframework.cloud.context.scope.GenericScope$BeanLifecycleWrapper.destroy(GenericScope.java:387)
	at org.springframework.cloud.context.scope.GenericScope.destroy(GenericScope.java:134)
	at org.springframework.beans.factory.support.DisposableBeanAdapter.destroy(DisposableBeanAdapter.java:209)
	at org.springframework.beans.factory.support.DefaultSingletonBeanRegistry.destroyBean(DefaultSingletonBeanRegistry.java:795)
	at org.springframework.beans.factory.support.DefaultSingletonBeanRegistry.destroySingleton(DefaultSingletonBeanRegistry.java:745)
	at org.springframework.beans.factory.support.DefaultListableBeanFactory.destroySingleton(DefaultListableBeanFactory.java:1500)
	at org.springframework.beans.factory.support.DefaultSingletonBeanRegistry.destroySingletons(DefaultSingletonBeanRegistry.java:704)
	at org.springframework.beans.factory.support.DefaultListableBeanFactory.destroySingletons(DefaultListableBeanFactory.java:1493)
	at org.springframework.context.support.AbstractApplicationContext.destroyBeans(AbstractApplicationContext.java:1246)
	at org.springframework.context.support.AbstractApplicationContext.doClose(AbstractApplicationContext.java:1207)
	at org.springframework.boot.web.server.servlet.context.ServletWebServerApplicationContext.doClose(ServletWebServerApplicationContext.java:176)
	at org.springframework.context.support.AbstractApplicationContext.close(AbstractApplicationContext.java:1153)
	at org.springframework.boot.SpringApplicationShutdownHook.closeAndWait(SpringApplicationShutdownHook.java:147)
	at java.base/java.lang.Iterable.forEach(Iterable.java:75)
	at org.springframework.boot.SpringApplicationShutdownHook.run(SpringApplicationShutdownHook.java:116)
	at java.base/java.lang.Thread.run(Thread.java:1474)
2026-09-30 17:37:07 INFO  [SpringApplicationShutdownHook] traceId= spanId= c.netflix.discovery.DiscoveryClient : Completed shut down of DiscoveryClient
